Microchip MPLAB XC8 Compiler V2.31

Linker command line:

-W-3 --edf=C:\Program Files\Microchip\xc8\v2.31\pic\dat\en_msgs.txt -cn \
  -h+dist/default/production\ililib.X.production.sym \
  --cmf=dist/default/production\ililib.X.production.cmf -z -Q16F18875 \
  -oC:\Users\sseba\AppData\Local\Temp\sfl8.2 --defsym=__MPLAB_BUILD=1 \
  -Mdist/default/production/ililib.X.production.map -E1 -ver=XC8 Compiler \
  --acfsm=1493 -ASTACK=020CAh-023EFh -pstack=STACK -ACODE=00h-07FFhx4 \
  -ASTRCODE=00h-01FFFh -ASTRING=00h-0FFhx32 -ACONST=00h-0FFhx32 \
  -AENTRY=00h-0FFhx32 -ACOMMON=070h-07Fh -ABANK0=020h-06Fh \
  -ABANK1=0A0h-0EFh -ABANK2=0120h-016Fh -ABANK3=01A0h-01EFh \
  -ABANK4=0220h-026Fh -ABANK5=02A0h-02EFh -ABANK6=0320h-036Fh \
  -ABANK7=03A0h-03EFh -ABANK8=0420h-046Fh -ABANK9=04A0h-04EFh \
  -ABANK10=0520h-056Fh -ABANK11=05A0h-05EFh -ABANK12=0620h-064Fh \
  -ABIGRAM=02000h-023EFh \
  -ARAM=020h-06Fh,0A0h-0EFh,0120h-016Fh,01A0h-01EFh,0220h-026Fh,02A0h-02EFh,0320h-036Fh,03A0h-03EFh,0420h-046Fh,04A0h-04EFh,0520h-056Fh,05A0h-05EFh,0620h-064Fh \
  -AABS1=020h-07Fh,0A0h-0EFh,0120h-016Fh,01A0h-01EFh,0220h-026Fh,02A0h-02EFh,0320h-036Fh,03A0h-03EFh,0420h-046Fh,04A0h-04EFh,0520h-056Fh,05A0h-05EFh,0620h-064Fh \
  -ASFR0=00h-01Fh -ASFR1=080h-09Fh -ASFR2=0100h-011Fh -ASFR3=0180h-019Fh \
  -ASFR4=0200h-021Fh -ASFR5=0280h-029Fh -ASFR6=0300h-031Fh \
  -ASFR7=0380h-039Fh -ASFR8=0400h-041Fh -ASFR9=0480h-049Fh \
  -ASFR10=0500h-051Fh -ASFR11=0580h-059Fh -ASFR12=0600h-061Fh \
  -ASFR13=0680h-06EFh -ASFR14=0700h-076Fh -ASFR15=0780h-07EFh \
  -ASFR16=0800h-086Fh -ASFR17=0880h-08EFh -ASFR18=0900h-096Fh \
  -ASFR19=0980h-09EFh -ASFR20=0A00h-0A6Fh -ASFR21=0A80h-0AEFh \
  -ASFR22=0B00h-0B6Fh -ASFR23=0B80h-0BEFh -ASFR24=0C00h-0C6Fh \
  -ASFR25=0C80h-0CEFh -ASFR26=0D00h-0D6Fh -ASFR27=0D80h-0DEFh \
  -ASFR28=0E00h-0E6Fh -ASFR29=0E80h-0EEFh -ASFR30=0F00h-0F6Fh \
  -ASFR31=0F80h-0FEFh -ACONFIG=08007h-0800Bh -DCONFIG=2 \
  -AIDLOC=08000h-08003h -DIDLOC=2 -AEEDATA=00h-0FFh/0F000h \
  -peeprom_data=EEDATA -DEEDATA=2 -DCODE=2 -DSTRCODE=2 -DSTRING=2 -DCONST=2 \
  -DENTRY=2 -preset_vec=00h,intentry=04h,init,end_init -ppowerup=CODE \
  -pcinit=CODE -pfunctab=ENTRY -k C:\Users\sseba\AppData\Local\Temp\sfl8.o \
  dist/default/production\ililib.X.production.o 

Object code version is 3.11

Machine type is 16F18875



                Name                               Link     Load   Length Selector   Space Scale
C:\Users\sseba\AppData\Local\Temp\sfl8.o
                end_init                             14       14        2        8       0
                reset_vec                             0        0        2        0       0
                config                             8007     8007        5        0       4
dist/default/production\ililib.X.production.o
                cinit                                16       16       31        8       0
                intentry                              4        4       10        8       0
                config                             8007     8007        5        0       4
                text60                             1F64     1F64        4     3EC8       0
                text59                             1F5B     1F5B        1     3EB6       0
                text58                             1FE2     1FE2        F     3FC4       0
                text57                             1F71     1F71        6     3EE2       0
                text56                             1F5C     1F5C        1     3EB8       0
                text55                             1FF1     1FF1        F     3FE2       0
                text54                             1F5E     1F5E        3     3EBC       0
                text53                             1F5D     1F5D        1     3EBA       0
                text52                             100B     100B        F     2016       0
                text51                             1F6C     1F6C        5     3ED8       0
                text50                             1000     1000        1     1B86       0
                text49                             101A     101A        F     2034       0
                text48                             10F8     10F8       21     21F0       0
                text46                             125C     125C       4F     24B8       0
                text45                             1F97     1F97        9     3F2E       0
                text44                             1F77     1F77        6     3EEE       0
                text43                             1F7D     1F7D        6     3EFA       0
                text42                             1F83     1F83        6     3F06       0
                text41                             1F89     1F89        6     3F12       0
                text40                             1434     1434       71     2868       0
                text39                             1F8F     1F8F        8     3F1E       0
                text38                             1029     1029       15     2052       0
                text37                             1FC8     1FC8        D     3F90       0
                text36                             10BA     10BA       1F     2174       0
                text35                             1F68     1F68        4     3ED0       0
                text34                             1FD5     1FD5        D     3FAA       0
                text33                             1FA0     1FA0        A     3F40       0
                text32                             1212     1212       4A     2424       0
                text31                             1F61     1F61        3     3EC2       0
                text30                             11D1     11D1       41     23A2       0
                text29                             14A5     14A5       80     294A       0
                text28                             119B     119B       36     2336       0
                text27                             164D     164D       D8     2C9A       0
                text26                              547      547      28A      A8E       0
                text25                             1119     1119       28     2232       0
                text24                             1FAA     1FAA        A     3F54       0
                text23                             1FB4     1FB4        A     3F68       0
                text22                             1FBE     1FBE        A     3F7C       0
                text21                             1053     1053       18     20A6       0
                text20                             12FA     12FA       61     25F4       0
                text19                              949      949      101     1292       0
                text18                              85F      85F       EA     10BE       0
                text17                             106B     106B       1A     20D6       0
                text16                                2        2        1        0       0
                text15                             12AB     12AB       4F     2556       0
                text14                             1141     1141       29     2282       0
                text13                             1085     1085       1A     210A       0
                text12                              806      806       59     100C       0
                text11                              A4A      A4A      170     1494       0
                text10                             1725     1725       DB     2E4A       0
                text9                              116A     116A       31     22D4       0
                text8                               7D1      7D1       29      A8E       0
                text7                              135B     135B       6B     26B6       0
                text6                              10D9     10D9       1F     21B2       0
                text5                              103E     103E       15     207C       0
                text4                               DC3      DC3      23D     1B86       0
                text3                              13C6     13C6       6E     278C       0
                text2                              15B2     15B2       9B     2B64       0
                text1                              1525     1525       8D     2A4A       0
                maintext                            BBA      BBA      209     1774       0
                cstackBANK0                          20       20       4F       20       1
                cstackCOMMON                         70       70        C       70       1
                cstackBANK1                          D2       D2       12       A0       1
                clrtext                             800      800        6      A8E       0
                inittext                            7FA      7FA        6      A8E       0
                dataBANK2                           140      140        A      120       1
                bssBANK2                            120      120       20      120       1
                dataBANK1                            A0       A0       1B       A0       1
                bssBANK1                             BB       BB       17       A0       1
                dataBANK0                            6F       6F        1       20       1
                bssCOMMON                            7C       7C        1       70       1
                stringtext16                       195E     195E        6     3000       0
                stringtext15                       1956     1956        8     3000       0
                stringtext14                       194C     194C        A     3000       0
                stringtext13                       1941     1941        B     3000       0
                stringtext12                       1932     1932        F     3000       0
                stringtext11                       1920     1920       12     3000       0
                stringtext10                       190E     190E       12     3000       0
                stringtext9                        18F9     18F9       15     3000       0
                stringtext8                        18E3     18E3       16     3000       0
                stringtext7                        18C7     18C7       1C     3000       0
                stringtext6                        18AA     18AA       1D     3000       0
                stringtext5                        188D     188D       1D     3000       0
                stringtext4                        186F     186F       1E     3000       0
                nvBANK1                              E4       E4        8       A0       1
                stringtext3                        1800     1800       6F     3000       0
                stringtext2                        1964     1964        4     3000       0
                stringtext1                          47       47      500       8E       0
                idataBANK2                         1001     1001        A     2002       0
                idataBANK1                         109F     109F       1B     213E       0
                idataBANK0                            3        3        1        6       0

TOTAL           Name                               Link     Load   Length     Space
        CLASS   STACK          

        CLASS   CODE           
                end_init                             14       14        2         0
                cinit                                16       16       31         0
                intentry                              4        4       10         0
                reset_vec                             0        0        2         0
                text60                             1F64     1F64        4         0
                text59                             1F5B     1F5B        1         0
                text58                             1FE2     1FE2        F         0
                text57                             1F71     1F71        6         0
                text56                             1F5C     1F5C        1         0
                text55                             1FF1     1FF1        F         0
                text54                             1F5E     1F5E        3         0
                text53                             1F5D     1F5D        1         0
                text52                             100B     100B        F         0
                text51                             1F6C     1F6C        5         0
                text50                             1000     1000        1         0
                text49                             101A     101A        F         0
                text48                             10F8     10F8       21         0
                text46                             125C     125C       4F         0
                text45                             1F97     1F97        9         0
                text44                             1F77     1F77        6         0
                text43                             1F7D     1F7D        6         0
                text42                             1F83     1F83        6         0
                text41                             1F89     1F89        6         0
                text40                             1434     1434       71         0
                text39                             1F8F     1F8F        8         0
                text38                             1029     1029       15         0
                text37                             1FC8     1FC8        D         0
                text36                             10BA     10BA       1F         0
                text35                             1F68     1F68        4         0
                text34                             1FD5     1FD5        D         0
                text33                             1FA0     1FA0        A         0
                text32                             1212     1212       4A         0
                text31                             1F61     1F61        3         0
                text30                             11D1     11D1       41         0
                text29                             14A5     14A5       80         0
                text28                             119B     119B       36         0
                text27                             164D     164D       D8         0
                text26                              547      547      28A         0
                text25                             1119     1119       28         0
                text24                             1FAA     1FAA        A         0
                text23                             1FB4     1FB4        A         0
                text22                             1FBE     1FBE        A         0
                text21                             1053     1053       18         0
                text20                             12FA     12FA       61         0
                text19                              949      949      101         0
                text18                              85F      85F       EA         0
                text17                             106B     106B       1A         0
                text16                                2        2        1         0
                text15                             12AB     12AB       4F         0
                text14                             1141     1141       29         0
                text13                             1085     1085       1A         0
                text12                              806      806       59         0
                text11                              A4A      A4A      170         0
                text10                             1725     1725       DB         0
                text9                              116A     116A       31         0
                text8                               7D1      7D1       29         0
                text7                              135B     135B       6B         0
                text6                              10D9     10D9       1F         0
                text5                              103E     103E       15         0
                text4                               DC3      DC3      23D         0
                text3                              13C6     13C6       6E         0
                text2                              15B2     15B2       9B         0
                text1                              1525     1525       8D         0
                maintext                            BBA      BBA      209         0
                clrtext                             800      800        6         0
                inittext                            7FA      7FA        6         0
                idataBANK2                         1001     1001        A         0
                idataBANK1                         109F     109F       1B         0
                idataBANK0                            3        3        1         0

        CLASS   STRCODE        
                stringtext16                       195E     195E        6         0
                stringtext15                       1956     1956        8         0
                stringtext14                       194C     194C        A         0
                stringtext13                       1941     1941        B         0
                stringtext12                       1932     1932        F         0
                stringtext11                       1920     1920       12         0
                stringtext10                       190E     190E       12         0
                stringtext9                        18F9     18F9       15         0
                stringtext8                        18E3     18E3       16         0
                stringtext7                        18C7     18C7       1C         0
                stringtext6                        18AA     18AA       1D         0
                stringtext5                        188D     188D       1D         0
                stringtext4                        186F     186F       1E         0
                stringtext3                        1800     1800       6F         0
                stringtext2                        1964     1964        4         0
                stringtext1                          47       47      500         0

        CLASS   STRING         

        CLASS   CONST          

        CLASS   ENTRY          

        CLASS   COMMON         
                cstackCOMMON                         70       70        C         1
                bssCOMMON                            7C       7C        1         1

        CLASS   BANK0          
                cstackBANK0                          20       20       4F         1
                dataBANK0                            6F       6F        1         1

        CLASS   BANK1          
                cstackBANK1                          D2       D2       12         1
                dataBANK1                            A0       A0       1B         1
                bssBANK1                             BB       BB       17         1
                nvBANK1                              E4       E4        8         1

        CLASS   BANK2          
                dataBANK2                           140      140        A         1
                bssBANK2                            120      120       20         1

        CLASS   BANK3          

        CLASS   BANK4          

        CLASS   BANK5          

        CLASS   BANK6          

        CLASS   BANK7          

        CLASS   BANK8          

        CLASS   BANK9          

        CLASS   BANK10         

        CLASS   BANK11         

        CLASS   BANK12         

        CLASS   BIGRAM         

        CLASS   RAM            

        CLASS   ABS1           
                abs_s1                               7E       7E        2         1

        CLASS   SFR0           

        CLASS   SFR1           

        CLASS   SFR2           

        CLASS   SFR3           

        CLASS   SFR4           

        CLASS   SFR5           

        CLASS   SFR6           

        CLASS   SFR7           

        CLASS   SFR8           

        CLASS   SFR9           

        CLASS   SFR10          

        CLASS   SFR11          

        CLASS   SFR12          

        CLASS   SFR13          

        CLASS   SFR14          

        CLASS   SFR15          

        CLASS   SFR16          

        CLASS   SFR17          

        CLASS   SFR18          

        CLASS   SFR19          

        CLASS   SFR20          

        CLASS   SFR21          

        CLASS   SFR22          

        CLASS   SFR23          

        CLASS   SFR24          

        CLASS   SFR25          

        CLASS   SFR26          

        CLASS   SFR27          

        CLASS   SFR28          

        CLASS   SFR29          

        CLASS   SFR30          

        CLASS   SFR31          

        CLASS   CONFIG         
                config                             8007     8007        5         4

        CLASS   IDLOC          

        CLASS   EEDATA         

        CLASS   BANK31         

        CLASS   BANK30         

        CLASS   BANK29         

        CLASS   BANK28         

        CLASS   BANK27         

        CLASS   BANK26         

        CLASS   BANK25         

        CLASS   BANK24         

        CLASS   BANK23         

        CLASS   BANK22         

        CLASS   BANK21         

        CLASS   BANK20         

        CLASS   BANK19         

        CLASS   BANK18         

        CLASS   BANK17         

        CLASS   BANK16         

        CLASS   BANK15         

        CLASS   BANK14         

        CLASS   BANK13         



SEGMENTS        Name                           Load    Length   Top    Selector   Space  Class     Delta

                reset_vec                      000000  000003  000003         0       0  CODE        2
                idataBANK0                     000003  000001  000004         6       0  CODE        2
                intentry                       000004  000043  000047         8       0  CODE        2
                cstackBANK0                    000020  000050  000070        20       1  BANK0       1
                cstackCOMMON                   000070  00000D  00007D        70       1  COMMON      1
                stringtext1                    000047  000500  000547        8E       0  STRCODE     2
                dataBANK1                      0000A0  00004C  0000EC        A0       1  BANK1       1
                bssBANK2                       000120  00002A  00014A       120       1  BANK2       1
                text26                         000547  0002BF  000806       A8E       0  CODE        2
                text12                         000806  000059  00085F      100C       0  CODE        2
                text18                         00085F  0000EA  000949      10BE       0  CODE        2
                text19                         000949  000101  000A4A      1292       0  CODE        2
                text11                         000A4A  000170  000BBA      1494       0  CODE        2
                maintext                       000BBA  000209  000DC3      1774       0  CODE        2
                text4                          000DC3  00023E  001001      1B86       0  CODE        2
                idataBANK2                     001001  00000A  00100B      2002       0  CODE        2
                text52                         00100B  00000F  00101A      2016       0  CODE        2
                text49                         00101A  00000F  001029      2034       0  CODE        2
                text38                         001029  000015  00103E      2052       0  CODE        2
                text5                          00103E  000015  001053      207C       0  CODE        2
                text21                         001053  000018  00106B      20A6       0  CODE        2
                text17                         00106B  00001A  001085      20D6       0  CODE        2
                text13                         001085  00001A  00109F      210A       0  CODE        2
                idataBANK1                     00109F  00001B  0010BA      213E       0  CODE        2
                text36                         0010BA  00001F  0010D9      2174       0  CODE        2
                text6                          0010D9  00001F  0010F8      21B2       0  CODE        2
                text48                         0010F8  000021  001119      21F0       0  CODE        2
                text25                         001119  000028  001141      2232       0  CODE        2
                text14                         001141  000029  00116A      2282       0  CODE        2
                text9                          00116A  000031  00119B      22D4       0  CODE        2
                text28                         00119B  000036  0011D1      2336       0  CODE        2
                text30                         0011D1  000041  001212      23A2       0  CODE        2
                text32                         001212  00004A  00125C      2424       0  CODE        2
                text46                         00125C  00004F  0012AB      24B8       0  CODE        2
                text15                         0012AB  00004F  0012FA      2556       0  CODE        2
                text20                         0012FA  000061  00135B      25F4       0  CODE        2
                text7                          00135B  00006B  0013C6      26B6       0  CODE        2
                text3                          0013C6  00006E  001434      278C       0  CODE        2
                text40                         001434  000071  0014A5      2868       0  CODE        2
                text29                         0014A5  000080  001525      294A       0  CODE        2
                text1                          001525  00008D  0015B2      2A4A       0  CODE        2
                text2                          0015B2  00009B  00164D      2B64       0  CODE        2
                text27                         00164D  0000D8  001725      2C9A       0  CODE        2
                text10                         001725  0000DB  001800      2E4A       0  CODE        2
                stringtext3                    001800  000168  001968      3000       0  STRCODE     2
                text59                         001F5B  000001  001F5C      3EB6       0  CODE        2
                text56                         001F5C  000001  001F5D      3EB8       0  CODE        2
                text53                         001F5D  000001  001F5E      3EBA       0  CODE        2
                text54                         001F5E  000003  001F61      3EBC       0  CODE        2
                text31                         001F61  000003  001F64      3EC2       0  CODE        2
                text60                         001F64  000004  001F68      3EC8       0  CODE        2
                text35                         001F68  000004  001F6C      3ED0       0  CODE        2
                text51                         001F6C  000005  001F71      3ED8       0  CODE        2
                text57                         001F71  000006  001F77      3EE2       0  CODE        2
                text44                         001F77  000006  001F7D      3EEE       0  CODE        2
                text43                         001F7D  000006  001F83      3EFA       0  CODE        2
                text42                         001F83  000006  001F89      3F06       0  CODE        2
                text41                         001F89  000006  001F8F      3F12       0  CODE        2
                text39                         001F8F  000008  001F97      3F1E       0  CODE        2
                text45                         001F97  000009  001FA0      3F2E       0  CODE        2
                text33                         001FA0  00000A  001FAA      3F40       0  CODE        2
                text24                         001FAA  00000A  001FB4      3F54       0  CODE        2
                text23                         001FB4  00000A  001FBE      3F68       0  CODE        2
                text22                         001FBE  00000A  001FC8      3F7C       0  CODE        2
                text37                         001FC8  00000D  001FD5      3F90       0  CODE        2
                text34                         001FD5  00000D  001FE2      3FAA       0  CODE        2
                text58                         001FE2  00000F  001FF1      3FC4       0  CODE        2
                text55                         001FF1  00000F  002000      3FE2       0  CODE        2


UNUSED ADDRESS RANGES

        Name                Unused          Largest block    Delta
        BANK1            000EC-000EF               4           1
        BANK10           00520-0056F              50           1
        BANK11           005A0-005EF              50           1
        BANK12           00620-0064F              30           1
        BANK2            0014A-0016F              26           1
        BANK3            001A0-001EF              50           1
        BANK4            00220-0026F              50           1
        BANK5            002A0-002EF              50           1
        BANK6            00320-0036F              50           1
        BANK7            003A0-003EF              50           1
        BANK8            00420-0046F              50           1
        BANK9            004A0-004EF              50           1
        BIGRAM           02000-023EF             3F0           1
        CODE             01968-01F5A             5F3           2
        COMMON           0007D-0007D               1           1
        CONST            01968-01F5A             100           2
        EEDATA           0F000-0F0FF             100           2
        ENTRY            01968-01F5A             100           2
        IDLOC            08000-08003               4           2
        RAM              000EC-000EF               4           1
                         0014A-0016F              26
                         001A0-001EF              50
                         00220-0026F              50
                         002A0-002EF              50
                         00320-0036F              50
                         003A0-003EF              50
                         00420-0046F              50
                         004A0-004EF              50
                         00520-0056F              50
                         005A0-005EF              50
                         00620-0064F              30
        SFR0             00000-0001F              20           1
        SFR1             00080-0009F              20           1
        SFR10            00500-0051F              20           1
        SFR11            00580-0059F              20           1
        SFR12            00600-0061F              20           1
        SFR13            00680-006EF              70           1
        SFR14            00700-0076F              70           1
        SFR15            00780-007EF              70           1
        SFR16            00800-0086F              70           1
        SFR17            00880-008EF              70           1
        SFR18            00900-0096F              70           1
        SFR19            00980-009EF              70           1
        SFR2             00100-0011F              20           1
        SFR20            00A00-00A6F              70           1
        SFR21            00A80-00AEF              70           1
        SFR22            00B00-00B6F              70           1
        SFR23            00B80-00BEF              70           1
        SFR24            00C00-00C6F              70           1
        SFR25            00C80-00CEF              70           1
        SFR26            00D00-00D6F              70           1
        SFR27            00D80-00DEF              70           1
        SFR28            00E00-00E6F              70           1
        SFR29            00E80-00EEF              70           1
        SFR3             00180-0019F              20           1
        SFR30            00F00-00F6F              70           1
        SFR31            00F80-00FEF              70           1
        SFR4             00200-0021F              20           1
        SFR5             00280-0029F              20           1
        SFR6             00300-0031F              20           1
        SFR7             00380-0039F              20           1
        SFR8             00400-0041F              20           1
        SFR9             00480-0049F              20           1
        STACK            020CA-023EF             326           1
        STRCODE          01968-01F5A             5F3           2
        STRING           01968-01F5A             100           2

                                  Symbol Table

?___aodiv                                   cstackBANK0  00020
?___aomod                                   cstackBANK0  00020
?___lmul                                    cstackCOMMON 00071
?___wmul                                    cstackCOMMON 00071
?_abs                                       cstackCOMMON 00074
?_dtoa                                      cstackBANK0  00030
?_pad                                       cstackBANK0  00027
?_sprintf                                   cstackBANK0  00066
?_strlen                                    cstackCOMMON 00071
?_vfpfcnvrt                                 cstackBANK0  0004E
?_vfprintf                                  cstackBANK0  0005E
IOCAF1_SetInterruptHandler@InterruptHandler cstackCOMMON 00071
IOCAF2_SetInterruptHandler@InterruptHandler cstackCOMMON 00071
IOCBF4_SetInterruptHandler@InterruptHandler cstackCOMMON 00071
IOCCF5_SetInterruptHandler@InterruptHandler cstackCOMMON 00071
SPI1_ExchangeByte@data                      cstackCOMMON 00071
SPI1_Open@spi1UniqueConfiguration           cstackCOMMON 00074
_ANSELA                                     (abs)        00F38
_ANSELB                                     (abs)        00F43
_ANSELC                                     (abs)        00F4E
_ANSELD                                     (abs)        00F59
_ANSELE                                     (abs)        00F64
_INLVLA                                     (abs)        00F3C
_INLVLB                                     (abs)        00F47
_INLVLC                                     (abs)        00F52
_INLVLD                                     (abs)        00F5D
_INLVLE                                     (abs)        00F68
_INTCONbits                                 (abs)        0000B
_INTERRUPT_InterruptManager                 intentry     00004
_IOCAF1_DefaultInterruptHandler             text59       01F5B
_IOCAF1_ISR                                 text58       01FE2
_IOCAF1_InterruptHandler                    nvBANK1      000EA
_IOCAF1_SetInterruptHandler                 text44       01F77
_IOCAF2_DefaultInterruptHandler             text56       01F5C
_IOCAF2_ISR                                 text55       01FF1
_IOCAF2_InterruptHandler                    nvBANK1      000E8
_IOCAF2_SetInterruptHandler                 text43       01F7D
_IOCAFbits                                  (abs)        00F3F
_IOCANbits                                  (abs)        00F3E
_IOCAPbits                                  (abs)        00F3D
_IOCBF4_DefaultInterruptHandler             text53       01F5D
_IOCBF4_ISR                                 text52       0100B
_IOCBF4_InterruptHandler                    nvBANK1      000E6
_IOCBF4_SetInterruptHandler                 text42       01F83
_IOCBFbits                                  (abs)        00F4A
_IOCBNbits                                  (abs)        00F49
_IOCBPbits                                  (abs)        00F48
_IOCCF5_DefaultInterruptHandler             text50       01000
_IOCCF5_ISR                                 text49       0101A
_IOCCF5_InterruptHandler                    nvBANK1      000E4
_IOCCF5_SetInterruptHandler                 text41       01F89
_IOCCFbits                                  (abs)        00F55
_IOCCNbits                                  (abs)        00F54
_IOCCPbits                                  (abs)        00F53
_LATA                                       (abs)        00016
_LATAbits                                   (abs)        00016
_LATB                                       (abs)        00017
_LATC                                       (abs)        00018
_LATCbits                                   (abs)        00018
_LATD                                       (abs)        00019
_LATE                                       (abs)        0001A
_ODCONA                                     (abs)        00F3A
_ODCONB                                     (abs)        00F45
_ODCONC                                     (abs)        00F50
_ODCOND                                     (abs)        00F5B
_ODCONE                                     (abs)        00F66
_OSCCON1                                    (abs)        0088D
_OSCCON3                                    (abs)        0088F
_OSCEN                                      (abs)        00891
_OSCFRQ                                     (abs)        00893
_OSCILLATOR_Initialize                      text45       01F97
_OSCTUNE                                    (abs)        00892
_PIE0bits                                   (abs)        00716
_PIN_MANAGER_IOC                            text48       010F8
_PIN_MANAGER_Initialize                     text40       01434
_PIR0bits                                   (abs)        0070C
_PIR3bits                                   (abs)        0070F
_PMD0                                       (abs)        00796
_PMD1                                       (abs)        00797
_PMD2                                       (abs)        00798
_PMD3                                       (abs)        00799
_PMD4                                       (abs)        0079A
_PMD5                                       (abs)        0079B
_PMD_Initialize                             text39       01F8F
_PORTAbits                                  (abs)        0000C
_RC3PPS                                     (abs)        00F23
_RC6PPS                                     (abs)        00F26
_SLRCONA                                    (abs)        00F3B
_SLRCONB                                    (abs)        00F46
_SLRCONC                                    (abs)        00F51
_SLRCOND                                    (abs)        00F5C
_SLRCONE                                    (abs)        00F67
_SPI1_ExchangeByte                          text34       01FD5
_SPI1_Initialize                            text38       01029
_SPI1_Open                                  text46       0125C
_SSP1ADD                                    (abs)        0018D
_SSP1BUF                                    (abs)        0018C
_SSP1CLKPPS                                 (abs)        00EC5
_SSP1CON1                                   (abs)        00190
_SSP1CON1bits                               (abs)        00190
_SSP1CON2                                   (abs)        00191
_SSP1DATPPS                                 (abs)        00EC6
_SSP1STAT                                   (abs)        0018F
_SYSTEM_Initialize                          text37       01FC8
_TRISA                                      (abs)        00011
_TRISB                                      (abs)        00012
_TRISC                                      (abs)        00013
_TRISCbits                                  (abs)        00013
_TRISD                                      (abs)        00014
_TRISE                                      (abs)        00015
_WPUA                                       (abs)        00F39
_WPUB                                       (abs)        00F44
_WPUC                                       (abs)        00F4F
_WPUD                                       (abs)        00F5A
_WPUE                                       (abs)        00F65
__Habs1                                     abs1         00000
__Hbank0                                    bank0        00000
__Hbank1                                    bank1        00000
__Hbank10                                   bank10       00000
__Hbank11                                   bank11       00000
__Hbank12                                   bank12       00000
__Hbank13                                   bank13       00000
__Hbank14                                   bank14       00000
__Hbank15                                   bank15       00000
__Hbank16                                   bank16       00000
__Hbank17                                   bank17       00000
__Hbank18                                   bank18       00000
__Hbank19                                   bank19       00000
__Hbank2                                    bank2        00000
__Hbank20                                   bank20       00000
__Hbank21                                   bank21       00000
__Hbank22                                   bank22       00000
__Hbank23                                   bank23       00000
__Hbank24                                   bank24       00000
__Hbank25                                   bank25       00000
__Hbank26                                   bank26       00000
__Hbank27                                   bank27       00000
__Hbank28                                   bank28       00000
__Hbank29                                   bank29       00000
__Hbank3                                    bank3        00000
__Hbank30                                   bank30       00000
__Hbank31                                   bank31       00000
__Hbank4                                    bank4        00000
__Hbank5                                    bank5        00000
__Hbank6                                    bank6        00000
__Hbank7                                    bank7        00000
__Hbank8                                    bank8        00000
__Hbank9                                    bank9        00000
__Hbigram                                   bigram       00000
__HbssBANK1                                 bssBANK1     00000
__HbssBANK2                                 bssBANK2     00000
__HbssCOMMON                                bssCOMMON    00000
__Hcinit                                    cinit        00047
__Hclrtext                                  clrtext      00000
__Hcode                                     code         00000
__Hcommon                                   common       00000
__Hconfig                                   config       0800C
__HcstackBANK0                              cstackBANK0  00000
__HcstackBANK1                              cstackBANK1  00000
__HcstackCOMMON                             cstackCOMMON 00000
__HdataBANK0                                dataBANK0    00000
__HdataBANK1                                dataBANK1    00000
__HdataBANK2                                dataBANK2    00000
__Heeprom_data                              eeprom_data  00000
__Hend_init                                 end_init     00016
__Hfunctab                                  functab      00000
__HidataBANK0                               idataBANK0   00000
__HidataBANK1                               idataBANK1   00000
__HidataBANK2                               idataBANK2   00000
__Hinit                                     init         00014
__Hinittext                                 inittext     00000
__Hintentry                                 intentry     00014
__Hmaintext                                 maintext     00000
__HnvBANK1                                  nvBANK1      00000
__Hpowerup                                  powerup      00000
__Hram                                      ram          00000
__Hreset_vec                                reset_vec    00002
__Hsfr0                                     sfr0         00000
__Hsfr1                                     sfr1         00000
__Hsfr10                                    sfr10        00000
__Hsfr11                                    sfr11        00000
__Hsfr12                                    sfr12        00000
__Hsfr13                                    sfr13        00000
__Hsfr14                                    sfr14        00000
__Hsfr15                                    sfr15        00000
__Hsfr16                                    sfr16        00000
__Hsfr17                                    sfr17        00000
__Hsfr18                                    sfr18        00000
__Hsfr19                                    sfr19        00000
__Hsfr2                                     sfr2         00000
__Hsfr20                                    sfr20        00000
__Hsfr21                                    sfr21        00000
__Hsfr22                                    sfr22        00000
__Hsfr23                                    sfr23        00000
__Hsfr24                                    sfr24        00000
__Hsfr25                                    sfr25        00000
__Hsfr26                                    sfr26        00000
__Hsfr27                                    sfr27        00000
__Hsfr28                                    sfr28        00000
__Hsfr29                                    sfr29        00000
__Hsfr3                                     sfr3         00000
__Hsfr30                                    sfr30        00000
__Hsfr31                                    sfr31        00000
__Hsfr4                                     sfr4         00000
__Hsfr5                                     sfr5         00000
__Hsfr6                                     sfr6         00000
__Hsfr7                                     sfr7         00000
__Hsfr8                                     sfr8         00000
__Hsfr9                                     sfr9         00000
__Hspace_0                                  (abs)        02000
__Hspace_1                                  (abs)        0014A
__Hspace_2                                  (abs)        00000
__Hspace_3                                  (abs)        00000
__Hspace_4                                  (abs)        10013
__Hstack                                    stack        00000
__Hstrings                                  strings      00000
__Hstringtext1                              stringtext1  00000
__Hstringtext10                             stringtext10 00000
__Hstringtext11                             stringtext11 00000
__Hstringtext12                             stringtext12 00000
__Hstringtext13                             stringtext13 00000
__Hstringtext14                             stringtext14 00000
__Hstringtext15                             stringtext15 00000
__Hstringtext16                             stringtext16 00000
__Hstringtext17                             stringtext17 00000
__Hstringtext2                              stringtext2  00000
__Hstringtext3                              stringtext3  00000
__Hstringtext4                              stringtext4  00000
__Hstringtext5                              stringtext5  00000
__Hstringtext6                              stringtext6  00000
__Hstringtext7                              stringtext7  00000
__Hstringtext8                              stringtext8  00000
__Hstringtext9                              stringtext9  00000
__Htext                                     text         00000
__Labs1                                     abs1         00000
__Lbank0                                    bank0        00000
__Lbank1                                    bank1        00000
__Lbank10                                   bank10       00000
__Lbank11                                   bank11       00000
__Lbank12                                   bank12       00000
__Lbank13                                   bank13       00000
__Lbank14                                   bank14       00000
__Lbank15                                   bank15       00000
__Lbank16                                   bank16       00000
__Lbank17                                   bank17       00000
__Lbank18                                   bank18       00000
__Lbank19                                   bank19       00000
__Lbank2                                    bank2        00000
__Lbank20                                   bank20       00000
__Lbank21                                   bank21       00000
__Lbank22                                   bank22       00000
__Lbank23                                   bank23       00000
__Lbank24                                   bank24       00000
__Lbank25                                   bank25       00000
__Lbank26                                   bank26       00000
__Lbank27                                   bank27       00000
__Lbank28                                   bank28       00000
__Lbank29                                   bank29       00000
__Lbank3                                    bank3        00000
__Lbank30                                   bank30       00000
__Lbank31                                   bank31       00000
__Lbank4                                    bank4        00000
__Lbank5                                    bank5        00000
__Lbank6                                    bank6        00000
__Lbank7                                    bank7        00000
__Lbank8                                    bank8        00000
__Lbank9                                    bank9        00000
__Lbigram                                   bigram       00000
__LbssBANK1                                 bssBANK1     00000
__LbssBANK2                                 bssBANK2     00000
__LbssCOMMON                                bssCOMMON    00000
__Lcinit                                    cinit        00016
__Lclrtext                                  clrtext      00000
__Lcode                                     code         00000
__Lcommon                                   common       00000
__Lconfig                                   config       00000
__LcstackBANK0                              cstackBANK0  00000
__LcstackBANK1                              cstackBANK1  00000
__LcstackCOMMON                             cstackCOMMON 00000
__LdataBANK0                                dataBANK0    00000
__LdataBANK1                                dataBANK1    00000
__LdataBANK2                                dataBANK2    00000
__Leeprom_data                              eeprom_data  00000
__Lend_init                                 end_init     00014
__Lfunctab                                  functab      00000
__LidataBANK0                               idataBANK0   00000
__LidataBANK1                               idataBANK1   00000
__LidataBANK2                               idataBANK2   00000
__Linit                                     init         00014
__Linittext                                 inittext     00000
__Lintentry                                 intentry     00004
__Lmaintext                                 maintext     00000
__LnvBANK1                                  nvBANK1      00000
__Lpowerup                                  powerup      00000
__Lram                                      ram          00000
__Lreset_vec                                reset_vec    00000
__Lsfr0                                     sfr0         00000
__Lsfr1                                     sfr1         00000
__Lsfr10                                    sfr10        00000
__Lsfr11                                    sfr11        00000
__Lsfr12                                    sfr12        00000
__Lsfr13                                    sfr13        00000
__Lsfr14                                    sfr14        00000
__Lsfr15                                    sfr15        00000
__Lsfr16                                    sfr16        00000
__Lsfr17                                    sfr17        00000
__Lsfr18                                    sfr18        00000
__Lsfr19                                    sfr19        00000
__Lsfr2                                     sfr2         00000
__Lsfr20                                    sfr20        00000
__Lsfr21                                    sfr21        00000
__Lsfr22                                    sfr22        00000
__Lsfr23                                    sfr23        00000
__Lsfr24                                    sfr24        00000
__Lsfr25                                    sfr25        00000
__Lsfr26                                    sfr26        00000
__Lsfr27                                    sfr27        00000
__Lsfr28                                    sfr28        00000
__Lsfr29                                    sfr29        00000
__Lsfr3                                     sfr3         00000
__Lsfr30                                    sfr30        00000
__Lsfr31                                    sfr31        00000
__Lsfr4                                     sfr4         00000
__Lsfr5                                     sfr5         00000
__Lsfr6                                     sfr6         00000
__Lsfr7                                     sfr7         00000
__Lsfr8                                     sfr8         00000
__Lsfr9                                     sfr9         00000
__Lspace_0                                  (abs)        00000
__Lspace_1                                  (abs)        00000
__Lspace_2                                  (abs)        00000
__Lspace_3                                  (abs)        00000
__Lspace_4                                  (abs)        00000
__Lstack                                    stack        00000
__Lstrings                                  strings      00000
__Lstringtext1                              stringtext1  00000
__Lstringtext10                             stringtext10 00000
__Lstringtext11                             stringtext11 00000
__Lstringtext12                             stringtext12 00000
__Lstringtext13                             stringtext13 00000
__Lstringtext14                             stringtext14 00000
__Lstringtext15                             stringtext15 00000
__Lstringtext16                             stringtext16 00000
__Lstringtext17                             stringtext17 00000
__Lstringtext2                              stringtext2  00000
__Lstringtext3                              stringtext3  00000
__Lstringtext4                              stringtext4  00000
__Lstringtext5                              stringtext5  00000
__Lstringtext6                              stringtext6  00000
__Lstringtext7                              stringtext7  00000
__Lstringtext8                              stringtext8  00000
__Lstringtext9                              stringtext9  00000
__Ltext                                     text         00000
__S0                                        (abs)        02000
__S1                                        (abs)        0014A
__S2                                        (abs)        00000
__S3                                        (abs)        00000
___aodiv                                    text19       00949
___aodiv@counter                            cstackCOMMON 00072
___aodiv@dividend                           cstackBANK0  00028
___aodiv@divisor                            cstackBANK0  00020
___aodiv@quotient                           cstackCOMMON 00074
___aodiv@sign                               cstackCOMMON 00073
___aomod                                    text18       0085F
___aomod@counter                            cstackCOMMON 00072
___aomod@dividend                           cstackBANK0  00028
___aomod@divisor                            cstackBANK0  00020
___aomod@sign                               cstackCOMMON 00073
___bmul                                     text5        0103E
___bmul@multiplicand                        cstackCOMMON 00071
___bmul@multiplier                          cstackCOMMON 00074
___bmul@product                             cstackCOMMON 00073
___int_sp                                   stack        00000
___latbits                                  (abs)        00002
___lmul                                     text28       0119B
___lmul@multiplicand                        cstackCOMMON 00075
___lmul@multiplier                          cstackCOMMON 00071
___lmul@product                             cstackBANK0  00020
___sp                                       stack        00000
___stackhi                                  (abs)        023EF
___stacklo                                  (abs)        020CA
___wmul                                     text36       010BA
___wmul@multiplicand                        cstackCOMMON 00073
___wmul@multiplier                          cstackCOMMON 00071
___wmul@product                             cstackCOMMON 00075
__end_of_INTERRUPT_InterruptManager         intentry     00014
__end_of_IOCAF1_DefaultInterruptHandler     text59       01F5C
__end_of_IOCAF1_ISR                         text58       01FF1
__end_of_IOCAF1_SetInterruptHandler         text44       01F7D
__end_of_IOCAF2_DefaultInterruptHandler     text56       01F5D
__end_of_IOCAF2_ISR                         text55       02000
__end_of_IOCAF2_SetInterruptHandler         text43       01F83
__end_of_IOCBF4_DefaultInterruptHandler     text53       01F5E
__end_of_IOCBF4_ISR                         text52       0101A
__end_of_IOCBF4_SetInterruptHandler         text42       01F89
__end_of_IOCCF5_DefaultInterruptHandler     text50       01001
__end_of_IOCCF5_ISR                         text49       01029
__end_of_IOCCF5_SetInterruptHandler         text41       01F8F
__end_of_OSCILLATOR_Initialize              text45       01FA0
__end_of_PIN_MANAGER_IOC                    text48       01119
__end_of_PIN_MANAGER_Initialize             text40       014A5
__end_of_PMD_Initialize                     text39       01F97
__end_of_SPI1_ExchangeByte                  text34       01FE2
__end_of_SPI1_Initialize                    text38       0103E
__end_of_SPI1_Open                          text46       012AB
__end_of_SYSTEM_Initialize                  text37       01FD5
__end_of___aodiv                            text19       00A4A
__end_of___aomod                            text18       00949
__end_of___bmul                             text5        01053
__end_of___lmul                             text28       011D1
__end_of___wmul                             text36       010D9
__end_of__initialization                    cinit        00043
__end_of_abs                                text17       01085
__end_of_ctrl_der                           text51       01F71
__end_of_ctrl_der2                          text57       01F77
__end_of_ctrl_izq                           text54       01F61
__end_of_ctrl_izq2                          text60       01F68
__end_of_dibujarMarcador                    text7        013C6
__end_of_disp_texto                         text25       01141
__end_of_display_customChar                 text4        01000
__end_of_display_drawCustomChar             text3        01434
__end_of_display_print                      text26       007D1
__end_of_display_setCursor                  text24       01FB4
__end_of_display_setTextColor               text23       01FBE
__end_of_display_setTextColor2              text22       01FC8
__end_of_display_setTextSize                text21       0106B
__end_of_drawPixel                          text30       01212
__end_of_drawVLine                          text29       01525
__end_of_dtoa                               text11       00BBA
__end_of_endWrite                           text35       01F6C
__end_of_fillRect                           text27       01725
__end_of_fillScreen                         text6        010F8
__end_of_font                               stringtext1  00547
__end_of_fputc                              text15       012FA
__end_of_fputs                              text14       0116A
__end_of_initcmd                            stringtext3  0186F
__end_of_main                               maintext     00DC3
__end_of_moverJugador                       text2        0164D
__end_of_pad                                text12       0085F
__end_of_putch                              text16       00003
__end_of_setAddrWindow                      text32       0125C
__end_of_setRotation                        text20       0135B
__end_of_spi1_configuration                 stringtext2  01968
__end_of_sprintf                            text8        007FA
__end_of_startWrite                         text31       01F64
__end_of_strlen                             text13       0109F
__end_of_tft_begin                          text1        015B2
__end_of_vfpfcnvrt                          text10       01800
__end_of_vfprintf                           text9        0119B
__end_of_writeCommand                       text33       01FAA
__height                                    bssBANK1     000C7
__initialization                            cinit        00016
__pbssBANK1                                 bssBANK1     000BB
__pbssBANK2                                 bssBANK2     00120
__pbssCOMMON                                bssCOMMON    0007C
__pcstackBANK0                              cstackBANK0  00020
__pcstackBANK1                              cstackBANK1  000D2
__pcstackCOMMON                             cstackCOMMON 00070
__pdataBANK0                                dataBANK0    0006F
__pdataBANK1                                dataBANK1    000A0
__pdataBANK2                                dataBANK2    00140
__pidataBANK0                               idataBANK0   00003
__pidataBANK1                               idataBANK1   0109F
__pidataBANK2                               idataBANK2   01001
__pintentry                                 intentry     00004
__pmaintext                                 maintext     00BBA
__pnvBANK1                                  nvBANK1      000E4
__pstringtext1                              stringtext1  00047
__pstringtext10                             stringtext10 0190E
__pstringtext11                             stringtext11 01920
__pstringtext12                             stringtext12 01932
__pstringtext13                             stringtext13 01941
__pstringtext14                             stringtext14 0194C
__pstringtext15                             stringtext15 01956
__pstringtext16                             stringtext16 0195E
__pstringtext17                             stringtext17 00000
__pstringtext2                              stringtext2  01964
__pstringtext3                              stringtext3  01800
__pstringtext4                              stringtext4  0186F
__pstringtext5                              stringtext5  0188D
__pstringtext6                              stringtext6  018AA
__pstringtext7                              stringtext7  018C7
__pstringtext8                              stringtext8  018E3
__pstringtext9                              stringtext9  018F9
__ptext1                                    text1        01525
__ptext10                                   text10       01725
__ptext11                                   text11       00A4A
__ptext12                                   text12       00806
__ptext13                                   text13       01085
__ptext14                                   text14       01141
__ptext15                                   text15       012AB
__ptext16                                   text16       00002
__ptext17                                   text17       0106B
__ptext18                                   text18       0085F
__ptext19                                   text19       00949
__ptext2                                    text2        015B2
__ptext20                                   text20       012FA
__ptext21                                   text21       01053
__ptext22                                   text22       01FBE
__ptext23                                   text23       01FB4
__ptext24                                   text24       01FAA
__ptext25                                   text25       01119
__ptext26                                   text26       00547
__ptext27                                   text27       0164D
__ptext28                                   text28       0119B
__ptext29                                   text29       014A5
__ptext3                                    text3        013C6
__ptext30                                   text30       011D1
__ptext31                                   text31       01F61
__ptext32                                   text32       01212
__ptext33                                   text33       01FA0
__ptext34                                   text34       01FD5
__ptext35                                   text35       01F68
__ptext36                                   text36       010BA
__ptext37                                   text37       01FC8
__ptext38                                   text38       01029
__ptext39                                   text39       01F8F
__ptext4                                    text4        00DC3
__ptext40                                   text40       01434
__ptext41                                   text41       01F89
__ptext42                                   text42       01F83
__ptext43                                   text43       01F7D
__ptext44                                   text44       01F77
__ptext45                                   text45       01F97
__ptext46                                   text46       0125C
__ptext48                                   text48       010F8
__ptext49                                   text49       0101A
__ptext5                                    text5        0103E
__ptext50                                   text50       01000
__ptext51                                   text51       01F6C
__ptext52                                   text52       0100B
__ptext53                                   text53       01F5D
__ptext54                                   text54       01F5E
__ptext55                                   text55       01FF1
__ptext56                                   text56       01F5C
__ptext57                                   text57       01F71
__ptext58                                   text58       01FE2
__ptext59                                   text59       01F5B
__ptext6                                    text6        010D9
__ptext60                                   text60       01F64
__ptext7                                    text7        0135B
__ptext8                                    text8        007D1
__ptext9                                    text9        0116A
__size_of_INTERRUPT_InterruptManager        (abs)        00000
__size_of_IOCAF1_DefaultInterruptHandler    (abs)        00000
__size_of_IOCAF1_ISR                        (abs)        00000
__size_of_IOCAF1_SetInterruptHandler        (abs)        00000
__size_of_IOCAF2_DefaultInterruptHandler    (abs)        00000
__size_of_IOCAF2_ISR                        (abs)        00000
__size_of_IOCAF2_SetInterruptHandler        (abs)        00000
__size_of_IOCBF4_DefaultInterruptHandler    (abs)        00000
__size_of_IOCBF4_ISR                        (abs)        00000
__size_of_IOCBF4_SetInterruptHandler        (abs)        00000
__size_of_IOCCF5_DefaultInterruptHandler    (abs)        00000
__size_of_IOCCF5_ISR                        (abs)        00000
__size_of_IOCCF5_SetInterruptHandler        (abs)        00000
__size_of_OSCILLATOR_Initialize             (abs)        00000
__size_of_PIN_MANAGER_IOC                   (abs)        00000
__size_of_PIN_MANAGER_Initialize            (abs)        00000
__size_of_PMD_Initialize                    (abs)        00000
__size_of_SPI1_ExchangeByte                 (abs)        00000
__size_of_SPI1_Initialize                   (abs)        00000
__size_of_SPI1_Open                         (abs)        00000
__size_of_SYSTEM_Initialize                 (abs)        00000
__size_of___aodiv                           (abs)        00000
__size_of___aomod                           (abs)        00000
__size_of___bmul                            (abs)        00000
__size_of___lmul                            (abs)        00000
__size_of___wmul                            (abs)        00000
__size_of_abs                               (abs)        00000
__size_of_ctrl_der                          (abs)        00000
__size_of_ctrl_der2                         (abs)        00000
__size_of_ctrl_izq                          (abs)        00000
__size_of_ctrl_izq2                         (abs)        00000
__size_of_dibujarMarcador                   (abs)        00000
__size_of_disp_texto                        (abs)        00000
__size_of_display_customChar                (abs)        00000
__size_of_display_drawCustomChar            (abs)        00000
__size_of_display_print                     (abs)        00000
__size_of_display_setCursor                 (abs)        00000
__size_of_display_setTextColor              (abs)        00000
__size_of_display_setTextColor2             (abs)        00000
__size_of_display_setTextSize               (abs)        00000
__size_of_drawPixel                         (abs)        00000
__size_of_drawVLine                         (abs)        00000
__size_of_dtoa                              (abs)        00000
__size_of_endWrite                          (abs)        00000
__size_of_fillRect                          (abs)        00000
__size_of_fillScreen                        (abs)        00000
__size_of_fputc                             (abs)        00000
__size_of_fputs                             (abs)        00000
__size_of_main                              (abs)        00000
__size_of_moverJugador                      (abs)        00000
__size_of_pad                               (abs)        00000
__size_of_putch                             (abs)        00000
__size_of_setAddrWindow                     (abs)        00000
__size_of_setRotation                       (abs)        00000
__size_of_sprintf                           (abs)        00000
__size_of_startWrite                        (abs)        00000
__size_of_strlen                            (abs)        00000
__size_of_tft_begin                         (abs)        00000
__size_of_vfpfcnvrt                         (abs)        00000
__size_of_vfprintf                          (abs)        00000
__size_of_writeCommand                      (abs)        00000
__width                                     bssBANK1     000C9
_abs                                        text17       0106B
_bolita                                     dataBANK1    000A5
_ctrl_der                                   text51       01F6C
_ctrl_der2                                  text57       01F71
_ctrl_izq                                   text54       01F5E
_ctrl_izq2                                  text60       01F64
_cursor_x                                   bssBANK1     000C5
_cursor_y                                   bssBANK1     000C3
_dbuf                                       bssBANK2     00120
_dibujarMarcador                            text7        0135B
_disp_texto                                 text25       01119
_display_customChar                         text4        00DC3
_display_drawCustomChar                     text3        013C6
_display_print                              text26       00547
_display_setCursor                          text24       01FAA
_display_setTextColor                       text23       01FB4
_display_setTextColor2                      text22       01FBE
_display_setTextSize                        text21       01053
_display_setTextSize$1270                   cstackCOMMON 00073
_drawPixel                                  text30       011D1
_drawVLine                                  text29       014A5
_dtoa                                       text11       00A4A
_dtoa$1971                                  cstackBANK0  0003C
_endWrite                                   text35       01F68
_fillRect                                   text27       0164D
_fillScreen                                 text6        010D9
_flags                                      bssBANK1     000C1
_font                                       stringtext1  00047
_fputc                                      text15       012AB
_fputs                                      text14       01141
_initcmd                                    stringtext3  01800
_jugador1                                   dataBANK2    00140
_jugador2                                   dataBANK1    000B1
_main                                       maintext     00BBA
_marcador                                   bssBANK1     000CF
_moverJugador                               text2        015B2
_movimiento_jugador1                        bssCOMMON    0007C
_movimiento_jugador2                        bssBANK1     000CD
_nout                                       bssBANK1     000BB
_pad                                        text12       00806
_prec                                       bssBANK1     000BF
_puntaje1                                   bssBANK1     000CC
_puntaje2                                   bssBANK1     000CB
_putch                                      text16       00002
_rotation                                   bssBANK1     000CE
_setAddrWindow                              text32       01212
_setRotation                                text20       012FA
_spi1_configuration                         stringtext2  01964
_sprintf                                    text8        007D1
_startWrite                                 text31       01F61
_strlen                                     text13       01085
_textbgcolor                                dataBANK1    000A0
_textcolor                                  dataBANK1    000A2
_textsize                                   dataBANK0    0006F
_tft_begin                                  text1        01525
_vfpfcnvrt                                  text10       01725
_vfprintf                                   text9        0116A
_width                                      bssBANK1     000BD
_wrap                                       dataBANK1    000A4
_writeCommand                               text33       01FA0
abs@a                                       cstackCOMMON 00074
btemp                                       (abs)        0007E
clear_ram0                                  clrtext      00800
dibujarMarcador@puntaje1                    cstackBANK0  0006E
dibujarMarcador@puntaje2                    cstackBANK0  0006D
disp_texto@cadena                           cstackBANK0  0004A
disp_texto@i                                cstackCOMMON 0007B
display_customChar@c                        cstackBANK0  0003A
display_customChar@i                        cstackBANK0  0004A
display_customChar@j                        cstackBANK0  00049
display_customChar@line                     cstackBANK0  00048
display_drawCustomChar@bg                   cstackBANK0  00053
display_drawCustomChar@c                    cstackBANK0  0004F
display_drawCustomChar@color                cstackBANK0  00051
display_drawCustomChar@prev_bg              cstackBANK0  0005C
display_drawCustomChar@prev_color           cstackBANK0  0005A
display_drawCustomChar@prev_size            cstackBANK0  0005E
display_drawCustomChar@prev_x               cstackBANK0  00056
display_drawCustomChar@prev_y               cstackBANK0  00058
display_drawCustomChar@size                 cstackBANK0  00055
display_drawCustomChar@x                    cstackBANK0  0004B
display_drawCustomChar@y                    cstackBANK0  0004D
display_print@c                             cstackBANK0  00047
display_print@i                             cstackBANK0  00049
display_print@j                             cstackBANK0  00048
display_print@line                          cstackBANK0  00046
display_setCursor@x                         cstackCOMMON 00071
display_setCursor@y                         cstackCOMMON 00073
display_setTextColor2@c                     cstackCOMMON 00071
display_setTextColor@bg                     cstackCOMMON 00073
display_setTextColor@c                      cstackCOMMON 00071
display_setTextSize@s                       cstackCOMMON 00075
drawPixel@color                             cstackBANK0  0002A
drawPixel@x                                 cstackBANK0  00026
drawPixel@y                                 cstackBANK0  00028
drawVLine@color                             cstackBANK0  0002C
drawVLine@h                                 cstackBANK0  0002A
drawVLine@hi                                cstackBANK0  00032
drawVLine@lo                                cstackBANK0  00033
drawVLine@x                                 cstackBANK0  00026
drawVLine@y                                 cstackBANK0  00028
dtoa@d                                      cstackBANK0  00030
dtoa@fp                                     cstackBANK0  0003B
dtoa@i                                      cstackBANK0  0004C
dtoa@n                                      cstackBANK0  00044
dtoa@p                                      cstackBANK0  0003E
dtoa@s                                      cstackBANK0  00042
dtoa@w                                      cstackBANK0  00040
end_of_initialization                       cinit        00043
fillRect@color                              cstackBANK0  0002E
fillRect@h                                  cstackBANK0  0002C
fillRect@hi                                 cstackBANK0  00038
fillRect@lo                                 cstackBANK0  00039
fillRect@px                                 cstackBANK0  00034
fillRect@w                                  cstackBANK0  0002A
fillRect@x                                  cstackBANK0  00026
fillRect@y                                  cstackBANK0  00028
fillScreen@color                            cstackBANK0  0003A
fputc@c                                     cstackCOMMON 00071
fputc@fp                                    cstackCOMMON 00073
fputs@c                                     cstackBANK0  00023
fputs@fp                                    cstackCOMMON 00079
fputs@i                                     cstackBANK0  00024
fputs@s                                     cstackBANK0  00026
init_ram                                    inittext     007FA
int$flags                                   (abs)        0007E
intlevel0                                   functab      00000
intlevel1                                   functab      00000
intlevel2                                   functab      00000
intlevel3                                   functab      00000
intlevel4                                   functab      00000
intlevel5                                   functab      00000
[...]
Total ram usage:        0 bytes
 Hardware stack levels used:    1
 Hardware stack levels required when called:    1
 This function calls:
		Absolute function
		_IOCCF5_DefaultInterruptHandler
		_ctrl_der
 This function is called by:
		_PIN_MANAGER_IOC
 This function uses a non-reentrant model


 *************** function _IOCCF5_DefaultInterruptHandler *****************
 Defined at:
		line 311 in file "mcc_generated_files/pin_manager.c"
 Parameters:    Size  Location     Type
		None
 Auto vars:     Size  Location     Type
		None
 Return value:  Size  Location     Type
                  1    wreg      void 
 Registers used:
		None
 Tracked objects:
		On entry : 
		On exit  : 
		Unchanged: 
 Data sizes:     COMMON   BANK0   BANK1   BANK2   BANK3   BANK4   BANK5   BANK6   BANK7   BANK8   BANK9  BANK10  BANK11  BANK12
      Params:         0       0       0       0       0       0       0       0       0       0       0       0       0       0
      Locals:         0       0       0       0       0       0       0       0       0       0       0       0       0       0
      Temps:          0       0       0       0       0       0       0       0       0       0       0       0       0       0
      Totals:         0       0       0       0       0       0       0       0       0       0       0       0       0       0
Total ram usage:        0 bytes
 Hardware stack levels used:    1
 This function calls:
		Nothing
 This function is called by:
		_PIN_MANAGER_Initialize
		_IOCCF5_ISR
 This function uses a non-reentrant model


 *************** function _ctrl_der *****************
 Defined at:
		line 195 in file "main.c"
 Parameters:    Size  Location     Type
		None
 Auto vars:     Size  Location     Type
		None
 Return value:  Size  Location     Type
                  1    wreg      void 
 Registers used:
		wreg
 Tracked objects:
		On entry : 
		On exit  : 
		Unchanged: 
 Data sizes:     COMMON   BANK0   BANK1   BANK2   BANK3   BANK4   BANK5   BANK6   BANK7   BANK8   BANK9  BANK10  BANK11  BANK12
      Params:         0       0       0       0       0       0       0       0       0       0       0       0       0       0
      Locals:         0       0       0       0       0       0       0       0       0       0       0       0       0       0
      Temps:          1       0       0       0       0       0       0       0       0       0       0       0       0       0
      Totals:         1       0       0       0       0       0       0       0       0       0       0       0       0       0
Total ram usage:        1 bytes
 Hardware stack levels used:    1
 This function calls:
		Nothing
 This function is called by:
		_main
		_IOCCF5_ISR
 This function uses a non-reentrant model


 *************** function _IOCBF4_ISR *****************
 Defined at:
		line 259 in file "mcc_generated_files/pin_manager.c"
 Parameters:    Size  Location     Type
		None
 Auto vars:     Size  Location     Type
		None
 Return value:  Size  Location     Type
                  1    wreg      void 
 Registers used:
		wreg, status,2, status,0, pclath, cstack
 Tracked objects:
		On entry : 
		On exit  : 
		Unchanged: 
 Data sizes:     COMMON   BANK0   BANK1   BANK2   BANK3   BANK4   BANK5   BANK6   BANK7   BANK8   BANK9  BANK10  BANK11  BANK12
      Params:         0       0       0       0       0       0       0       0       0       0       0       0       0       0
      Locals:         0       0       0       0       0       0       0       0       0       0       0       0       0       0
      Temps:          0       0       0       0       0       0       0       0       0       0       0       0       0       0
      Totals:         0       0       0       0       0       0       0       0       0       0       0       0       0       0
Total ram usage:        0 bytes
 Hardware stack levels used:    1
 Hardware stack levels required when called:    1
 This function calls:
		Absolute function
		_IOCBF4_DefaultInterruptHandler
		_ctrl_izq
 This function is called by:
		_PIN_MANAGER_IOC
 This function uses a non-reentrant model


 *************** function _IOCBF4_DefaultInterruptHandler *****************
 Defined at:
		line 281 in file "mcc_generated_files/pin_manager.c"
 Parameters:    Size  Location     Type
		None
 Auto vars:     Size  Location     Type
		None
 Return value:  Size  Location     Type
                  1    wreg      void 
 Registers used:
		None
 Tracked objects:
		On entry : 
		On exit  : 
		Unchanged: 
 Data sizes:     COMMON   BANK0   BANK1   BANK2   BANK3   BANK4   BANK5   BANK6   BANK7   BANK8   BANK9  BANK10  BANK11  BANK12
      Params:         0       0       0       0       0       0       0       0       0       0       0       0       0       0
      Locals:         0       0       0       0       0       0       0       0       0       0       0       0       0       0
      Temps:          0       0       0       0       0       0       0       0       0       0       0       0       0       0
      Totals:         0       0       0       0       0       0       0       0       0       0       0       0       0       0
Total ram usage:        0 bytes
 Hardware stack levels used:    1
 This function calls:
		Nothing
 This function is called by:
		_PIN_MANAGER_Initialize
		_IOCBF4_ISR
 This function uses a non-reentrant model


 *************** function _ctrl_izq *****************
 Defined at:
		line 191 in file "main.c"
 Parameters:    Size  Location     Type
		None
 Auto vars:     Size  Location     Type
		None
 Return value:  Size  Location     Type
                  1    wreg      void 
 Registers used:
		None
 Tracked objects:
		On entry : 
		On exit  : 
		Unchanged: 
 Data sizes:     COMMON   BANK0   BANK1   BANK2   BANK3   BANK4   BANK5   BANK6   BANK7   BANK8   BANK9  BANK10  BANK11  BANK12
      Params:         0       0       0       0       0       0       0       0       0       0       0       0       0       0
      Locals:         0       0       0       0       0       0       0       0       0       0       0       0       0       0
      Temps:          0       0       0       0       0       0       0       0       0       0       0       0       0       0
      Totals:         0       0       0       0       0       0       0       0       0       0       0       0       0       0
Total ram usage:        0 bytes
 Hardware stack levels used:    1
 This function calls:
		Nothing
 This function is called by:
		_main
		_IOCBF4_ISR
 This function uses a non-reentrant model


 *************** function _IOCAF2_ISR *****************
 Defined at:
		line 229 in file "mcc_generated_files/pin_manager.c"
 Parameters:    Size  Location     Type
		None
 Auto vars:     Size  Location     Type
		None
 Return value:  Size  Location     Type
                  1    wreg      void 
 Registers used:
		wreg, status,2, status,0, pclath, cstack
 Tracked objects:
		On entry : 
		On exit  : 
		Unchanged: 
 Data sizes:     COMMON   BANK0   BANK1   BANK2   BANK3   BANK4   BANK5   BANK6   BANK7   BANK8   BANK9  BANK10  BANK11  BANK12
      Params:         0       0       0       0       0       0       0       0       0       0       0       0       0       0
      Locals:         0       0       0       0       0       0       0       0       0       0       0       0       0       0
      Temps:          0       0       0       0       0       0       0       0       0       0       0       0       0       0
      Totals:         0       0       0       0       0       0       0       0       0       0       0       0       0       0
Total ram usage:        0 bytes
 Hardware stack levels used:    1
 Hardware stack levels required when called:    1
 This function calls:
		Absolute function
		_IOCAF2_DefaultInterruptHandler
		_ctrl_der2
 This function is called by:
		_PIN_MANAGER_IOC
 This function uses a non-reentrant model


 *************** function _IOCAF2_DefaultInterruptHandler *****************
 Defined at:
		line 251 in file "mcc_generated_files/pin_manager.c"
 Parameters:    Size  Location     Type
		None
 Auto vars:     Size  Location     Type
		None
 Return value:  Size  Location     Type
                  1    wreg      void 
 Registers used:
		None
 Tracked objects:
		On entry : 
		On exit  : 
		Unchanged: 
 Data sizes:     COMMON   BANK0   BANK1   BANK2   BANK3   BANK4   BANK5   BANK6   BANK7   BANK8   BANK9  BANK10  BANK11  BANK12
      Params:         0       0       0       0       0       0       0       0       0       0       0       0       0       0
      Locals:         0       0       0       0       0       0       0       0       0       0       0       0       0       0
      Temps:          0       0       0       0       0       0       0       0       0       0       0       0       0       0
      Totals:         0       0       0       0       0       0       0       0       0       0       0       0       0       0
Total ram usage:        0 bytes
 Hardware stack levels used:    1
 This function calls:
		Nothing
 This function is called by:
		_PIN_MANAGER_Initialize
		_IOCAF2_ISR
 This function uses a non-reentrant model


 *************** function _ctrl_der2 *****************
 Defined at:
		line 204 in file "main.c"
 Parameters:    Size  Location     Type
		None
 Auto vars:     Size  Location     Type
		None
 Return value:  Size  Location     Type
                  1    wreg      void 
 Registers used:
		wreg
 Tracked objects:
		On entry : 
		On exit  : 
		Unchanged: 
 Data sizes:     COMMON   BANK0   BANK1   BANK2   BANK3   BANK4   BANK5   BANK6   BANK7   BANK8   BANK9  BANK10  BANK11  BANK12
      Params:         0       0       0       0       0       0       0       0       0       0       0       0       0       0
      Locals:         0       0       0       0       0       0       0       0       0       0       0       0       0       0
      Temps:          1       0       0       0       0       0       0       0       0       0       0       0       0       0
      Totals:         1       0       0       0       0       0       0       0       0       0       0       0       0       0
Total ram usage:        1 bytes
 Hardware stack levels used:    1
 This function calls:
		Nothing
 This function is called by:
		_main
		_IOCAF2_ISR
 This function uses a non-reentrant model


 *************** function _IOCAF1_ISR *****************
 Defined at:
		line 199 in file "mcc_generated_files/pin_manager.c"
 Parameters:    Size  Location     Type
		None
 Auto vars:     Size  Location     Type
		None
 Return value:  Size  Location     Type
                  1    wreg      void 
 Registers used:
		wreg, status,2, status,0, pclath, cstack
 Tracked objects:
		On entry : 
		On exit  : 
		Unchanged: 
 Data sizes:     COMMON   BANK0   BANK1   BANK2   BANK3   BANK4   BANK5   BANK6   BANK7   BANK8   BANK9  BANK10  BANK11  BANK12
      Params:         0       0       0       0       0       0       0       0       0       0       0       0       0       0
      Locals:         0       0       0       0       0       0       0       0       0       0       0       0       0       0
      Temps:          0       0       0       0       0       0       0       0       0       0       0       0       0       0
      Totals:         0       0       0       0       0       0       0       0       0       0       0       0       0       0
Total ram usage:        0 bytes
 Hardware stack levels used:    1
 Hardware stack levels required when called:    1
 This function calls:
		Absolute function
		_IOCAF1_DefaultInterruptHandler
		_ctrl_izq2
 This function is called by:
		_PIN_MANAGER_IOC
 This function uses a non-reentrant model


 *************** function _IOCAF1_DefaultInterruptHandler *****************
 Defined at:
		line 221 in file "mcc_generated_files/pin_manager.c"
 Parameters:    Size  Location     Type
		None
 Auto vars:     Size  Location     Type
		None
 Return value:  Size  Location     Type
                  1    wreg      void 
 Registers used:
		None
 Tracked objects:
		On entry : 
		On exit  : 
		Unchanged: 
 Data sizes:     COMMON   BANK0   BANK1   BANK2   BANK3   BANK4   BANK5   BANK6   BANK7   BANK8   BANK9  BANK10  BANK11  BANK12
      Params:         0       0       0       0       0       0       0       0       0       0       0       0       0       0
      Locals:         0       0       0       0       0       0       0       0       0       0       0       0       0       0
      Temps:          0       0       0       0       0       0       0       0       0       0       0       0       0       0
      Totals:         0       0       0       0       0       0       0       0       0       0       0       0       0       0
Total ram usage:        0 bytes
 Hardware stack levels used:    1
 This function calls:
		Nothing
 This function is called by:
		_PIN_MANAGER_Initialize
		_IOCAF1_ISR
 This function uses a non-reentrant model


 *************** function _ctrl_izq2 *****************
 Defined at:
		line 200 in file "main.c"
 Parameters:    Size  Location     Type
		None
 Auto vars:     Size  Location     Type
		None
 Return value:  Size  Location     Type
                  1    wreg      void 
 Registers used:
		None
 Tracked objects:
		On entry : 
		On exit  : 
		Unchanged: 
 Data sizes:     COMMON   BANK0   BANK1   BANK2   BANK3   BANK4   BANK5   BANK6   BANK7   BANK8   BANK9  BANK10  BANK11  BANK12
      Params:         0       0       0       0       0       0       0       0       0       0       0       0       0       0
      Locals:         0       0       0       0       0       0       0       0       0       0       0       0       0       0
      Temps:          0       0       0       0       0       0       0       0       0       0       0       0       0       0
      Totals:         0       0       0       0       0       0       0       0       0       0       0       0       0       0
Total ram usage:        0 bytes
 Hardware stack levels used:    1
 This function calls:
		Nothing
 This function is called by:
		_main
		_IOCAF1_ISR
 This function uses a non-reentrant model



MODULE INFORMATION

Module		Function		Class		Link	Load	Size
C:\Program Files\Microchip\xc8\v2.31\pic\sources\c99\common\Umul32.c
		___lmul        		CODE           	119B	0000	54

C:\Program Files\Microchip\xc8\v2.31\pic\sources\c99\common\Umul32.c estimated size: 54

C:\Program Files\Microchip\xc8\v2.31\pic\sources\c99\common\putch.c
		_putch         		CODE           	0002	0000	1

C:\Program Files\Microchip\xc8\v2.31\pic\sources\c99\common\putch.c estimated size: 1

C:\Program Files\Microchip\xc8\v2.31\pic\sources\c99\common\nf_fputs.c
		_fputs         		CODE           	1141	0000	41

C:\Program Files\Microchip\xc8\v2.31\pic\sources\c99\common\nf_fputs.c estimated size: 41

GFX_Library.c
		_display_setTextColor		CODE           	1FB4	0000	10
		_display_setTextSize		CODE           	1053	0000	24
		_display_print 		CODE           	0547	0000	650
		_display_setCursor		CODE           	1FAA	0000	10
		_display_drawCustomChar		CODE           	13C6	0000	110
		_display_customChar		CODE           	0DC3	0000	573
		_display_setTextColor2		CODE           	1FBE	0000	10

GFX_Library.c estimated size: 1387

mcc_generated_files/interrupt_manager.c
		_INTERRUPT_InterruptManager		CODE           	0004	0000	16

mcc_generated_files/interrupt_manager.c estimated size: 16

C:\Program Files\Microchip\xc8\v2.31\pic\sources\c99\common\aomod.c
		___aomod       		CODE           	085F	0000	234

C:\Program Files\Microchip\xc8\v2.31\pic\sources\c99\common\aomod.c estimated size: 234

C:\Program Files\Microchip\xc8\v2.31\pic\sources\c99\common\abs.c
		_abs           		CODE           	106B	0000	26

C:\Program Files\Microchip\xc8\v2.31\pic\sources\c99\common\abs.c estimated size: 26

C:\Program Files\Microchip\xc8\v2.31\pic\sources\c99\common\strlen.c
		_strlen        		CODE           	1085	0000	26

C:\Program Files\Microchip\xc8\v2.31\pic\sources\c99\common\strlen.c estimated size: 26

mcc_generated_files/pin_manager.c
		_PIN_MANAGER_Initialize		CODE           	1434	0000	113
		_IOCCF5_SetInterruptHandler		CODE           	1F89	0000	6
		_IOCAF1_DefaultInterruptHandler		CODE           	1F5B	0000	1
		_IOCAF1_ISR    		CODE           	1FE2	0000	15
		_IOCBF4_DefaultInterruptHandler		CODE           	1F5D	0000	1
		_IOCBF4_ISR    		CODE           	100B	0000	15
		_IOCAF2_DefaultInterruptHandler		CODE           	1F5C	0000	1
		_IOCAF2_ISR    		CODE           	1FF1	0000	15
		_IOCAF1_SetInterruptHandler		CODE           	1F77	0000	6
		_PIN_MANAGER_IOC		CODE           	10F8	0000	33
		_IOCBF4_SetInterruptHandler		CODE           	1F83	0000	6
		_IOCCF5_DefaultInterruptHandler		CODE           	1000	0000	1
		_IOCCF5_ISR    		CODE           	101A	0000	15
		_IOCAF2_SetInterruptHandler		CODE           	1F7D	0000	6

mcc_generated_files/pin_manager.c estimated size: 234

mcc_generated_files/spi1.c
		_SPI1_Open     		CODE           	125C	0000	79
		_SPI1_Initialize		CODE           	1029	0000	21
		_SPI1_ExchangeByte		CODE           	1FD5	0000	13

mcc_generated_files/spi1.c estimated size: 113

ILI9341.c
		_startWrite    		CODE           	1F61	0000	3
		_fillScreen    		CODE           	10D9	0000	31
		_tft_begin     		CODE           	1525	0000	141
		_writeCommand  		CODE           	1FA0	0000	10
		_drawVLine     		CODE           	14A5	0000	128
		_setAddrWindow 		CODE           	1212	0000	74
		_setRotation   		CODE           	12FA	0000	97
		_fillRect      		CODE           	164D	0000	216
		_drawPixel     		CODE           	11D1	0000	65
		_endWrite      		CODE           	1F68	0000	4

ILI9341.c estimated size: 769

C:\Program Files\Microchip\xc8\v2.31\pic\sources\c99\common\aodiv.c
		___aodiv       		CODE           	0949	0000	257

C:\Program Files\Microchip\xc8\v2.31\pic\sources\c99\common\aodiv.c estimated size: 257

C:\Program Files\Microchip\xc8\v2.31\pic\sources\c99\common\nf_fputc.c
		_fputc         		CODE           	12AB	0000	79

C:\Program Files\Microchip\xc8\v2.31\pic\sources\c99\common\nf_fputc.c estimated size: 79

shared
		_font          		STRCODE        	0047	0000	1280
		_initcmd       		STRCODE        	1800	0000	111
		__initialization		CODE           	0016	0000	45
		_spi1_configuration		STRCODE        	1964	0000	4

shared estimated size: 1440

mcc_generated_files/mcc.c
		_PMD_Initialize		CODE           	1F8F	0000	8
		_OSCILLATOR_Initialize		CODE           	1F97	0000	9
		_SYSTEM_Initialize		CODE           	1FC8	0000	13

mcc_generated_files/mcc.c estimated size: 30

C:\Program Files\Microchip\xc8\v2.31\pic\sources\c99\common\doprnt.c
		_vfpfcnvrt     		CODE           	1725	0000	219
		_pad           		CODE           	0806	0000	89
		_dtoa          		CODE           	0A4A	0000	368
		_vfprintf      		CODE           	116A	0000	49

C:\Program Files\Microchip\xc8\v2.31\pic\sources\c99\common\doprnt.c estimated size: 725

C:\Program Files\Microchip\xc8\v2.31\pic\sources\c99\common\nf_sprintf.c
		_sprintf       		CODE           	07D1	0000	41

C:\Program Files\Microchip\xc8\v2.31\pic\sources\c99\common\nf_sprintf.c estimated size: 41

C:\Program Files\Microchip\xc8\v2.31\pic\sources\c99\common\Umul8.c
		___bmul        		CODE           	103E	0000	21

C:\Program Files\Microchip\xc8\v2.31\pic\sources\c99\common\Umul8.c estimated size: 21

C:\Program Files\Microchip\xc8\v2.31\pic\sources\c99\common\Umul16.c
		___wmul        		CODE           	10BA	0000	31

C:\Program Files\Microchip\xc8\v2.31\pic\sources\c99\common\Umul16.c estimated size: 31

main.c
		_moverJugador  		CODE           	15B2	0000	155
		_ctrl_der      		CODE           	1F6C	0000	5
		_ctrl_der2     		CODE           	1F71	0000	6
		_ctrl_izq      		CODE           	1F5E	0000	3
		_ctrl_izq2     		CODE           	1F64	0000	4
		_dibujarMarcador		CODE           	135B	0000	107
		_main          		CODE           	0BBA	0000	521
		_disp_texto    		CODE           	1119	0000	40

main.c estimated size: 841

