Microchip MPLAB XC8 Compiler V2.31

Linker command line:

-W-3 --edf=C:\Program Files\Microchip\xc8\v2.31\pic\dat\en_msgs.txt -cn \
  -h+dist/default/production\ililib.X.production.sym \
  --cmf=dist/default/production\ililib.X.production.cmf -z -Q16F18875 \
  -oC:\Users\sseba\AppData\Local\Temp\sc2s.3 --defsym=__MPLAB_BUILD=1 \
  -Mdist/default/production/ililib.X.production.map -E1 -ver=XC8 Compiler \
  --acfsm=1493 -ASTACK=020CAh-023EFh -pstack=STACK -ACODE=00h-07FFhx4 \
  -ASTRCODE=00h-01FFFh -ASTRING=00h-0FFhx32 -ACONST=00h-0FFhx32 \
  -AENTRY=00h-0FFhx32 -ACOMMON=070h-07Fh -ABANK0=020h-06Fh \
  -ABANK1=0A0h-0EFh -ABANK2=0120h-016Fh -ABANK3=01A0h-01EFh \
  -ABANK4=0220h-026Fh -ABANK5=02A0h-02EFh -ABANK6=0320h-036Fh \
  -ABANK7=03A0h-03EFh -ABANK8=0420h-046Fh -ABANK9=04A0h-04EFh \
  -ABANK10=0520h-056Fh -ABANK11=05A0h-05EFh -ABANK12=0620h-064Fh \
  -ABIGRAM=02000h-023EFh \
  -ARAM=020h-06Fh,0A0h-0EFh,0120h-016Fh,01A0h-01EFh,0220h-026Fh,02A0h-02EFh,0320h-036Fh,03A0h-03EFh,0420h-046Fh,04A0h-04EFh,0520h-056Fh,05A0h-05EFh,0620h-064Fh \
  -AABS1=020h-07Fh,0A0h-0EFh,0120h-016Fh,01A0h-01EFh,0220h-026Fh,02A0h-02EFh,0320h-036Fh,03A0h-03EFh,0420h-046Fh,04A0h-04EFh,0520h-056Fh,05A0h-05EFh,0620h-064Fh \
  -ASFR0=00h-01Fh -ASFR1=080h-09Fh -ASFR2=0100h-011Fh -ASFR3=0180h-019Fh \
  -ASFR4=0200h-021Fh -ASFR5=0280h-029Fh -ASFR6=0300h-031Fh \
  -ASFR7=0380h-039Fh -ASFR8=0400h-041Fh -ASFR9=0480h-049Fh \
  -ASFR10=0500h-051Fh -ASFR11=0580h-059Fh -ASFR12=0600h-061Fh \
  -ASFR13=0680h-06EFh -ASFR14=0700h-076Fh -ASFR15=0780h-07EFh \
  -ASFR16=0800h-086Fh -ASFR17=0880h-08EFh -ASFR18=0900h-096Fh \
  -ASFR19=0980h-09EFh -ASFR20=0A00h-0A6Fh -ASFR21=0A80h-0AEFh \
  -ASFR22=0B00h-0B6Fh -ASFR23=0B80h-0BEFh -ASFR24=0C00h-0C6Fh \
  -ASFR25=0C80h-0CEFh -ASFR26=0D00h-0D6Fh -ASFR27=0D80h-0DEFh \
  -ASFR28=0E00h-0E6Fh -ASFR29=0E80h-0EEFh -ASFR30=0F00h-0F6Fh \
  -ASFR31=0F80h-0FEFh -ACONFIG=08007h-0800Bh -DCONFIG=2 \
  -AIDLOC=08000h-08003h -DIDLOC=2 -AEEDATA=00h-0FFh/0F000h \
  -peeprom_data=EEDATA -DEEDATA=2 -DCODE=2 -DSTRCODE=2 -DSTRING=2 -DCONST=2 \
  -DENTRY=2 -preset_vec=00h,intentry=04h,init,end_init -ppowerup=CODE \
  -pcinit=CODE -pfunctab=ENTRY -k C:\Users\sseba\AppData\Local\Temp\sc2s.o \
  dist/default/production\ililib.X.production.o 

Object code version is 3.11

Machine type is 16F18875



                Name                               Link     Load   Length Selector   Space Scale
C:\Users\sseba\AppData\Local\Temp\sc2s.o
                end_init                              E        E        2        8       0
                reset_vec                             0        0        2        0       0
                config                             8007     8007        5        0       4
dist/default/production\ililib.X.production.o
                cinit                                10       10       30        8       0
                intentry                              4        4        A        8       0
                config                             8007     8007        5        0       4
                text60                             10FC     10FC        3     21F8       0
                text59                             10FA     10FA        1     21F4       0
                text58                             1187     1187        D     230E       0
                text57                             1109     1109        5     2212       0
                text56                             10FB     10FB        1     21F6       0
                text55                             1194     1194        D     2328       0
                text54                             10FF     10FF        3     21FE       0
                text53                              800      800        1      A80       0
                text52                             11A1     11A1        D     2342       0
                text51                             110E     110E        5     221C       0
                text50                                2        2        1        0       0
                text49                             11AE     11AE        D     235C       0
                text48                             11CC     11CC       15     2398       0
                text46                             143B     143B       4D     2876       0
                text45                             1137     1137        9     226E       0
                text44                             111D     111D        6     223A       0
                text43                             1113     1113        5     2226       0
                text42                             1118     1118        5     2230       0
                text41                             1123     1123        6     2246       0
                text40                             1542     1542       70     2A84       0
                text39                             112F     112F        8     225E       0
                text38                             11E1     11E1       15     23C2       0
                text37                             117B     117B        C     22F6       0
                text36                             123A     123A       1B     2474       0
                text35                             1105     1105        4     220A       0
                text34                             1170     1170        B     22E0       0
                text33                             1140     1140        9     2280       0
                text32                             13AA     13AA       48     2754       0
                text31                             1102     1102        3     2204       0
                text30                             132B     132B       3A     2656       0
                text29                             15B2     15B2       73     2B64       0
                text28                              801      801       2F     1002       0
                text27                             173D     173D       C3     2E7A       0
                text26                              540      540      259      A80       0
                text25                             128D     128D       24     251A       0
                text24                             1152     1152        A     22A4       0
                text23                             115C     115C        A     22B8       0
                text22                             1149     1149        9     2292       0
                text21                             11F6     11F6       15     23EC       0
                text20                             13F2     13F2       49     27E4       0
                text19                              9DA      9DA       F3     13B4       0
                text18                              8FE      8FE       DC     11FC       0
                text17                             120B     120B       17     2416       0
                text16                                3        3        1        6       0
                text15                             1365     1365       45     26CA       0
                text14                             12B1     12B1       25     2562       0
                text13                             1222     1222       18     2444       0
                text12                             1488     1488       4E     2910       0
                text11                              ACD      ACD      14D     159A       0
                text10                              830      830       CE     1060       0
                text9                              12FE     12FE       2D     25FC       0
                text8                              12D6     12D6       28     25AC       0
                text7                               799      799       60      A80       0
                text6                              1270     1270       1D     24E0       0
                text5                              11BB     11BB       11     2376       0
                text4                               DE5      DE5      21B     1BCA       0
                text3                              14D6     14D6       6C     29AC       0
                text2                              16AA     16AA       93     2D54       0
                text1                              1625     1625       85     2C4A       0
                maintext                            C1A      C1A      1CB     1834       0
                cstackBANK0                          20       20       4F       20       1
                cstackCOMMON                         70       70        C       70       1
                cstackBANK1                          D2       D2       12       A0       1
                clrtext                            1129     1129        6     2252       0
                inittext                            7F9      7F9        6      A80       0
                dataBANK2                           140      140        A      120       1
                bssBANK2                            120      120       20      120       1
                dataBANK1                            A0       A0       1B       A0       1
                bssBANK1                             BB       BB       17       A0       1
                dataBANK0                            6F       6F        1       20       1
                bssCOMMON                            7C       7C        1       70       1
                stringtext16                       195E     195E        6     3000       0
                stringtext15                       1956     1956        8     3000       0
                stringtext14                       194C     194C        A     3000       0
                stringtext13                       1941     1941        B     3000       0
                stringtext12                       1932     1932        F     3000       0
                stringtext11                       1920     1920       12     3000       0
                stringtext10                       190E     190E       12     3000       0
                stringtext9                        18F9     18F9       15     3000       0
                stringtext8                        18E3     18E3       16     3000       0
                stringtext7                        18C7     18C7       1C     3000       0
                stringtext6                        18AA     18AA       1D     3000       0
                stringtext5                        188D     188D       1D     3000       0
                stringtext4                        186F     186F       1E     3000       0
                nvBANK1                              E4       E4        8       A0       1
                stringtext3                        1800     1800       6F     3000       0
                stringtext2                        1964     1964        4     3000       0
                stringtext1                          40       40      500       80       0
                idataBANK2                         1166     1166        A     22CC       0
                idataBANK1                         1255     1255       1B     24AA       0
                idataBANK0                          7FF      7FF        1      A80       0

TOTAL           Name                               Link     Load   Length     Space
        CLASS   STACK          

        CLASS   CODE           
                end_init                              E        E        2         0
                cinit                                10       10       30         0
                intentry                              4        4        A         0
                reset_vec                             0        0        2         0
                text60                             10FC     10FC        3         0
                text59                             10FA     10FA        1         0
                text58                             1187     1187        D         0
                text57                             1109     1109        5         0
                text56                             10FB     10FB        1         0
                text55                             1194     1194        D         0
                text54                             10FF     10FF        3         0
                text53                              800      800        1         0
                text52                             11A1     11A1        D         0
                text51                             110E     110E        5         0
                text50                                2        2        1         0
                text49                             11AE     11AE        D         0
                text48                             11CC     11CC       15         0
                text46                             143B     143B       4D         0
                text45                             1137     1137        9         0
                text44                             111D     111D        6         0
                text43                             1113     1113        5         0
                text42                             1118     1118        5         0
                text41                             1123     1123        6         0
                text40                             1542     1542       70         0
                text39                             112F     112F        8         0
                text38                             11E1     11E1       15         0
                text37                             117B     117B        C         0
                text36                             123A     123A       1B         0
                text35                             1105     1105        4         0
                text34                             1170     1170        B         0
                text33                             1140     1140        9         0
                text32                             13AA     13AA       48         0
                text31                             1102     1102        3         0
                text30                             132B     132B       3A         0
                text29                             15B2     15B2       73         0
                text28                              801      801       2F         0
                text27                             173D     173D       C3         0
                text26                              540      540      259         0
                text25                             128D     128D       24         0
                text24                             1152     1152        A         0
                text23                             115C     115C        A         0
                text22                             1149     1149        9         0
                text21                             11F6     11F6       15         0
                text20                             13F2     13F2       49         0
                text19                              9DA      9DA       F3         0
                text18                              8FE      8FE       DC         0
                text17                             120B     120B       17         0
                text16                                3        3        1         0
                text15                             1365     1365       45         0
                text14                             12B1     12B1       25         0
                text13                             1222     1222       18         0
                text12                             1488     1488       4E         0
                text11                              ACD      ACD      14D         0
                text10                              830      830       CE         0
                text9                              12FE     12FE       2D         0
                text8                              12D6     12D6       28         0
                text7                               799      799       60         0
                text6                              1270     1270       1D         0
                text5                              11BB     11BB       11         0
                text4                               DE5      DE5      21B         0
                text3                              14D6     14D6       6C         0
                text2                              16AA     16AA       93         0
                text1                              1625     1625       85         0
                maintext                            C1A      C1A      1CB         0
                clrtext                            1129     1129        6         0
                inittext                            7F9      7F9        6         0
                idataBANK2                         1166     1166        A         0
                idataBANK1                         1255     1255       1B         0
                idataBANK0                          7FF      7FF        1         0

        CLASS   STRCODE        
                stringtext16                       195E     195E        6         0
                stringtext15                       1956     1956        8         0
                stringtext14                       194C     194C        A         0
                stringtext13                       1941     1941        B         0
                stringtext12                       1932     1932        F         0
                stringtext11                       1920     1920       12         0
                stringtext10                       190E     190E       12         0
                stringtext9                        18F9     18F9       15         0
                stringtext8                        18E3     18E3       16         0
                stringtext7                        18C7     18C7       1C         0
                stringtext6                        18AA     18AA       1D         0
                stringtext5                        188D     188D       1D         0
                stringtext4                        186F     186F       1E         0
                stringtext3                        1800     1800       6F         0
                stringtext2                        1964     1964        4         0
                stringtext1                          40       40      500         0

        CLASS   STRING         

        CLASS   CONST          

        CLASS   ENTRY          

        CLASS   COMMON         
                cstackCOMMON                         70       70        C         1
                bssCOMMON                            7C       7C        1         1

        CLASS   BANK0          
                cstackBANK0                          20       20       4F         1
                dataBANK0                            6F       6F        1         1

        CLASS   BANK1          
                cstackBANK1                          D2       D2       12         1
                dataBANK1                            A0       A0       1B         1
                bssBANK1                             BB       BB       17         1
                nvBANK1                              E4       E4        8         1

        CLASS   BANK2          
                dataBANK2                           140      140        A         1
                bssBANK2                            120      120       20         1

        CLASS   BANK3          

        CLASS   BANK4          

        CLASS   BANK5          

        CLASS   BANK6          

        CLASS   BANK7          

        CLASS   BANK8          

        CLASS   BANK9          

        CLASS   BANK10         

        CLASS   BANK11         

        CLASS   BANK12         

        CLASS   BIGRAM         

        CLASS   RAM            

        CLASS   ABS1           
                abs_s1                               7E       7E        2         1

        CLASS   SFR0           

        CLASS   SFR1           

        CLASS   SFR2           

        CLASS   SFR3           

        CLASS   SFR4           

        CLASS   SFR5           

        CLASS   SFR6           

        CLASS   SFR7           

        CLASS   SFR8           

        CLASS   SFR9           

        CLASS   SFR10          

        CLASS   SFR11          

        CLASS   SFR12          

        CLASS   SFR13          

        CLASS   SFR14          

        CLASS   SFR15          

        CLASS   SFR16          

        CLASS   SFR17          

        CLASS   SFR18          

        CLASS   SFR19          

        CLASS   SFR20          

        CLASS   SFR21          

        CLASS   SFR22          

        CLASS   SFR23          

        CLASS   SFR24          

        CLASS   SFR25          

        CLASS   SFR26          

        CLASS   SFR27          

        CLASS   SFR28          

        CLASS   SFR29          

        CLASS   SFR30          

        CLASS   SFR31          

        CLASS   CONFIG         
                config                             8007     8007        5         4

        CLASS   IDLOC          

        CLASS   EEDATA         

        CLASS   BANK31         

        CLASS   BANK30         

        CLASS   BANK29         

        CLASS   BANK28         

        CLASS   BANK27         

        CLASS   BANK26         

        CLASS   BANK25         

        CLASS   BANK24         

        CLASS   BANK23         

        CLASS   BANK22         

        CLASS   BANK21         

        CLASS   BANK20         

        CLASS   BANK19         

        CLASS   BANK18         

        CLASS   BANK17         

        CLASS   BANK16         

        CLASS   BANK15         

        CLASS   BANK14         

        CLASS   BANK13         



SEGMENTS        Name                           Load    Length   Top    Selector   Space  Class     Delta

                reset_vec                      000000  000003  000003         0       0  CODE        2
                text16                         000003  000001  000004         6       0  CODE        2
                intentry                       000004  00003C  000040         8       0  CODE        2
                cstackBANK0                    000020  000050  000070        20       1  BANK0       1
                cstackCOMMON                   000070  00000D  00007D        70       1  COMMON      1
                stringtext1                    000040  000500  000540        80       0  STRCODE     2
                dataBANK1                      0000A0  00004C  0000EC        A0       1  BANK1       1
                bssBANK2                       000120  00002A  00014A       120       1  BANK2       1
                text26                         000540  0002C1  000801       A80       0  CODE        2
                text28                         000801  00002F  000830      1002       0  CODE        2
                text10                         000830  0000CE  0008FE      1060       0  CODE        2
                text18                         0008FE  0000DC  0009DA      11FC       0  CODE        2
                text19                         0009DA  0000F3  000ACD      13B4       0  CODE        2
                text11                         000ACD  00014D  000C1A      159A       0  CODE        2
                maintext                       000C1A  0001CB  000DE5      1834       0  CODE        2
                text4                          000DE5  00021B  001000      1BCA       0  CODE        2
                text59                         0010FA  000001  0010FB      21F4       0  CODE        2
                text56                         0010FB  000001  0010FC      21F6       0  CODE        2
                text60                         0010FC  000003  0010FF      21F8       0  CODE        2
                text54                         0010FF  000003  001102      21FE       0  CODE        2
                text31                         001102  000003  001105      2204       0  CODE        2
                text35                         001105  000004  001109      220A       0  CODE        2
                text57                         001109  000005  00110E      2212       0  CODE        2
                text51                         00110E  000005  001113      221C       0  CODE        2
                text43                         001113  000005  001118      2226       0  CODE        2
                text42                         001118  000005  00111D      2230       0  CODE        2
                text44                         00111D  000006  001123      223A       0  CODE        2
                text41                         001123  000006  001129      2246       0  CODE        2
                clrtext                        001129  000006  00112F      2252       0  CODE        2
                text39                         00112F  000008  001137      225E       0  CODE        2
                text45                         001137  000009  001140      226E       0  CODE        2
                text33                         001140  000009  001149      2280       0  CODE        2
                text22                         001149  000009  001152      2292       0  CODE        2
                text24                         001152  00000A  00115C      22A4       0  CODE        2
                text23                         00115C  00000A  001166      22B8       0  CODE        2
                idataBANK2                     001166  00000A  001170      22CC       0  CODE        2
                text34                         001170  00000B  00117B      22E0       0  CODE        2
                text37                         00117B  00000C  001187      22F6       0  CODE        2
                text58                         001187  00000D  001194      230E       0  CODE        2
                text55                         001194  00000D  0011A1      2328       0  CODE        2
                text52                         0011A1  00000D  0011AE      2342       0  CODE        2
                text49                         0011AE  00000D  0011BB      235C       0  CODE        2
                text5                          0011BB  000011  0011CC      2376       0  CODE        2
                text48                         0011CC  000015  0011E1      2398       0  CODE        2
                text38                         0011E1  000015  0011F6      23C2       0  CODE        2
                text21                         0011F6  000015  00120B      23EC       0  CODE        2
                text17                         00120B  000017  001222      2416       0  CODE        2
                text13                         001222  000018  00123A      2444       0  CODE        2
                text36                         00123A  00001B  001255      2474       0  CODE        2
                idataBANK1                     001255  00001B  001270      24AA       0  CODE        2
                text6                          001270  00001D  00128D      24E0       0  CODE        2
                text25                         00128D  000024  0012B1      251A       0  CODE        2
                text14                         0012B1  000025  0012D6      2562       0  CODE        2
                text8                          0012D6  000028  0012FE      25AC       0  CODE        2
                text9                          0012FE  00002D  00132B      25FC       0  CODE        2
                text30                         00132B  00003A  001365      2656       0  CODE        2
                text15                         001365  000045  0013AA      26CA       0  CODE        2
                text32                         0013AA  000048  0013F2      2754       0  CODE        2
                text20                         0013F2  000049  00143B      27E4       0  CODE        2
                text46                         00143B  00004D  001488      2876       0  CODE        2
                text12                         001488  00004E  0014D6      2910       0  CODE        2
                text3                          0014D6  00006C  001542      29AC       0  CODE        2
                text40                         001542  000070  0015B2      2A84       0  CODE        2
                text29                         0015B2  000073  001625      2B64       0  CODE        2
                text1                          001625  000085  0016AA      2C4A       0  CODE        2
                text2                          0016AA  000093  00173D      2D54       0  CODE        2
                text27                         00173D  0000C3  001800      2E7A       0  CODE        2
                stringtext3                    001800  000168  001968      3000       0  STRCODE     2


UNUSED ADDRESS RANGES

        Name                Unused          Largest block    Delta
        BANK1            000EC-000EF               4           1
        BANK10           00520-0056F              50           1
        BANK11           005A0-005EF              50           1
        BANK12           00620-0064F              30           1
        BANK2            0014A-0016F              26           1
        BANK3            001A0-001EF              50           1
        BANK4            00220-0026F              50           1
        BANK5            002A0-002EF              50           1
        BANK6            00320-0036F              50           1
        BANK7            003A0-003EF              50           1
        BANK8            00420-0046F              50           1
        BANK9            004A0-004EF              50           1
        BIGRAM           02000-023EF             3F0           1
        CODE             01000-010F9              FA           2
                         01968-01FFF             698
        COMMON           0007D-0007D               1           1
        CONST            01000-010F9              FA           2
                         01968-01FFF             100
        EEDATA           0F000-0F0FF             100           2
        ENTRY            01000-010F9              FA           2
                         01968-01FFF             100
        IDLOC            08000-08003               4           2
        RAM              000EC-000EF               4           1
                         0014A-0016F              26
                         001A0-001EF              50
                         00220-0026F              50
                         002A0-002EF              50
                         00320-0036F              50
                         003A0-003EF              50
                         00420-0046F              50
                         004A0-004EF              50
                         00520-0056F              50
                         005A0-005EF              50
                         00620-0064F              30
        SFR0             00000-0001F              20           1
        SFR1             00080-0009F              20           1
        SFR10            00500-0051F              20           1
        SFR11            00580-0059F              20           1
        SFR12            00600-0061F              20           1
        SFR13            00680-006EF              70           1
        SFR14            00700-0076F              70           1
        SFR15            00780-007EF              70           1
        SFR16            00800-0086F              70           1
        SFR17            00880-008EF              70           1
        SFR18            00900-0096F              70           1
        SFR19            00980-009EF              70           1
        SFR2             00100-0011F              20           1
        SFR20            00A00-00A6F              70           1
        SFR21            00A80-00AEF              70           1
        SFR22            00B00-00B6F              70           1
        SFR23            00B80-00BEF              70           1
        SFR24            00C00-00C6F              70           1
        SFR25            00C80-00CEF              70           1
        SFR26            00D00-00D6F              70           1
        SFR27            00D80-00DEF              70           1
        SFR28            00E00-00E6F              70           1
        SFR29            00E80-00EEF              70           1
        SFR3             00180-0019F              20           1
        SFR30            00F00-00F6F              70           1
        SFR31            00F80-00FEF              70           1
        SFR4             00200-0021F              20           1
        SFR5             00280-0029F              20           1
        SFR6             00300-0031F              20           1
        SFR7             00380-0039F              20           1
        SFR8             00400-0041F              20           1
        SFR9             00480-0049F              20           1
        STACK            020CA-023EF             326           1
        STRCODE          01000-010F9              FA           2
                         01968-01FFF             698
        STRING           01000-010F9              FA           2
                         01968-01FFF             100

                                  Symbol Table

?___aodiv                                   cstackBANK0  00020
?___aomod                                   cstackBANK0  00020
?___lmul                                    cstackCOMMON 00071
?___wmul                                    cstackCOMMON 00071
?_abs                                       cstackCOMMON 00074
?_dtoa                                      cstackBANK0  00030
?_pad                                       cstackBANK0  00027
?_sprintf                                   cstackBANK0  00066
?_strlen                                    cstackCOMMON 00071
?_vfpfcnvrt                                 cstackBANK0  0004E
?_vfprintf                                  cstackBANK0  0005E
IOCAF1_SetInterruptHandler@InterruptHandler cstackCOMMON 00071
IOCAF2_SetInterruptHandler@InterruptHandler cstackCOMMON 00071
IOCBF4_SetInterruptHandler@InterruptHandler cstackCOMMON 00071
IOCCF5_SetInterruptHandler@InterruptHandler cstackCOMMON 00071
SPI1_ExchangeByte@data                      cstackCOMMON 00071
SPI1_Open@spi1UniqueConfiguration           cstackCOMMON 00074
_ANSELA                                     (abs)        00F38
_ANSELB                                     (abs)        00F43
_ANSELC                                     (abs)        00F4E
_ANSELD                                     (abs)        00F59
_ANSELE                                     (abs)        00F64
_INLVLA                                     (abs)        00F3C
_INLVLB                                     (abs)        00F47
_INLVLC                                     (abs)        00F52
_INLVLD                                     (abs)        00F5D
_INLVLE                                     (abs)        00F68
_INTCONbits                                 (abs)        0000B
_INTERRUPT_InterruptManager                 intentry     00004
_IOCAF1_DefaultInterruptHandler             text59       010FA
_IOCAF1_ISR                                 text58       01187
_IOCAF1_InterruptHandler                    nvBANK1      000EA
_IOCAF1_SetInterruptHandler                 text44       0111D
_IOCAF2_DefaultInterruptHandler             text56       010FB
_IOCAF2_ISR                                 text55       01194
_IOCAF2_InterruptHandler                    nvBANK1      000E8
_IOCAF2_SetInterruptHandler                 text43       01113
_IOCAFbits                                  (abs)        00F3F
_IOCANbits                                  (abs)        00F3E
_IOCAPbits                                  (abs)        00F3D
_IOCBF4_DefaultInterruptHandler             text53       00800
_IOCBF4_ISR                                 text52       011A1
_IOCBF4_InterruptHandler                    nvBANK1      000E6
_IOCBF4_SetInterruptHandler                 text42       01118
_IOCBFbits                                  (abs)        00F4A
_IOCBNbits                                  (abs)        00F49
_IOCBPbits                                  (abs)        00F48
_IOCCF5_DefaultInterruptHandler             text50       00002
_IOCCF5_ISR                                 text49       011AE
_IOCCF5_InterruptHandler                    nvBANK1      000E4
_IOCCF5_SetInterruptHandler                 text41       01123
_IOCCFbits                                  (abs)        00F55
_IOCCNbits                                  (abs)        00F54
_IOCCPbits                                  (abs)        00F53
_LATA                                       (abs)        00016
_LATAbits                                   (abs)        00016
_LATB                                       (abs)        00017
_LATC                                       (abs)        00018
_LATCbits                                   (abs)        00018
_LATD                                       (abs)        00019
_LATE                                       (abs)        0001A
_ODCONA                                     (abs)        00F3A
_ODCONB                                     (abs)        00F45
_ODCONC                                     (abs)        00F50
_ODCOND                                     (abs)        00F5B
_ODCONE                                     (abs)        00F66
_OSCCON1                                    (abs)        0088D
_OSCCON3                                    (abs)        0088F
_OSCEN                                      (abs)        00891
_OSCFRQ                                     (abs)        00893
_OSCILLATOR_Initialize                      text45       01137
_OSCTUNE                                    (abs)        00892
_PIE0bits                                   (abs)        00716
_PIN_MANAGER_IOC                            text48       011CC
_PIN_MANAGER_Initialize                     text40       01542
_PIR0bits                                   (abs)        0070C
_PIR3bits                                   (abs)        0070F
_PMD0                                       (abs)        00796
_PMD1                                       (abs)        00797
_PMD2                                       (abs)        00798
_PMD3                                       (abs)        00799
_PMD4                                       (abs)        0079A
_PMD5                                       (abs)        0079B
_PMD_Initialize                             text39       0112F
_PORTAbits                                  (abs)        0000C
_RC3PPS                                     (abs)        00F23
_RC6PPS                                     (abs)        00F26
_SLRCONA                                    (abs)        00F3B
_SLRCONB                                    (abs)        00F46
_SLRCONC                                    (abs)        00F51
_SLRCOND                                    (abs)        00F5C
_SLRCONE                                    (abs)        00F67
_SPI1_ExchangeByte                          text34       01170
_SPI1_Initialize                            text38       011E1
_SPI1_Open                                  text46       0143B
_SSP1ADD                                    (abs)        0018D
_SSP1BUF                                    (abs)        0018C
_SSP1CLKPPS                                 (abs)        00EC5
_SSP1CON1                                   (abs)        00190
_SSP1CON1bits                               (abs)        00190
_SSP1CON2                                   (abs)        00191
_SSP1DATPPS                                 (abs)        00EC6
_SSP1STAT                                   (abs)        0018F
_SYSTEM_Initialize                          text37       0117B
_TRISA                                      (abs)        00011
_TRISB                                      (abs)        00012
_TRISC                                      (abs)        00013
_TRISCbits                                  (abs)        00013
_TRISD                                      (abs)        00014
_TRISE                                      (abs)        00015
_WPUA                                       (abs)        00F39
_WPUB                                       (abs)        00F44
_WPUC                                       (abs)        00F4F
_WPUD                                       (abs)        00F5A
_WPUE                                       (abs)        00F65
__Habs1                                     abs1         00000
__Hbank0                                    bank0        00000
__Hbank1                                    bank1        00000
__Hbank10                                   bank10       00000
__Hbank11                                   bank11       00000
__Hbank12                                   bank12       00000
__Hbank13                                   bank13       00000
__Hbank14                                   bank14       00000
__Hbank15                                   bank15       00000
__Hbank16                                   bank16       00000
__Hbank17                                   bank17       00000
__Hbank18                                   bank18       00000
__Hbank19                                   bank19       00000
__Hbank2                                    bank2        00000
__Hbank20                                   bank20       00000
__Hbank21                                   bank21       00000
__Hbank22                                   bank22       00000
__Hbank23                                   bank23       00000
__Hbank24                                   bank24       00000
__Hbank25                                   bank25       00000
__Hbank26                                   bank26       00000
__Hbank27                                   bank27       00000
__Hbank28                                   bank28       00000
__Hbank29                                   bank29       00000
__Hbank3                                    bank3        00000
__Hbank30                                   bank30       00000
__Hbank31                                   bank31       00000
__Hbank4                                    bank4        00000
__Hbank5                                    bank5        00000
__Hbank6                                    bank6        00000
__Hbank7                                    bank7        00000
__Hbank8                                    bank8        00000
__Hbank9                                    bank9        00000
__Hbigram                                   bigram       00000
__HbssBANK1                                 bssBANK1     00000
__HbssBANK2                                 bssBANK2     00000
__HbssCOMMON                                bssCOMMON    00000
__Hcinit                                    cinit        00040
__Hclrtext                                  clrtext      00000
__Hcode                                     code         00000
__Hcommon                                   common       00000
__Hconfig                                   config       0800C
__HcstackBANK0                              cstackBANK0  00000
__HcstackBANK1                              cstackBANK1  00000
__HcstackCOMMON                             cstackCOMMON 00000
__HdataBANK0                                dataBANK0    00000
__HdataBANK1                                dataBANK1    00000
__HdataBANK2                                dataBANK2    00000
__Heeprom_data                              eeprom_data  00000
__Hend_init                                 end_init     00010
__Hfunctab                                  functab      00000
__HidataBANK0                               idataBANK0   00000
__HidataBANK1                               idataBANK1   00000
__HidataBANK2                               idataBANK2   00000
__Hinit                                     init         0000E
__Hinittext                                 inittext     00000
__Hintentry                                 intentry     0000E
__Hmaintext                                 maintext     00000
__HnvBANK1                                  nvBANK1      00000
__Hpowerup                                  powerup      00000
__Hram                                      ram          00000
__Hreset_vec                                reset_vec    00002
__Hsfr0                                     sfr0         00000
__Hsfr1                                     sfr1         00000
__Hsfr10                                    sfr10        00000
__Hsfr11                                    sfr11        00000
__Hsfr12                                    sfr12        00000
__Hsfr13                                    sfr13        00000
__Hsfr14                                    sfr14        00000
__Hsfr15                                    sfr15        00000
__Hsfr16                                    sfr16        00000
__Hsfr17                                    sfr17        00000
__Hsfr18                                    sfr18        00000
__Hsfr19                                    sfr19        00000
__Hsfr2                                     sfr2         00000
__Hsfr20                                    sfr20        00000
__Hsfr21                                    sfr21        00000
__Hsfr22                                    sfr22        00000
__Hsfr23                                    sfr23        00000
__Hsfr24                                    sfr24        00000
__Hsfr25                                    sfr25        00000
__Hsfr26                                    sfr26        00000
__Hsfr27                                    sfr27        00000
__Hsfr28                                    sfr28        00000
__Hsfr29                                    sfr29        00000
__Hsfr3                                     sfr3         00000
__Hsfr30                                    sfr30        00000
__Hsfr31                                    sfr31        00000
__Hsfr4                                     sfr4         00000
__Hsfr5                                     sfr5         00000
__Hsfr6                                     sfr6         00000
__Hsfr7                                     sfr7         00000
__Hsfr8                                     sfr8         00000
__Hsfr9                                     sfr9         00000
__Hspace_0                                  (abs)        01968
__Hspace_1                                  (abs)        0014A
__Hspace_2                                  (abs)        00000
__Hspace_3                                  (abs)        00000
__Hspace_4                                  (abs)        10013
__Hstack                                    stack        00000
__Hstrings                                  strings      00000
__Hstringtext1                              stringtext1  00000
__Hstringtext10                             stringtext10 00000
__Hstringtext11                             stringtext11 00000
__Hstringtext12                             stringtext12 00000
__Hstringtext13                             stringtext13 00000
__Hstringtext14                             stringtext14 00000
__Hstringtext15                             stringtext15 00000
__Hstringtext16                             stringtext16 00000
__Hstringtext17                             stringtext17 00000
__Hstringtext2                              stringtext2  00000
__Hstringtext3                              stringtext3  00000
__Hstringtext4                              stringtext4  00000
__Hstringtext5                              stringtext5  00000
__Hstringtext6                              stringtext6  00000
__Hstringtext7                              stringtext7  00000
__Hstringtext8                              stringtext8  00000
__Hstringtext9                              stringtext9  00000
__Htext                                     text         00000
__Labs1                                     abs1         00000
__Lbank0                                    bank0        00000
__Lbank1                                    bank1        00000
__Lbank10                                   bank10       00000
__Lbank11                                   bank11       00000
__Lbank12                                   bank12       00000
__Lbank13                                   bank13       00000
__Lbank14                                   bank14       00000
__Lbank15                                   bank15       00000
__Lbank16                                   bank16       00000
__Lbank17                                   bank17       00000
__Lbank18                                   bank18       00000
__Lbank19                                   bank19       00000
__Lbank2                                    bank2        00000
__Lbank20                                   bank20       00000
__Lbank21                                   bank21       00000
__Lbank22                                   bank22       00000
__Lbank23                                   bank23       00000
__Lbank24                                   bank24       00000
__Lbank25                                   bank25       00000
__Lbank26                                   bank26       00000
__Lbank27                                   bank27       00000
__Lbank28                                   bank28       00000
__Lbank29                                   bank29       00000
__Lbank3                                    bank3        00000
__Lbank30                                   bank30       00000
__Lbank31                                   bank31       00000
__Lbank4                                    bank4        00000
__Lbank5                                    bank5        00000
__Lbank6                                    bank6        00000
__Lbank7                                    bank7        00000
__Lbank8                                    bank8        00000
__Lbank9                                    bank9        00000
__Lbigram                                   bigram       00000
__LbssBANK1                                 bssBANK1     00000
__LbssBANK2                                 bssBANK2     00000
__LbssCOMMON                                bssCOMMON    00000
__Lcinit                                    cinit        00010
__Lclrtext                                  clrtext      00000
__Lcode                                     code         00000
__Lcommon                                   common       00000
__Lconfig                                   config       00000
__LcstackBANK0                              cstackBANK0  00000
__LcstackBANK1                              cstackBANK1  00000
__LcstackCOMMON                             cstackCOMMON 00000
__LdataBANK0                                dataBANK0    00000
__LdataBANK1                                dataBANK1    00000
__LdataBANK2                                dataBANK2    00000
__Leeprom_data                              eeprom_data  00000
__Lend_init                                 end_init     0000E
__Lfunctab                                  functab      00000
__LidataBANK0                               idataBANK0   00000
__LidataBANK1                               idataBANK1   00000
__LidataBANK2                               idataBANK2   00000
__Linit                                     init         0000E
__Linittext                                 inittext     00000
__Lintentry                                 intentry     00004
__Lmaintext                                 maintext     00000
__LnvBANK1                                  nvBANK1      00000
__Lpowerup                                  powerup      00000
__Lram                                      ram          00000
__Lreset_vec                                reset_vec    00000
__Lsfr0                                     sfr0         00000
__Lsfr1                                     sfr1         00000
__Lsfr10                                    sfr10        00000
__Lsfr11                                    sfr11        00000
__Lsfr12                                    sfr12        00000
__Lsfr13                                    sfr13        00000
__Lsfr14                                    sfr14        00000
__Lsfr15                                    sfr15        00000
__Lsfr16                                    sfr16        00000
__Lsfr17                                    sfr17        00000
__Lsfr18                                    sfr18        00000
__Lsfr19                                    sfr19        00000
__Lsfr2                                     sfr2         00000
__Lsfr20                                    sfr20        00000
__Lsfr21                                    sfr21        00000
__Lsfr22                                    sfr22        00000
__Lsfr23                                    sfr23        00000
__Lsfr24                                    sfr24        00000
__Lsfr25                                    sfr25        00000
__Lsfr26                                    sfr26        00000
__Lsfr27                                    sfr27        00000
__Lsfr28                                    sfr28        00000
__Lsfr29                                    sfr29        00000
__Lsfr3                                     sfr3         00000
__Lsfr30                                    sfr30        00000
__Lsfr31                                    sfr31        00000
__Lsfr4                                     sfr4         00000
__Lsfr5                                     sfr5         00000
__Lsfr6                                     sfr6         00000
__Lsfr7                                     sfr7         00000
__Lsfr8                                     sfr8         00000
__Lsfr9                                     sfr9         00000
__Lspace_0                                  (abs)        00000
__Lspace_1                                  (abs)        00000
__Lspace_2                                  (abs)        00000
__Lspace_3                                  (abs)        00000
__Lspace_4                                  (abs)        00000
__Lstack                                    stack        00000
__Lstrings                                  strings      00000
__Lstringtext1                              stringtext1  00000
__Lstringtext10                             stringtext10 00000
__Lstringtext11                             stringtext11 00000
__Lstringtext12                             stringtext12 00000
__Lstringtext13                             stringtext13 00000
__Lstringtext14                             stringtext14 00000
__Lstringtext15                             stringtext15 00000
__Lstringtext16                             stringtext16 00000
__Lstringtext17                             stringtext17 00000
__Lstringtext2                              stringtext2  00000
__Lstringtext3                              stringtext3  00000
__Lstringtext4                              stringtext4  00000
__Lstringtext5                              stringtext5  00000
__Lstringtext6                              stringtext6  00000
__Lstringtext7                              stringtext7  00000
__Lstringtext8                              stringtext8  00000
__Lstringtext9                              stringtext9  00000
__Ltext                                     text         00000
__S0                                        (abs)        01968
__S1                                        (abs)        0014A
__S2                                        (abs)        00000
__S3                                        (abs)        00000
___aodiv                                    text19       009DA
___aodiv@counter                            cstackCOMMON 00072
___aodiv@dividend                           cstackBANK0  00028
___aodiv@divisor                            cstackBANK0  00020
___aodiv@quotient                           cstackCOMMON 00074
___aodiv@sign                               cstackCOMMON 00073
___aomod                                    text18       008FE
___aomod@counter                            cstackCOMMON 00072
___aomod@dividend                           cstackBANK0  00028
___aomod@divisor                            cstackBANK0  00020
___aomod@sign                               cstackCOMMON 00073
___bmul                                     text5        011BB
___bmul@multiplicand                        cstackCOMMON 00071
___bmul@multiplier                          cstackCOMMON 00074
___bmul@product                             cstackCOMMON 00073
___int_sp                                   stack        00000
___latbits                                  (abs)        00002
___lmul                                     text28       00801
___lmul@multiplicand                        cstackCOMMON 00075
___lmul@multiplier                          cstackCOMMON 00071
___lmul@product                             cstackBANK0  00020
___sp                                       stack        00000
___stackhi                                  (abs)        023EF
___stacklo                                  (abs)        020CA
___wmul                                     text36       0123A
___wmul@multiplicand                        cstackCOMMON 00073
___wmul@multiplier                          cstackCOMMON 00071
___wmul@product                             cstackCOMMON 00075
__end_of_INTERRUPT_InterruptManager         intentry     0000E
__end_of_IOCAF1_DefaultInterruptHandler     text59       010FB
__end_of_IOCAF1_ISR                         text58       01194
__end_of_IOCAF1_SetInterruptHandler         text44       01123
__end_of_IOCAF2_DefaultInterruptHandler     text56       010FC
__end_of_IOCAF2_ISR                         text55       011A1
__end_of_IOCAF2_SetInterruptHandler         text43       01118
__end_of_IOCBF4_DefaultInterruptHandler     text53       00801
__end_of_IOCBF4_ISR                         text52       011AE
__end_of_IOCBF4_SetInterruptHandler         text42       0111D
__end_of_IOCCF5_DefaultInterruptHandler     text50       00003
__end_of_IOCCF5_ISR                         text49       011BB
__end_of_IOCCF5_SetInterruptHandler         text41       01129
__end_of_OSCILLATOR_Initialize              text45       01140
__end_of_PIN_MANAGER_IOC                    text48       011E1
__end_of_PIN_MANAGER_Initialize             text40       015B2
__end_of_PMD_Initialize                     text39       01137
__end_of_SPI1_ExchangeByte                  text34       0117B
__end_of_SPI1_Initialize                    text38       011F6
__end_of_SPI1_Open                          text46       01488
__end_of_SYSTEM_Initialize                  text37       01187
__end_of___aodiv                            text19       00ACD
__end_of___aomod                            text18       009DA
__end_of___bmul                             text5        011CC
__end_of___lmul                             text28       00830
__end_of___wmul                             text36       01255
__end_of__initialization                    cinit        0003C
__end_of_abs                                text17       01222
__end_of_ctrl_der                           text51       01113
__end_of_ctrl_der2                          text57       0110E
__end_of_ctrl_izq                           text54       01102
__end_of_ctrl_izq2                          text60       010FF
__end_of_dibujarMarcador                    text7        007F9
__end_of_disp_texto                         text25       012B1
__end_of_display_customChar                 text4        01000
__end_of_display_drawCustomChar             text3        01542
__end_of_display_print                      text26       00799
__end_of_display_setCursor                  text24       0115C
__end_of_display_setTextColor               text23       01166
__end_of_display_setTextColor2              text22       01152
__end_of_display_setTextSize                text21       0120B
__end_of_drawPixel                          text30       01365
__end_of_drawVLine                          text29       01625
__end_of_dtoa                               text11       00C1A
__end_of_endWrite                           text35       01109
__end_of_fillRect                           text27       01800
__end_of_fillScreen                         text6        0128D
__end_of_font                               stringtext1  00540
__end_of_fputc                              text15       013AA
__end_of_fputs                              text14       012D6
__end_of_initcmd                            stringtext3  0186F
__end_of_main                               maintext     00DE5
__end_of_moverJugador                       text2        0173D
__end_of_pad                                text12       014D6
__end_of_putch                              text16       00004
__end_of_setAddrWindow                      text32       013F2
__end_of_setRotation                        text20       0143B
__end_of_spi1_configuration                 stringtext2  01968
__end_of_sprintf                            text8        012FE
__end_of_startWrite                         text31       01105
__end_of_strlen                             text13       0123A
__end_of_tft_begin                          text1        016AA
__end_of_vfpfcnvrt                          text10       008FE
__end_of_vfprintf                           text9        0132B
__end_of_writeCommand                       text33       01149
__height                                    bssBANK1     000C7
__initialization                            cinit        00010
__pbssBANK1                                 bssBANK1     000BB
__pbssBANK2                                 bssBANK2     00120
__pbssCOMMON                                bssCOMMON    0007C
__pcstackBANK0                              cstackBANK0  00020
__pcstackBANK1                              cstackBANK1  000D2
__pcstackCOMMON                             cstackCOMMON 00070
__pdataBANK0                                dataBANK0    0006F
__pdataBANK1                                dataBANK1    000A0
__pdataBANK2                                dataBANK2    00140
__pidataBANK0                               idataBANK0   007FF
__pidataBANK1                               idataBANK1   01255
__pidataBANK2                               idataBANK2   01166
__pintentry                                 intentry     00004
__pmaintext                                 maintext     00C1A
__pnvBANK1                                  nvBANK1      000E4
__pstringtext1                              stringtext1  00040
__pstringtext10                             stringtext10 0190E
__pstringtext11                             stringtext11 01920
__pstringtext12                             stringtext12 01932
__pstringtext13                             stringtext13 01941
__pstringtext14                             stringtext14 0194C
__pstringtext15                             stringtext15 01956
__pstringtext16                             stringtext16 0195E
__pstringtext17                             stringtext17 00000
__pstringtext2                              stringtext2  01964
__pstringtext3                              stringtext3  01800
__pstringtext4                              stringtext4  0186F
__pstringtext5                              stringtext5  0188D
__pstringtext6                              stringtext6  018AA
__pstringtext7                              stringtext7  018C7
__pstringtext8                              stringtext8  018E3
__pstringtext9                              stringtext9  018F9
__ptext1                                    text1        01625
__ptext10                                   text10       00830
__ptext11                                   text11       00ACD
__ptext12                                   text12       01488
__ptext13                                   text13       01222
__ptext14                                   text14       012B1
__ptext15                                   text15       01365
__ptext16                                   text16       00003
__ptext17                                   text17       0120B
__ptext18                                   text18       008FE
__ptext19                                   text19       009DA
__ptext2                                    text2        016AA
__ptext20                                   text20       013F2
__ptext21                                   text21       011F6
__ptext22                                   text22       01149
__ptext23                                   text23       0115C
__ptext24                                   text24       01152
__ptext25                                   text25       0128D
__ptext26                                   text26       00540
__ptext27                                   text27       0173D
__ptext28                                   text28       00801
__ptext29                                   text29       015B2
__ptext3                                    text3        014D6
__ptext30                                   text30       0132B
__ptext31                                   text31       01102
__ptext32                                   text32       013AA
__ptext33                                   text33       01140
__ptext34                                   text34       01170
__ptext35                                   text35       01105
__ptext36                                   text36       0123A
__ptext37                                   text37       0117B
__ptext38                                   text38       011E1
__ptext39                                   text39       0112F
__ptext4                                    text4        00DE5
__ptext40                                   text40       01542
__ptext41                                   text41       01123
__ptext42                                   text42       01118
__ptext43                                   text43       01113
__ptext44                                   text44       0111D
__ptext45                                   text45       01137
__ptext46                                   text46       0143B
__ptext48                                   text48       011CC
__ptext49                                   text49       011AE
__ptext5                                    text5        011BB
__ptext50                                   text50       00002
__ptext51                                   text51       0110E
__ptext52                                   text52       011A1
__ptext53                                   text53       00800
__ptext54                                   text54       010FF
__ptext55                                   text55       01194
__ptext56                                   text56       010FB
__ptext57                                   text57       01109
__ptext58                                   text58       01187
__ptext59                                   text59       010FA
__ptext6                                    text6        01270
__ptext60                                   text60       010FC
__ptext7                                    text7        00799
__ptext8                                    text8        012D6
__ptext9                                    text9        012FE
__size_of_INTERRUPT_InterruptManager        (abs)        00000
__size_of_IOCAF1_DefaultInterruptHandler    (abs)        00000
__size_of_IOCAF1_ISR                        (abs)        00000
__size_of_IOCAF1_SetInterruptHandler        (abs)        00000
__size_of_IOCAF2_DefaultInterruptHandler    (abs)        00000
__size_of_IOCAF2_ISR                        (abs)        00000
__size_of_IOCAF2_SetInterruptHandler        (abs)        00000
__size_of_IOCBF4_DefaultInterruptHandler    (abs)        00000
__size_of_IOCBF4_ISR                        (abs)        00000
__size_of_IOCBF4_SetInterruptHandler        (abs)        00000
__size_of_IOCCF5_DefaultInterruptHandler    (abs)        00000
__size_of_IOCCF5_ISR                        (abs)        00000
__size_of_IOCCF5_SetInterruptHandler        (abs)        00000
__size_of_OSCILLATOR_Initialize             (abs)        00000
__size_of_PIN_MANAGER_IOC                   (abs)        00000
__size_of_PIN_MANAGER_Initialize            (abs)        00000
__size_of_PMD_Initialize                    (abs)        00000
__size_of_SPI1_ExchangeByte                 (abs)        00000
__size_of_SPI1_Initialize                   (abs)        00000
__size_of_SPI1_Open                         (abs)        00000
__size_of_SYSTEM_Initialize                 (abs)        00000
__size_of___aodiv                           (abs)        00000
__size_of___aomod                           (abs)        00000
__size_of___bmul                            (abs)        00000
__size_of___lmul                            (abs)        00000
__size_of___wmul                            (abs)        00000
__size_of_abs                               (abs)        00000
__size_of_ctrl_der                          (abs)        00000
__size_of_ctrl_der2                         (abs)        00000
__size_of_ctrl_izq                          (abs)        00000
__size_of_ctrl_izq2                         (abs)        00000
__size_of_dibujarMarcador                   (abs)        00000
__size_of_disp_texto                        (abs)        00000
__size_of_display_customChar                (abs)        00000
__size_of_display_drawCustomChar            (abs)        00000
__size_of_display_print                     (abs)        00000
__size_of_display_setCursor                 (abs)        00000
__size_of_display_setTextColor              (abs)        00000
__size_of_display_setTextColor2             (abs)        00000
__size_of_display_setTextSize               (abs)        00000
__size_of_drawPixel                         (abs)        00000
__size_of_drawVLine                         (abs)        00000
__size_of_dtoa                              (abs)        00000
__size_of_endWrite                          (abs)        00000
__size_of_fillRect                          (abs)        00000
__size_of_fillScreen                        (abs)        00000
__size_of_fputc                             (abs)        00000
__size_of_fputs                             (abs)        00000
__size_of_main                              (abs)        00000
__size_of_moverJugador                      (abs)        00000
__size_of_pad                               (abs)        00000
__size_of_putch                             (abs)        00000
__size_of_setAddrWindow                     (abs)        00000
__size_of_setRotation                       (abs)        00000
__size_of_sprintf                           (abs)        00000
__size_of_startWrite                        (abs)        00000
__size_of_strlen                            (abs)        00000
__size_of_tft_begin                         (abs)        00000
__size_of_vfpfcnvrt                         (abs)        00000
__size_of_vfprintf                          (abs)        00000
__size_of_writeCommand                      (abs)        00000
__width                                     bssBANK1     000C9
_abs                                        text17       0120B
_bolita                                     dataBANK1    000A5
_ctrl_der                                   text51       0110E
_ctrl_der2                                  text57       01109
_ctrl_izq                                   text54       010FF
_ctrl_izq2                                  text60       010FC
_cursor_x                                   bssBANK1     000C5
_cursor_y                                   bssBANK1     000C3
_dbuf                                       bssBANK2     00120
_dibujarMarcador                            text7        00799
_disp_texto                                 text25       0128D
_display_customChar                         text4        00DE5
_display_drawCustomChar                     text3        014D6
_display_print                              text26       00540
_display_setCursor                          text24       01152
_display_setTextColor                       text23       0115C
_display_setTextColor2                      text22       01149
_display_setTextSize                        text21       011F6
_display_setTextSize$1270                   cstackCOMMON 00073
_drawPixel                                  text30       0132B
_drawVLine                                  text29       015B2
_dtoa                                       text11       00ACD
_dtoa$1971                                  cstackBANK0  0003C
_endWrite                                   text35       01105
_fillRect                                   text27       0173D
_fillScreen                                 text6        01270
_flags                                      bssBANK1     000C1
_font                                       stringtext1  00040
_fputc                                      text15       01365
_fputs                                      text14       012B1
_initcmd                                    stringtext3  01800
_jugador1                                   dataBANK2    00140
_jugador2                                   dataBANK1    000B1
_main                                       maintext     00C1A
_marcador                                   bssBANK1     000CF
_moverJugador                               text2        016AA
_movimiento_jugador1                        bssCOMMON    0007C
_movimiento_jugador2                        bssBANK1     000CD
_nout                                       bssBANK1     000BB
_pad                                        text12       01488
_prec                                       bssBANK1     000BF
_puntaje1                                   bssBANK1     000CC
_puntaje2                                   bssBANK1     000CB
_putch                                      text16       00003
_rotation                                   bssBANK1     000CE
_setAddrWindow                              text32       013AA
_setRotation                                text20       013F2
_spi1_configuration                         stringtext2  01964
_sprintf                                    text8        012D6
_startWrite                                 text31       01102
_strlen                                     text13       01222
_textbgcolor                                dataBANK1    000A0
_textcolor                                  dataBANK1    000A2
_textsize                                   dataBANK0    0006F
_tft_begin                                  text1        01625
_vfpfcnvrt                                  text10       00830
_vfprintf                                   text9        012FE
_width                                      bssBANK1     000BD
_writeCommand                               text33       01140
abs@a                                       cstackCOMMON 00074
btemp                                       (abs)        0007E
clear_ram0                                  clrtext      01129
dibujarMarcador@puntaje1                    cstackBANK0  0006E
dibujarMarcador@puntaje2                    cstackBANK0  0006D
disp_texto@cadena                           cstackBANK0  0004A
disp_texto@i                                cstackCOMMON 0007B
display_customChar@c                        cstackBANK0  0003A
display_customChar@i                        cstackBANK0  0004A
display_customChar@j                        cstackBANK0  00049
display_customChar@line                     cstackBANK0  00048
display_drawCustomChar@bg                   cstackBANK0  00053
display_drawCustomChar@c                    cstackBANK0  0004F
display_drawCustomChar@color                cstackBANK0  00051
display_drawCustomChar@prev_bg              cstackBANK0  0005C
display_drawCustomChar@prev_color           cstackBANK0  0005A
display_drawCustomChar@prev_size            cstackBANK0  0005E
display_drawCustomChar@prev_x               cstackBANK0  00056
display_drawCustomChar@prev_y               cstackBANK0  00058
display_drawCustomChar@size                 cstackBANK0  00055
display_drawCustomChar@x                    cstackBANK0  0004B
display_drawCustomChar@y                    cstackBANK0  0004D
display_print@c                             cstackBANK0  00047
display_print@i                             cstackBANK0  00049
display_print@j                             cstackBANK0  00048
display_print@line                          cstackBANK0  00046
display_setCursor@x                         cstackCOMMON 00071
display_setCursor@y                         cstackCOMMON 00073
display_setTextColor2@c                     cstackCOMMON 00071
display_setTextColor@bg                     cstackCOMMON 00073
display_setTextColor@c                      cstackCOMMON 00071
display_setTextSize@s                       cstackCOMMON 00075
drawPixel@color                             cstackBANK0  0002A
drawPixel@x                                 cstackBANK0  00026
drawPixel@y                                 cstackBANK0  00028
drawVLine@color                             cstackBANK0  0002C
drawVLine@h                                 cstackBANK0  0002A
drawVLine@hi                                cstackBANK0  00032
drawVLine@lo                                cstackBANK0  00033
drawVLine@x                                 cstackBANK0  00026
drawVLine@y                                 cstackBANK0  00028
dtoa@d                                      cstackBANK0  00030
dtoa@fp                                     cstackBANK0  0003B
dtoa@i                                      cstackBANK0  0004C
dtoa@n                                      cstackBANK0  00044
dtoa@p                                      cstackBANK0  0003E
dtoa@s                                      cstackBANK0  00042
dtoa@w                                      cstackBANK0  00040
end_of_initialization                       cinit        0003C
fillRect@color                              cstackBANK0  0002E
fillRect@h                                  cstackBANK0  0002C
fillRect@hi                                 cstackBANK0  00038
fillRect@lo                                 cstackBANK0  00039
fillRect@px                                 cstackBANK0  00034
fillRect@w                                  cstackBANK0  0002A
fillRect@x                                  cstackBANK0  00026
fillRect@y                                  cstackBANK0  00028
fillScreen@color                            cstackBANK0  0003A
fputc@c                                     cstackCOMMON 00071
fputc@fp                                    cstackCOMMON 00073
fputs@c                                     cstackBANK0  00023
fputs@fp                                    cstackCOMMON 00079
fputs@i                                     cstackBANK0  00024
fputs@s                                     cstackBANK0  00026
init_ram                                    inittext     007F9
int$flags                                   (abs)        0007E
intlevel0                                   functab      00000
intlevel1                                   functab      00000
intlevel2                                   functab      00000
[...]
Total ram usage:        0 bytes
 Hardware stack levels used:    1
 Hardware stack levels required when called:    1
 This function calls:
		Absolute function
		_IOCCF5_DefaultInterruptHandler
		_ctrl_der
 This function is called by:
		_PIN_MANAGER_IOC
 This function uses a non-reentrant model


 *************** function _IOCCF5_DefaultInterruptHandler *****************
 Defined at:
		line 311 in file "mcc_generated_files/pin_manager.c"
 Parameters:    Size  Location     Type
		None
 Auto vars:     Size  Location     Type
		None
 Return value:  Size  Location     Type
                  1    wreg      void 
 Registers used:
		None
 Tracked objects:
		On entry : 
		On exit  : 
		Unchanged: 
 Data sizes:     COMMON   BANK0   BANK1   BANK2   BANK3   BANK4   BANK5   BANK6   BANK7   BANK8   BANK9  BANK10  BANK11  BANK12
      Params:         0       0       0       0       0       0       0       0       0       0       0       0       0       0
      Locals:         0       0       0       0       0       0       0       0       0       0       0       0       0       0
      Temps:          0       0       0       0       0       0       0       0       0       0       0       0       0       0
      Totals:         0       0       0       0       0       0       0       0       0       0       0       0       0       0
Total ram usage:        0 bytes
 Hardware stack levels used:    1
 This function calls:
		Nothing
 This function is called by:
		_PIN_MANAGER_Initialize
		_IOCCF5_ISR
 This function uses a non-reentrant model


 *************** function _ctrl_der *****************
 Defined at:
		line 188 in file "main.c"
 Parameters:    Size  Location     Type
		None
 Auto vars:     Size  Location     Type
		None
 Return value:  Size  Location     Type
                  1    wreg      void 
 Registers used:
		wreg
 Tracked objects:
		On entry : 
		On exit  : 
		Unchanged: 
 Data sizes:     COMMON   BANK0   BANK1   BANK2   BANK3   BANK4   BANK5   BANK6   BANK7   BANK8   BANK9  BANK10  BANK11  BANK12
      Params:         0       0       0       0       0       0       0       0       0       0       0       0       0       0
      Locals:         0       0       0       0       0       0       0       0       0       0       0       0       0       0
      Temps:          1       0       0       0       0       0       0       0       0       0       0       0       0       0
      Totals:         1       0       0       0       0       0       0       0       0       0       0       0       0       0
Total ram usage:        1 bytes
 Hardware stack levels used:    1
 This function calls:
		Nothing
 This function is called by:
		_main
		_IOCCF5_ISR
 This function uses a non-reentrant model


 *************** function _IOCBF4_ISR *****************
 Defined at:
		line 259 in file "mcc_generated_files/pin_manager.c"
 Parameters:    Size  Location     Type
		None
 Auto vars:     Size  Location     Type
		None
 Return value:  Size  Location     Type
                  1    wreg      void 
 Registers used:
		wreg, status,2, status,0, pclath, cstack
 Tracked objects:
		On entry : 
		On exit  : 
		Unchanged: 
 Data sizes:     COMMON   BANK0   BANK1   BANK2   BANK3   BANK4   BANK5   BANK6   BANK7   BANK8   BANK9  BANK10  BANK11  BANK12
      Params:         0       0       0       0       0       0       0       0       0       0       0       0       0       0
      Locals:         0       0       0       0       0       0       0       0       0       0       0       0       0       0
      Temps:          0       0       0       0       0       0       0       0       0       0       0       0       0       0
      Totals:         0       0       0       0       0       0       0       0       0       0       0       0       0       0
Total ram usage:        0 bytes
 Hardware stack levels used:    1
 Hardware stack levels required when called:    1
 This function calls:
		Absolute function
		_IOCBF4_DefaultInterruptHandler
		_ctrl_izq
 This function is called by:
		_PIN_MANAGER_IOC
 This function uses a non-reentrant model


 *************** function _IOCBF4_DefaultInterruptHandler *****************
 Defined at:
		line 281 in file "mcc_generated_files/pin_manager.c"
 Parameters:    Size  Location     Type
		None
 Auto vars:     Size  Location     Type
		None
 Return value:  Size  Location     Type
                  1    wreg      void 
 Registers used:
		None
 Tracked objects:
		On entry : 
		On exit  : 
		Unchanged: 
 Data sizes:     COMMON   BANK0   BANK1   BANK2   BANK3   BANK4   BANK5   BANK6   BANK7   BANK8   BANK9  BANK10  BANK11  BANK12
      Params:         0       0       0       0       0       0       0       0       0       0       0       0       0       0
      Locals:         0       0       0       0       0       0       0       0       0       0       0       0       0       0
      Temps:          0       0       0       0       0       0       0       0       0       0       0       0       0       0
      Totals:         0       0       0       0       0       0       0       0       0       0       0       0       0       0
Total ram usage:        0 bytes
 Hardware stack levels used:    1
 This function calls:
		Nothing
 This function is called by:
		_PIN_MANAGER_Initialize
		_IOCBF4_ISR
 This function uses a non-reentrant model


 *************** function _ctrl_izq *****************
 Defined at:
		line 184 in file "main.c"
 Parameters:    Size  Location     Type
		None
 Auto vars:     Size  Location     Type
		None
 Return value:  Size  Location     Type
                  1    wreg      void 
 Registers used:
		None
 Tracked objects:
		On entry : 
		On exit  : 
		Unchanged: 
 Data sizes:     COMMON   BANK0   BANK1   BANK2   BANK3   BANK4   BANK5   BANK6   BANK7   BANK8   BANK9  BANK10  BANK11  BANK12
      Params:         0       0       0       0       0       0       0       0       0       0       0       0       0       0
      Locals:         0       0       0       0       0       0       0       0       0       0       0       0       0       0
      Temps:          0       0       0       0       0       0       0       0       0       0       0       0       0       0
      Totals:         0       0       0       0       0       0       0       0       0       0       0       0       0       0
Total ram usage:        0 bytes
 Hardware stack levels used:    1
 This function calls:
		Nothing
 This function is called by:
		_main
		_IOCBF4_ISR
 This function uses a non-reentrant model


 *************** function _IOCAF2_ISR *****************
 Defined at:
		line 229 in file "mcc_generated_files/pin_manager.c"
 Parameters:    Size  Location     Type
		None
 Auto vars:     Size  Location     Type
		None
 Return value:  Size  Location     Type
                  1    wreg      void 
 Registers used:
		wreg, status,2, status,0, pclath, cstack
 Tracked objects:
		On entry : 
		On exit  : 
		Unchanged: 
 Data sizes:     COMMON   BANK0   BANK1   BANK2   BANK3   BANK4   BANK5   BANK6   BANK7   BANK8   BANK9  BANK10  BANK11  BANK12
      Params:         0       0       0       0       0       0       0       0       0       0       0       0       0       0
      Locals:         0       0       0       0       0       0       0       0       0       0       0       0       0       0
      Temps:          0       0       0       0       0       0       0       0       0       0       0       0       0       0
      Totals:         0       0       0       0       0       0       0       0       0       0       0       0       0       0
Total ram usage:        0 bytes
 Hardware stack levels used:    1
 Hardware stack levels required when called:    1
 This function calls:
		Absolute function
		_IOCAF2_DefaultInterruptHandler
		_ctrl_der2
 This function is called by:
		_PIN_MANAGER_IOC
 This function uses a non-reentrant model


 *************** function _IOCAF2_DefaultInterruptHandler *****************
 Defined at:
		line 251 in file "mcc_generated_files/pin_manager.c"
 Parameters:    Size  Location     Type
		None
 Auto vars:     Size  Location     Type
		None
 Return value:  Size  Location     Type
                  1    wreg      void 
 Registers used:
		None
 Tracked objects:
		On entry : 
		On exit  : 
		Unchanged: 
 Data sizes:     COMMON   BANK0   BANK1   BANK2   BANK3   BANK4   BANK5   BANK6   BANK7   BANK8   BANK9  BANK10  BANK11  BANK12
      Params:         0       0       0       0       0       0       0       0       0       0       0       0       0       0
      Locals:         0       0       0       0       0       0       0       0       0       0       0       0       0       0
      Temps:          0       0       0       0       0       0       0       0       0       0       0       0       0       0
      Totals:         0       0       0       0       0       0       0       0       0       0       0       0       0       0
Total ram usage:        0 bytes
 Hardware stack levels used:    1
 This function calls:
		Nothing
 This function is called by:
		_PIN_MANAGER_Initialize
		_IOCAF2_ISR
 This function uses a non-reentrant model


 *************** function _ctrl_der2 *****************
 Defined at:
		line 197 in file "main.c"
 Parameters:    Size  Location     Type
		None
 Auto vars:     Size  Location     Type
		None
 Return value:  Size  Location     Type
                  1    wreg      void 
 Registers used:
		wreg
 Tracked objects:
		On entry : 
		On exit  : 
		Unchanged: 
 Data sizes:     COMMON   BANK0   BANK1   BANK2   BANK3   BANK4   BANK5   BANK6   BANK7   BANK8   BANK9  BANK10  BANK11  BANK12
      Params:         0       0       0       0       0       0       0       0       0       0       0       0       0       0
      Locals:         0       0       0       0       0       0       0       0       0       0       0       0       0       0
      Temps:          1       0       0       0       0       0       0       0       0       0       0       0       0       0
      Totals:         1       0       0       0       0       0       0       0       0       0       0       0       0       0
Total ram usage:        1 bytes
 Hardware stack levels used:    1
 This function calls:
		Nothing
 This function is called by:
		_main
		_IOCAF2_ISR
 This function uses a non-reentrant model


 *************** function _IOCAF1_ISR *****************
 Defined at:
		line 199 in file "mcc_generated_files/pin_manager.c"
 Parameters:    Size  Location     Type
		None
 Auto vars:     Size  Location     Type
		None
 Return value:  Size  Location     Type
                  1    wreg      void 
 Registers used:
		wreg, status,2, status,0, pclath, cstack
 Tracked objects:
		On entry : 
		On exit  : 
		Unchanged: 
 Data sizes:     COMMON   BANK0   BANK1   BANK2   BANK3   BANK4   BANK5   BANK6   BANK7   BANK8   BANK9  BANK10  BANK11  BANK12
      Params:         0       0       0       0       0       0       0       0       0       0       0       0       0       0
      Locals:         0       0       0       0       0       0       0       0       0       0       0       0       0       0
      Temps:          0       0       0       0       0       0       0       0       0       0       0       0       0       0
      Totals:         0       0       0       0       0       0       0       0       0       0       0       0       0       0
Total ram usage:        0 bytes
 Hardware stack levels used:    1
 Hardware stack levels required when called:    1
 This function calls:
		Absolute function
		_IOCAF1_DefaultInterruptHandler
		_ctrl_izq2
 This function is called by:
		_PIN_MANAGER_IOC
 This function uses a non-reentrant model


 *************** function _IOCAF1_DefaultInterruptHandler *****************
 Defined at:
		line 221 in file "mcc_generated_files/pin_manager.c"
 Parameters:    Size  Location     Type
		None
 Auto vars:     Size  Location     Type
		None
 Return value:  Size  Location     Type
                  1    wreg      void 
 Registers used:
		None
 Tracked objects:
		On entry : 
		On exit  : 
		Unchanged: 
 Data sizes:     COMMON   BANK0   BANK1   BANK2   BANK3   BANK4   BANK5   BANK6   BANK7   BANK8   BANK9  BANK10  BANK11  BANK12
      Params:         0       0       0       0       0       0       0       0       0       0       0       0       0       0
      Locals:         0       0       0       0       0       0       0       0       0       0       0       0       0       0
      Temps:          0       0       0       0       0       0       0       0       0       0       0       0       0       0
      Totals:         0       0       0       0       0       0       0       0       0       0       0       0       0       0
Total ram usage:        0 bytes
 Hardware stack levels used:    1
 This function calls:
		Nothing
 This function is called by:
		_PIN_MANAGER_Initialize
		_IOCAF1_ISR
 This function uses a non-reentrant model


 *************** function _ctrl_izq2 *****************
 Defined at:
		line 193 in file "main.c"
 Parameters:    Size  Location     Type
		None
 Auto vars:     Size  Location     Type
		None
 Return value:  Size  Location     Type
                  1    wreg      void 
 Registers used:
		None
 Tracked objects:
		On entry : 
		On exit  : 
		Unchanged: 
 Data sizes:     COMMON   BANK0   BANK1   BANK2   BANK3   BANK4   BANK5   BANK6   BANK7   BANK8   BANK9  BANK10  BANK11  BANK12
      Params:         0       0       0       0       0       0       0       0       0       0       0       0       0       0
      Locals:         0       0       0       0       0       0       0       0       0       0       0       0       0       0
      Temps:          0       0       0       0       0       0       0       0       0       0       0       0       0       0
      Totals:         0       0       0       0       0       0       0       0       0       0       0       0       0       0
Total ram usage:        0 bytes
 Hardware stack levels used:    1
 This function calls:
		Nothing
 This function is called by:
		_main
		_IOCAF1_ISR
 This function uses a non-reentrant model



MODULE INFORMATION

Module		Function		Class		Link	Load	Size
C:\Program Files\Microchip\xc8\v2.31\pic\sources\c99\common\Umul32.c
		___lmul        		CODE           	0801	0000	47

C:\Program Files\Microchip\xc8\v2.31\pic\sources\c99\common\Umul32.c estimated size: 47

C:\Program Files\Microchip\xc8\v2.31\pic\sources\c99\common\putch.c
		_putch         		CODE           	0003	0000	1

C:\Program Files\Microchip\xc8\v2.31\pic\sources\c99\common\putch.c estimated size: 1

C:\Program Files\Microchip\xc8\v2.31\pic\sources\c99\common\nf_fputs.c
		_fputs         		CODE           	12B1	0000	37

C:\Program Files\Microchip\xc8\v2.31\pic\sources\c99\common\nf_fputs.c estimated size: 37

GFX_Library.c
		_display_setTextColor		CODE           	115C	0000	10
		_display_setTextSize		CODE           	11F6	0000	21
		_display_print 		CODE           	0540	0000	601
		_display_setCursor		CODE           	1152	0000	10
		_display_drawCustomChar		CODE           	14D6	0000	108
		_display_customChar		CODE           	0DE5	0000	539
		_display_setTextColor2		CODE           	1149	0000	9

GFX_Library.c estimated size: 1298

mcc_generated_files/interrupt_manager.c
		_INTERRUPT_InterruptManager		CODE           	0004	0000	10

mcc_generated_files/interrupt_manager.c estimated size: 10

C:\Program Files\Microchip\xc8\v2.31\pic\sources\c99\common\aomod.c
		___aomod       		CODE           	08FE	0000	220

C:\Program Files\Microchip\xc8\v2.31\pic\sources\c99\common\aomod.c estimated size: 220

C:\Program Files\Microchip\xc8\v2.31\pic\sources\c99\common\abs.c
		_abs           		CODE           	120B	0000	23

C:\Program Files\Microchip\xc8\v2.31\pic\sources\c99\common\abs.c estimated size: 23

C:\Program Files\Microchip\xc8\v2.31\pic\sources\c99\common\strlen.c
		_strlen        		CODE           	1222	0000	24

C:\Program Files\Microchip\xc8\v2.31\pic\sources\c99\common\strlen.c estimated size: 24

mcc_generated_files/pin_manager.c
		_PIN_MANAGER_Initialize		CODE           	1542	0000	112
		_IOCCF5_SetInterruptHandler		CODE           	1123	0000	6
		_IOCAF1_DefaultInterruptHandler		CODE           	10FA	0000	1
		_IOCAF1_ISR    		CODE           	1187	0000	13
		_IOCBF4_DefaultInterruptHandler		CODE           	0800	0000	1
		_IOCBF4_ISR    		CODE           	11A1	0000	13
		_IOCAF2_DefaultInterruptHandler		CODE           	10FB	0000	1
		_IOCAF2_ISR    		CODE           	1194	0000	13
		_IOCAF1_SetInterruptHandler		CODE           	111D	0000	6
		_PIN_MANAGER_IOC		CODE           	11CC	0000	21
		_IOCBF4_SetInterruptHandler		CODE           	1118	0000	5
		_IOCCF5_DefaultInterruptHandler		CODE           	0002	0000	1
		_IOCCF5_ISR    		CODE           	11AE	0000	13
		_IOCAF2_SetInterruptHandler		CODE           	1113	0000	5

mcc_generated_files/pin_manager.c estimated size: 211

mcc_generated_files/spi1.c
		_SPI1_Open     		CODE           	143B	0000	77
		_SPI1_Initialize		CODE           	11E1	0000	21
		_SPI1_ExchangeByte		CODE           	1170	0000	11

mcc_generated_files/spi1.c estimated size: 109

ILI9341.c
		_startWrite    		CODE           	1102	0000	3
		_fillScreen    		CODE           	1270	0000	29
		_tft_begin     		CODE           	1625	0000	133
		_writeCommand  		CODE           	1140	0000	9
		_drawVLine     		CODE           	15B2	0000	115
		_setAddrWindow 		CODE           	13AA	0000	72
		_setRotation   		CODE           	13F2	0000	73
		_fillRect      		CODE           	173D	0000	195
		_drawPixel     		CODE           	132B	0000	58
		_endWrite      		CODE           	1105	0000	4

ILI9341.c estimated size: 691

C:\Program Files\Microchip\xc8\v2.31\pic\sources\c99\common\aodiv.c
		___aodiv       		CODE           	09DA	0000	243

C:\Program Files\Microchip\xc8\v2.31\pic\sources\c99\common\aodiv.c estimated size: 243

C:\Program Files\Microchip\xc8\v2.31\pic\sources\c99\common\nf_fputc.c
		_fputc         		CODE           	1365	0000	69

C:\Program Files\Microchip\xc8\v2.31\pic\sources\c99\common\nf_fputc.c estimated size: 69

shared
		_font          		STRCODE        	0040	0000	1280
		_initcmd       		STRCODE        	1800	0000	111
		__initialization		CODE           	0010	0000	44
		_spi1_configuration		STRCODE        	1964	0000	4

shared estimated size: 1439

mcc_generated_files/mcc.c
		_PMD_Initialize		CODE           	112F	0000	8
		_OSCILLATOR_Initialize		CODE           	1137	0000	9
		_SYSTEM_Initialize		CODE           	117B	0000	12

mcc_generated_files/mcc.c estimated size: 29

C:\Program Files\Microchip\xc8\v2.31\pic\sources\c99\common\doprnt.c
		_vfpfcnvrt     		CODE           	0830	0000	206
		_pad           		CODE           	1488	0000	78
		_dtoa          		CODE           	0ACD	0000	333
		_vfprintf      		CODE           	12FE	0000	45

C:\Program Files\Microchip\xc8\v2.31\pic\sources\c99\common\doprnt.c estimated size: 662

C:\Program Files\Microchip\xc8\v2.31\pic\sources\c99\common\nf_sprintf.c
		_sprintf       		CODE           	12D6	0000	40

C:\Program Files\Microchip\xc8\v2.31\pic\sources\c99\common\nf_sprintf.c estimated size: 40

C:\Program Files\Microchip\xc8\v2.31\pic\sources\c99\common\Umul8.c
		___bmul        		CODE           	11BB	0000	17

C:\Program Files\Microchip\xc8\v2.31\pic\sources\c99\common\Umul8.c estimated size: 17

C:\Program Files\Microchip\xc8\v2.31\pic\sources\c99\common\Umul16.c
		___wmul        		CODE           	123A	0000	27

C:\Program Files\Microchip\xc8\v2.31\pic\sources\c99\common\Umul16.c estimated size: 27

main.c
		_moverJugador  		CODE           	16AA	0000	147
		_ctrl_der      		CODE           	110E	0000	5
		_ctrl_der2     		CODE           	1109	0000	5
		_ctrl_izq      		CODE           	10FF	0000	3
		_ctrl_izq2     		CODE           	10FC	0000	3
		_dibujarMarcador		CODE           	0799	0000	96
		_main          		CODE           	0C1A	0000	459
		_disp_texto    		CODE           	128D	0000	36

main.c estimated size: 754

