Microchip MPLAB XC8 Compiler V2.31

Linker command line:

-W-3 --edf=C:\Program Files\Microchip\xc8\v2.31\pic\dat\en_msgs.txt -cn \
  -h+dist/default/production\ili9341lib.X.production.sym \
  --cmf=dist/default/production\ili9341lib.X.production.cmf -z -Q16F18875 \
  -oC:\Users\sseba\AppData\Local\Temp\se50.2 --defsym=__MPLAB_BUILD=1 \
  -Mdist/default/production/ili9341lib.X.production.map -E1 \
  -ver=XC8 Compiler --acfsm=1493 -ASTACK=02040h-023EFh -pstack=STACK \
  -ACODE=00h-07FFhx4 -ASTRCODE=00h-01FFFh -ASTRING=00h-0FFhx32 \
  -ACONST=00h-0FFhx32 -AENTRY=00h-0FFhx32 -ACOMMON=070h-07Fh \
  -ABANK0=020h-06Fh -ABANK1=0A0h-0EFh -ABANK2=0120h-016Fh \
  -ABANK3=01A0h-01EFh -ABANK4=0220h-026Fh -ABANK5=02A0h-02EFh \
  -ABANK6=0320h-036Fh -ABANK7=03A0h-03EFh -ABANK8=0420h-046Fh \
  -ABANK9=04A0h-04EFh -ABANK10=0520h-056Fh -ABANK11=05A0h-05EFh \
  -ABANK12=0620h-064Fh -ABIGRAM=02000h-023EFh \
  -ARAM=020h-06Fh,0A0h-0EFh,0120h-016Fh,01A0h-01EFh,0220h-026Fh,02A0h-02EFh,0320h-036Fh,03A0h-03EFh,0420h-046Fh,04A0h-04EFh,0520h-056Fh,05A0h-05EFh,0620h-064Fh \
  -AABS1=020h-07Fh,0A0h-0EFh,0120h-016Fh,01A0h-01EFh,0220h-026Fh,02A0h-02EFh,0320h-036Fh,03A0h-03EFh,0420h-046Fh,04A0h-04EFh,0520h-056Fh,05A0h-05EFh,0620h-064Fh \
  -ASFR0=00h-01Fh -ASFR1=080h-09Fh -ASFR2=0100h-011Fh -ASFR3=0180h-019Fh \
  -ASFR4=0200h-021Fh -ASFR5=0280h-029Fh -ASFR6=0300h-031Fh \
  -ASFR7=0380h-039Fh -ASFR8=0400h-041Fh -ASFR9=0480h-049Fh \
  -ASFR10=0500h-051Fh -ASFR11=0580h-059Fh -ASFR12=0600h-061Fh \
  -ASFR13=0680h-06EFh -ASFR14=0700h-076Fh -ASFR15=0780h-07EFh \
  -ASFR16=0800h-086Fh -ASFR17=0880h-08EFh -ASFR18=0900h-096Fh \
  -ASFR19=0980h-09EFh -ASFR20=0A00h-0A6Fh -ASFR21=0A80h-0AEFh \
  -ASFR22=0B00h-0B6Fh -ASFR23=0B80h-0BEFh -ASFR24=0C00h-0C6Fh \
  -ASFR25=0C80h-0CEFh -ASFR26=0D00h-0D6Fh -ASFR27=0D80h-0DEFh \
  -ASFR28=0E00h-0E6Fh -ASFR29=0E80h-0EEFh -ASFR30=0F00h-0F6Fh \
  -ASFR31=0F80h-0FEFh -ACONFIG=08007h-0800Bh -DCONFIG=2 \
  -AIDLOC=08000h-08003h -DIDLOC=2 -AEEDATA=00h-0FFh/0F000h \
  -peeprom_data=EEDATA -DEEDATA=2 -DCODE=2 -DSTRCODE=2 -DSTRING=2 -DCONST=2 \
  -DENTRY=2 -preset_vec=00h,intentry,init,end_init -ppowerup=CODE \
  -pcinit=CODE -pfunctab=ENTRY -k C:\Users\sseba\AppData\Local\Temp\se50.o \
  dist/default/production\ili9341lib.X.production.o 

Object code version is 3.11

Machine type is 16F18875



                Name                               Link     Load   Length Selector   Space Scale
C:\Users\sseba\AppData\Local\Temp\se50.o
                end_init                              2        2        2        0       0
                reset_vec                             0        0        2        0       0
                config                             8007     8007        5        0       4
dist/default/production\ili9341lib.X.production.o
                cinit                               7E4      7E4       1C      FC8       0
                config                             8007     8007        5        0       4
                text26                              2AC      2AC       4F      558       0
                text25                               73       73        9       E6       0
                text24                              1D3      1D3       47      3A6       0
                text23                               6B       6B        8       D6       0
                text22                               B4       B4       15      168       0
                text21                               9A       9A        D      134       0
                text20                               61       61        4       C2       0
                text19                               5E       5E        3       BC       0
                text18                               A7       A7        D      14E       0
                text17                               7C       7C        A       F8       0
                text16                              2FB      2FB       61      5F6       0
                text15                              166      166       33      2CC       0
                text14                              262      262       4A      4C4       0
                text13                              506      506       C0      A0C       0
                text12                               C9       C9       17      192       0
                text11                              117      117       27      22E       0
                text10                               F8       F8       1F      1F0       0
                text9                               199      199       3A      332       0
                text8                               35C      35C       70      6B8       0
                text7                               5C6      5C6      21E      B8C       0
                text6                               13E      13E       28      27C       0
                text5                                86       86        A      10C       0
                text4                                90       90        A      120       0
                text3                                E0       E0       18      1C0       0
                text2                               459      459       AD      8B2       0
                text1                               3CC      3CC       8D      798       0
                maintext                            21A      21A       48      434       0
                cstackBANK0                          20       20       31       20       1
                cstackCOMMON                         70       70        E       70       1
                dataBANK0                            5A       5A        6       20       1
                bssBANK0                             51       51        9       20       1
                stringtext14                        E56      E56        8     1000       0
                stringtext13                        E4C      E4C        A     1000       0
                stringtext12                        E41      E41        B     1000       0
                stringtext11                        E32      E32        F     1000       0
                stringtext10                        E20      E20       12     1000       0
                stringtext9                         E0E      E0E       12     1000       0
                stringtext8                         DF9      DF9       15     1000       0
                stringtext7                         DE3      DE3       16     1000       0
                stringtext6                         DC7      DC7       1C     1000       0
                stringtext5                         DAA      DAA       1D     1000       0
                stringtext4                         D8D      D8D       1D     1000       0
                stringtext3                         D00      D00       8D     1000       0
                stringtext2                         E5E      E5E        4     1000       0
                stringtext1                         800      800      500     1000       0
                idataBANK0                           65       65        6       CA       0

TOTAL           Name                               Link     Load   Length     Space
        CLASS   STACK          

        CLASS   CODE           
                end_init                              2        2        2         0
                cinit                               7E4      7E4       1C         0
                reset_vec                             0        0        2         0
                text26                              2AC      2AC       4F         0
                text25                               73       73        9         0
                text24                              1D3      1D3       47         0
                text23                               6B       6B        8         0
                text22                               B4       B4       15         0
                text21                               9A       9A        D         0
                text20                               61       61        4         0
                text19                               5E       5E        3         0
                text18                               A7       A7        D         0
                text17                               7C       7C        A         0
                text16                              2FB      2FB       61         0
                text15                              166      166       33         0
                text14                              262      262       4A         0
                text13                              506      506       C0         0
                text12                               C9       C9       17         0
                text11                              117      117       27         0
                text10                               F8       F8       1F         0
                text9                               199      199       3A         0
                text8                               35C      35C       70         0
                text7                               5C6      5C6      21E         0
                text6                               13E      13E       28         0
                text5                                86       86        A         0
                text4                                90       90        A         0
                text3                                E0       E0       18         0
                text2                               459      459       AD         0
                text1                               3CC      3CC       8D         0
                maintext                            21A      21A       48         0
                idataBANK0                           65       65        6         0

        CLASS   STRCODE        
                stringtext14                        E56      E56        8         0
                stringtext13                        E4C      E4C        A         0
                stringtext12                        E41      E41        B         0
                stringtext11                        E32      E32        F         0
                stringtext10                        E20      E20       12         0
                stringtext9                         E0E      E0E       12         0
                stringtext8                         DF9      DF9       15         0
                stringtext7                         DE3      DE3       16         0
                stringtext6                         DC7      DC7       1C         0
                stringtext5                         DAA      DAA       1D         0
                stringtext4                         D8D      D8D       1D         0
                stringtext3                         D00      D00       8D         0
                stringtext2                         E5E      E5E        4         0
                stringtext1                         800      800      500         0

        CLASS   STRING         

        CLASS   CONST          

        CLASS   ENTRY          

        CLASS   COMMON         
                cstackCOMMON                         70       70        E         1

        CLASS   BANK0          
                cstackBANK0                          20       20       31         1
                dataBANK0                            5A       5A        6         1
                bssBANK0                             51       51        9         1

        CLASS   BANK1          

        CLASS   BANK2          

        CLASS   BANK3          

        CLASS   BANK4          

        CLASS   BANK5          

        CLASS   BANK6          

        CLASS   BANK7          

        CLASS   BANK8          

        CLASS   BANK9          

        CLASS   BANK10         

        CLASS   BANK11         

        CLASS   BANK12         

        CLASS   BIGRAM         

        CLASS   RAM            

        CLASS   ABS1           
                abs_s1                               7E       7E        2         1

        CLASS   SFR0           

        CLASS   SFR1           

        CLASS   SFR2           

        CLASS   SFR3           

        CLASS   SFR4           

        CLASS   SFR5           

        CLASS   SFR6           

        CLASS   SFR7           

        CLASS   SFR8           

        CLASS   SFR9           

        CLASS   SFR10          

        CLASS   SFR11          

        CLASS   SFR12          

        CLASS   SFR13          

        CLASS   SFR14          

        CLASS   SFR15          

        CLASS   SFR16          

        CLASS   SFR17          

        CLASS   SFR18          

        CLASS   SFR19          

        CLASS   SFR20          

        CLASS   SFR21          

        CLASS   SFR22          

        CLASS   SFR23          

        CLASS   SFR24          

        CLASS   SFR25          

        CLASS   SFR26          

        CLASS   SFR27          

        CLASS   SFR28          

        CLASS   SFR29          

        CLASS   SFR30          

        CLASS   SFR31          

        CLASS   CONFIG         
                config                             8007     8007        5         4

        CLASS   IDLOC          

        CLASS   EEDATA         

        CLASS   BANK31         

        CLASS   BANK30         

        CLASS   BANK29         

        CLASS   BANK28         

        CLASS   BANK27         

        CLASS   BANK26         

        CLASS   BANK25         

        CLASS   BANK24         

        CLASS   BANK23         

        CLASS   BANK22         

        CLASS   BANK21         

        CLASS   BANK20         

        CLASS   BANK19         

        CLASS   BANK18         

        CLASS   BANK17         

        CLASS   BANK16         

        CLASS   BANK15         

        CLASS   BANK14         

        CLASS   BANK13         



SEGMENTS        Name                           Load    Length   Top    Selector   Space  Class     Delta

                reset_vec                      000000  000004  000004         0       0  CODE        2
                cstackBANK0                    000020  000040  000060        20       1  BANK0       1
                cstackCOMMON                   000070  00000E  00007E        70       1  COMMON      1
                text19                         00005E  000003  000061        BC       0  CODE        2
                text20                         000061  000004  000065        C2       0  CODE        2
                idataBANK0                     000065  000006  00006B        CA       0  CODE        2
                text23                         00006B  000008  000073        D6       0  CODE        2
                text25                         000073  000009  00007C        E6       0  CODE        2
                text17                         00007C  00000A  000086        F8       0  CODE        2
                text5                          000086  00000A  000090       10C       0  CODE        2
                text4                          000090  00000A  00009A       120       0  CODE        2
                text21                         00009A  00000D  0000A7       134       0  CODE        2
                text18                         0000A7  00000D  0000B4       14E       0  CODE        2
                text22                         0000B4  000015  0000C9       168       0  CODE        2
                text12                         0000C9  000017  0000E0       192       0  CODE        2
                text3                          0000E0  000018  0000F8       1C0       0  CODE        2
                text10                         0000F8  00001F  000117       1F0       0  CODE        2
                text11                         000117  000027  00013E       22E       0  CODE        2
                text6                          00013E  000028  000166       27C       0  CODE        2
                text15                         000166  000033  000199       2CC       0  CODE        2
                text9                          000199  00003A  0001D3       332       0  CODE        2
                text24                         0001D3  000047  00021A       3A6       0  CODE        2
                maintext                       00021A  000048  000262       434       0  CODE        2
                text14                         000262  00004A  0002AC       4C4       0  CODE        2
                text26                         0002AC  00004F  0002FB       558       0  CODE        2
                text16                         0002FB  000061  00035C       5F6       0  CODE        2
                text8                          00035C  000070  0003CC       6B8       0  CODE        2
                text1                          0003CC  00008D  000459       798       0  CODE        2
                text2                          000459  0000AD  000506       8B2       0  CODE        2
                text13                         000506  0000C0  0005C6       A0C       0  CODE        2
                text7                          0005C6  00021E  0007E4       B8C       0  CODE        2
                cinit                          0007E4  00001C  000800       FC8       0  CODE        2
                stringtext1                    000800  000662  000E62      1000       0  STRCODE     2


UNUSED ADDRESS RANGES

        Name                Unused          Largest block    Delta
        BANK0            00060-0006F              10           1
        BANK1            000A0-000EF              50           1
        BANK10           00520-0056F              50           1
        BANK11           005A0-005EF              50           1
        BANK12           00620-0064F              30           1
        BANK2            00120-0016F              50           1
        BANK3            001A0-001EF              50           1
        BANK4            00220-0026F              50           1
        BANK5            002A0-002EF              50           1
        BANK6            00320-0036F              50           1
        BANK7            003A0-003EF              50           1
        BANK8            00420-0046F              50           1
        BANK9            004A0-004EF              50           1
        BIGRAM           02000-023EF             3F0           1
        CODE             00004-0005D              5A           2
                         00E62-01FFF             800
        CONST            00004-0005D              5A           2
                         00E62-01FFF             100
        EEDATA           0F000-0F0FF             100           2
        ENTRY            00004-0005D              5A           2
                         00E62-01FFF             100
        IDLOC            08000-08003               4           2
        RAM              00060-0006F              10           1
                         000A0-000EF              50
                         00120-0016F              50
                         001A0-001EF              50
                         00220-0026F              50
                         002A0-002EF              50
                         00320-0036F              50
                         003A0-003EF              50
                         00420-0046F              50
                         004A0-004EF              50
                         00520-0056F              50
                         005A0-005EF              50
                         00620-0064F              30
        SFR0             00000-0001F              20           1
        SFR1             00080-0009F              20           1
        SFR10            00500-0051F              20           1
        SFR11            00580-0059F              20           1
        SFR12            00600-0061F              20           1
        SFR13            00680-006EF              70           1
        SFR14            00700-0076F              70           1
        SFR15            00780-007EF              70           1
        SFR16            00800-0086F              70           1
        SFR17            00880-008EF              70           1
        SFR18            00900-0096F              70           1
        SFR19            00980-009EF              70           1
        SFR2             00100-0011F              20           1
        SFR20            00A00-00A6F              70           1
        SFR21            00A80-00AEF              70           1
        SFR22            00B00-00B6F              70           1
        SFR23            00B80-00BEF              70           1
        SFR24            00C00-00C6F              70           1
        SFR25            00C80-00CEF              70           1
        SFR26            00D00-00D6F              70           1
        SFR27            00D80-00DEF              70           1
        SFR28            00E00-00E6F              70           1
        SFR29            00E80-00EEF              70           1
        SFR3             00180-0019F              20           1
        SFR30            00F00-00F6F              70           1
        SFR31            00F80-00FEF              70           1
        SFR4             00200-0021F              20           1
        SFR5             00280-0029F              20           1
        SFR6             00300-0031F              20           1
        SFR7             00380-0039F              20           1
        SFR8             00400-0041F              20           1
        SFR9             00480-0049F              20           1
        STACK            02040-023EF             3B0           1
        STRCODE          00004-0005D              5A           2
                         00E62-01FFF            119E
        STRING           00004-0005D              5A           2
                         00E62-01FFF             100

                                  Symbol Table

?___lmul                          cstackCOMMON 00070
?___wmul                          cstackCOMMON 00070
SPI1_ExchangeByte@data            cstackCOMMON 00070
SPI1_Open@spi1UniqueConfiguration cstackCOMMON 00073
_ANSELA                           (abs)        00F38
_ANSELB                           (abs)        00F43
_ANSELC                           (abs)        00F4E
_ANSELD                           (abs)        00F59
_ANSELE                           (abs)        00F64
_INLVLA                           (abs)        00F3C
_INLVLB                           (abs)        00F47
_INLVLC                           (abs)        00F52
_INLVLD                           (abs)        00F5D
_INLVLE                           (abs)        00F68
_LATA                             (abs)        00016
_LATAbits                         (abs)        00016
_LATB                             (abs)        00017
_LATC                             (abs)        00018
_LATCbits                         (abs)        00018
_LATD                             (abs)        00019
_LATE                             (abs)        0001A
_ODCONA                           (abs)        00F3A
_ODCONB                           (abs)        00F45
_ODCONC                           (abs)        00F50
_ODCOND                           (abs)        00F5B
_ODCONE                           (abs)        00F66
_OSCCON1                          (abs)        0088D
_OSCCON3                          (abs)        0088F
_OSCEN                            (abs)        00891
_OSCFRQ                           (abs)        00893
_OSCILLATOR_Initialize            text25       00073
_OSCTUNE                          (abs)        00892
_PIN_MANAGER_Initialize           text24       001D3
_PIR3bits                         (abs)        0070F
_PMD0                             (abs)        00796
_PMD1                             (abs)        00797
_PMD2                             (abs)        00798
_PMD3                             (abs)        00799
_PMD4                             (abs)        0079A
_PMD5                             (abs)        0079B
_PMD_Initialize                   text23       0006B
_PORTAbits                        (abs)        0000C
_RC3PPS                           (abs)        00F23
_RC6PPS                           (abs)        00F26
_SLRCONA                          (abs)        00F3B
_SLRCONB                          (abs)        00F46
_SLRCONC                          (abs)        00F51
_SLRCOND                          (abs)        00F5C
_SLRCONE                          (abs)        00F67
_SPI1_ExchangeByte                text18       000A7
_SPI1_Initialize                  text22       000B4
_SPI1_Open                        text26       002AC
_SSP1ADD                          (abs)        0018D
_SSP1BUF                          (abs)        0018C
_SSP1CLKPPS                       (abs)        00EC5
_SSP1CON1                         (abs)        00190
_SSP1CON1bits                     (abs)        00190
_SSP1CON2                         (abs)        00191
_SSP1DATPPS                       (abs)        00EC6
_SSP1STAT                         (abs)        0018F
_SYSTEM_Initialize                text21       0009A
_TRISA                            (abs)        00011
_TRISB                            (abs)        00012
_TRISC                            (abs)        00013
_TRISCbits                        (abs)        00013
_TRISD                            (abs)        00014
_TRISE                            (abs)        00015
_WPUA                             (abs)        00F39
_WPUB                             (abs)        00F44
_WPUC                             (abs)        00F4F
_WPUD                             (abs)        00F5A
_WPUE                             (abs)        00F65
__Habs1                           abs1         00000
__Hbank0                          bank0        00000
__Hbank1                          bank1        00000
__Hbank10                         bank10       00000
__Hbank11                         bank11       00000
__Hbank12                         bank12       00000
__Hbank13                         bank13       00000
__Hbank14                         bank14       00000
__Hbank15                         bank15       00000
__Hbank16                         bank16       00000
__Hbank17                         bank17       00000
__Hbank18                         bank18       00000
__Hbank19                         bank19       00000
__Hbank2                          bank2        00000
__Hbank20                         bank20       00000
__Hbank21                         bank21       00000
__Hbank22                         bank22       00000
__Hbank23                         bank23       00000
__Hbank24                         bank24       00000
__Hbank25                         bank25       00000
__Hbank26                         bank26       00000
__Hbank27                         bank27       00000
__Hbank28                         bank28       00000
__Hbank29                         bank29       00000
__Hbank3                          bank3        00000
__Hbank30                         bank30       00000
__Hbank31                         bank31       00000
__Hbank4                          bank4        00000
__Hbank5                          bank5        00000
__Hbank6                          bank6        00000
__Hbank7                          bank7        00000
__Hbank8                          bank8        00000
__Hbank9                          bank9        00000
__Hbigram                         bigram       00000
__HbssBANK0                       bssBANK0     00000
__Hcinit                          cinit        00800
__Hclrtext                        clrtext      00000
__Hcode                           code         00000
__Hcommon                         common       00000
__Hconfig                         config       0800C
__HcstackBANK0                    cstackBANK0  00000
__HcstackCOMMON                   cstackCOMMON 00000
__HdataBANK0                      dataBANK0    00000
__Heeprom_data                    eeprom_data  00000
__Hend_init                       end_init     00004
__Hfunctab                        functab      00000
__HidataBANK0                     idataBANK0   00000
__Hinit                           init         00002
__Hintentry                       intentry     00002
__Hmaintext                       maintext     00000
__Hpowerup                        powerup      00000
__Hram                            ram          00000
__Hreset_vec                      reset_vec    00002
__Hsfr0                           sfr0         00000
__Hsfr1                           sfr1         00000
__Hsfr10                          sfr10        00000
__Hsfr11                          sfr11        00000
__Hsfr12                          sfr12        00000
__Hsfr13                          sfr13        00000
__Hsfr14                          sfr14        00000
__Hsfr15                          sfr15        00000
__Hsfr16                          sfr16        00000
__Hsfr17                          sfr17        00000
__Hsfr18                          sfr18        00000
__Hsfr19                          sfr19        00000
__Hsfr2                           sfr2         00000
__Hsfr20                          sfr20        00000
__Hsfr21                          sfr21        00000
__Hsfr22                          sfr22        00000
__Hsfr23                          sfr23        00000
__Hsfr24                          sfr24        00000
__Hsfr25                          sfr25        00000
__Hsfr26                          sfr26        00000
__Hsfr27                          sfr27        00000
__Hsfr28                          sfr28        00000
__Hsfr29                          sfr29        00000
__Hsfr3                           sfr3         00000
__Hsfr30                          sfr30        00000
__Hsfr31                          sfr31        00000
__Hsfr4                           sfr4         00000
__Hsfr5                           sfr5         00000
__Hsfr6                           sfr6         00000
__Hsfr7                           sfr7         00000
__Hsfr8                           sfr8         00000
__Hsfr9                           sfr9         00000
__Hspace_0                        (abs)        00E62
__Hspace_1                        (abs)        0007E
__Hspace_2                        (abs)        00000
__Hspace_3                        (abs)        00000
__Hspace_4                        (abs)        10013
__Hstack                          stack        00000
__Hstrings                        strings      00000
__Hstringtext1                    stringtext1  00000
__Hstringtext10                   stringtext10 00000
__Hstringtext11                   stringtext11 00000
__Hstringtext12                   stringtext12 00000
__Hstringtext13                   stringtext13 00000
__Hstringtext14                   stringtext14 00000
__Hstringtext15                   stringtext15 00000
__Hstringtext2                    stringtext2  00000
__Hstringtext3                    stringtext3  00000
__Hstringtext4                    stringtext4  00000
__Hstringtext5                    stringtext5  00000
__Hstringtext6                    stringtext6  00000
__Hstringtext7                    stringtext7  00000
__Hstringtext8                    stringtext8  00000
__Hstringtext9                    stringtext9  00000
__Htext                           text         00000
__Labs1                           abs1         00000
__Lbank0                          bank0        00000
__Lbank1                          bank1        00000
__Lbank10                         bank10       00000
__Lbank11                         bank11       00000
__Lbank12                         bank12       00000
__Lbank13                         bank13       00000
__Lbank14                         bank14       00000
__Lbank15                         bank15       00000
__Lbank16                         bank16       00000
__Lbank17                         bank17       00000
__Lbank18                         bank18       00000
__Lbank19                         bank19       00000
__Lbank2                          bank2        00000
__Lbank20                         bank20       00000
__Lbank21                         bank21       00000
__Lbank22                         bank22       00000
__Lbank23                         bank23       00000
__Lbank24                         bank24       00000
__Lbank25                         bank25       00000
__Lbank26                         bank26       00000
__Lbank27                         bank27       00000
__Lbank28                         bank28       00000
__Lbank29                         bank29       00000
__Lbank3                          bank3        00000
__Lbank30                         bank30       00000
__Lbank31                         bank31       00000
__Lbank4                          bank4        00000
__Lbank5                          bank5        00000
__Lbank6                          bank6        00000
__Lbank7                          bank7        00000
__Lbank8                          bank8        00000
__Lbank9                          bank9        00000
__Lbigram                         bigram       00000
__LbssBANK0                       bssBANK0     00000
__Lcinit                          cinit        007E4
__Lclrtext                        clrtext      00000
__Lcode                           code         00000
__Lcommon                         common       00000
__Lconfig                         config       00000
__LcstackBANK0                    cstackBANK0  00000
__LcstackCOMMON                   cstackCOMMON 00000
__LdataBANK0                      dataBANK0    00000
__Leeprom_data                    eeprom_data  00000
__Lend_init                       end_init     00002
__Lfunctab                        functab      00000
__LidataBANK0                     idataBANK0   00000
__Linit                           init         00002
__Lintentry                       intentry     00002
__Lmaintext                       maintext     00000
__Lpowerup                        powerup      00000
__Lram                            ram          00000
__Lreset_vec                      reset_vec    00000
__Lsfr0                           sfr0         00000
__Lsfr1                           sfr1         00000
__Lsfr10                          sfr10        00000
__Lsfr11                          sfr11        00000
__Lsfr12                          sfr12        00000
__Lsfr13                          sfr13        00000
__Lsfr14                          sfr14        00000
__Lsfr15                          sfr15        00000
__Lsfr16                          sfr16        00000
__Lsfr17                          sfr17        00000
__Lsfr18                          sfr18        00000
__Lsfr19                          sfr19        00000
__Lsfr2                           sfr2         00000
__Lsfr20                          sfr20        00000
__Lsfr21                          sfr21        00000
__Lsfr22                          sfr22        00000
__Lsfr23                          sfr23        00000
__Lsfr24                          sfr24        00000
__Lsfr25                          sfr25        00000
__Lsfr26                          sfr26        00000
__Lsfr27                          sfr27        00000
__Lsfr28                          sfr28        00000
__Lsfr29                          sfr29        00000
__Lsfr3                           sfr3         00000
__Lsfr30                          sfr30        00000
__Lsfr31                          sfr31        00000
__Lsfr4                           sfr4         00000
__Lsfr5                           sfr5         00000
__Lsfr6                           sfr6         00000
__Lsfr7                           sfr7         00000
__Lsfr8                           sfr8         00000
__Lsfr9                           sfr9         00000
__Lspace_0                        (abs)        00000
__Lspace_1                        (abs)        00000
__Lspace_2                        (abs)        00000
__Lspace_3                        (abs)        00000
__Lspace_4                        (abs)        00000
__Lstack                          stack        00000
__Lstrings                        strings      00000
__Lstringtext1                    stringtext1  00000
__Lstringtext10                   stringtext10 00000
__Lstringtext11                   stringtext11 00000
__Lstringtext12                   stringtext12 00000
__Lstringtext13                   stringtext13 00000
__Lstringtext14                   stringtext14 00000
__Lstringtext15                   stringtext15 00000
__Lstringtext2                    stringtext2  00000
__Lstringtext3                    stringtext3  00000
__Lstringtext4                    stringtext4  00000
__Lstringtext5                    stringtext5  00000
__Lstringtext6                    stringtext6  00000
__Lstringtext7                    stringtext7  00000
__Lstringtext8                    stringtext8  00000
__Lstringtext9                    stringtext9  00000
__Ltext                           text         00000
__S0                              (abs)        00E62
__S1                              (abs)        0007E
__S2                              (abs)        00000
__S3                              (abs)        00000
___int_sp                         stack        00000
___latbits                        (abs)        00002
___lmul                           text15       00166
___lmul@multiplicand              cstackCOMMON 00074
___lmul@multiplier                cstackCOMMON 00070
___lmul@product                   cstackCOMMON 00078
___sp                             stack        00000
___stackhi                        (abs)        023EF
___stacklo                        (abs)        02040
___wmul                           text10       000F8
___wmul@multiplicand              cstackCOMMON 00072
___wmul@multiplier                cstackCOMMON 00070
___wmul@product                   cstackCOMMON 00074
__end_of_OSCILLATOR_Initialize    text25       0007C
__end_of_PIN_MANAGER_Initialize   text24       0021A
__end_of_PMD_Initialize           text23       00073
__end_of_SPI1_ExchangeByte        text18       000B4
__end_of_SPI1_Initialize          text22       000C9
__end_of_SPI1_Open                text26       002FB
__end_of_SYSTEM_Initialize        text21       000A7
__end_of___lmul                   text15       00199
__end_of___wmul                   text10       00117
__end_of__initialization          cinit        007FD
__end_of_disp_texto               text6        00166
__end_of_display_print            text7        007E4
__end_of_display_setCursor        text5        00090
__end_of_display_setTextColor2    text4        0009A
__end_of_display_setTextSize      text3        000F8
__end_of_drawPixel                text9        001D3
__end_of_drawVLine                text8        003CC
__end_of_endWrite                 text20       00065
__end_of_fillRect                 text13       005C6
__end_of_fillScreen               text12       000E0
__end_of_font                     stringtext1  00D00
__end_of_initcmd                  stringtext3  00D6F
__end_of_main                     maintext     00262
__end_of_setAddrWindow            text14       002AC
__end_of_setRotation              text16       0035C
__end_of_spi1_configuration       stringtext2  00E62
__end_of_startWrite               text19       00061
__end_of_testFillScreen           text11       0013E
__end_of_testText                 text2        00506
__end_of_tft_begin                text1        00459
__end_of_writeCommand             text17       00086
__height                          bssBANK0     00055
__initialization                  cinit        007E4
__pbssBANK0                       bssBANK0     00051
__pcstackBANK0                    cstackBANK0  00020
__pcstackCOMMON                   cstackCOMMON 00070
__pdataBANK0                      dataBANK0    0005A
__pidataBANK0                     idataBANK0   00065
__pmaintext                       maintext     0021A
__pstringtext1                    stringtext1  00800
__pstringtext10                   stringtext10 00E20
__pstringtext11                   stringtext11 00E32
__pstringtext12                   stringtext12 00E41
__pstringtext13                   stringtext13 00E4C
__pstringtext14                   stringtext14 00E56
__pstringtext15                   stringtext15 00000
__pstringtext2                    stringtext2  00E5E
__pstringtext3                    stringtext3  00D00
__pstringtext4                    stringtext4  00D8D
__pstringtext5                    stringtext5  00DAA
__pstringtext6                    stringtext6  00DC7
__pstringtext7                    stringtext7  00DE3
__pstringtext8                    stringtext8  00DF9
__pstringtext9                    stringtext9  00E0E
__ptext1                          text1        003CC
__ptext10                         text10       000F8
__ptext11                         text11       00117
__ptext12                         text12       000C9
__ptext13                         text13       00506
__ptext14                         text14       00262
__ptext15                         text15       00166
__ptext16                         text16       002FB
__ptext17                         text17       0007C
__ptext18                         text18       000A7
__ptext19                         text19       0005E
__ptext2                          text2        00459
__ptext20                         text20       00061
__ptext21                         text21       0009A
__ptext22                         text22       000B4
__ptext23                         text23       0006B
__ptext24                         text24       001D3
__ptext25                         text25       00073
__ptext26                         text26       002AC
__ptext3                          text3        000E0
__ptext4                          text4        00090
__ptext5                          text5        00086
__ptext6                          text6        0013E
__ptext7                          text7        005C6
__ptext8                          text8        0035C
__ptext9                          text9        00199
__size_of_OSCILLATOR_Initialize   (abs)        00000
__size_of_PIN_MANAGER_Initialize  (abs)        00000
__size_of_PMD_Initialize          (abs)        00000
__size_of_SPI1_ExchangeByte       (abs)        00000
__size_of_SPI1_Initialize         (abs)        00000
__size_of_SPI1_Open               (abs)        00000
__size_of_SYSTEM_Initialize       (abs)        00000
__size_of___lmul                  (abs)        00000
__size_of___wmul                  (abs)        00000
__size_of_disp_texto              (abs)        00000
__size_of_display_print           (abs)        00000
__size_of_display_setCursor       (abs)        00000
__size_of_display_setTextColor2   (abs)        00000
__size_of_display_setTextSize     (abs)        00000
__size_of_drawPixel               (abs)        00000
__size_of_drawVLine               (abs)        00000
__size_of_endWrite                (abs)        00000
__size_of_fillRect                (abs)        00000
__size_of_fillScreen              (abs)        00000
__size_of_main                    (abs)        00000
__size_of_setAddrWindow           (abs)        00000
__size_of_setRotation             (abs)        00000
__size_of_startWrite              (abs)        00000
__size_of_testFillScreen          (abs)        00000
__size_of_testText                (abs)        00000
__size_of_tft_begin               (abs)        00000
__size_of_writeCommand            (abs)        00000
__width                           bssBANK0     00057
_cursor_x                         bssBANK0     00053
_cursor_y                         bssBANK0     00051
_disp_texto                       text6        0013E
_display_print                    text7        005C6
_display_setCursor                text5        00086
_display_setTextColor2            text4        00090
_display_setTextSize              text3        000E0
_display_setTextSize$254          cstackCOMMON 00072
_drawPixel                        text9        00199
_drawVLine                        text8        0035C
_endWrite                         text20       00061
_fillRect                         text13       00506
_fillScreen                       text12       000C9
_font                             stringtext1  00800
_initcmd                          stringtext3  00D00
_main                             maintext     0021A
_rotation                         bssBANK0     00059
_setAddrWindow                    text14       00262
_setRotation                      text16       002FB
_spi1_configuration               stringtext2  00E5E
_startWrite                       text19       0005E
_testFillScreen                   text11       00117
_testText                         text2        00459
_textbgcolor                      dataBANK0    0005A
_textcolor                        dataBANK0    0005C
_textsize                         dataBANK0    0005F
_tft_begin                        text1        003CC
_wrap                             dataBANK0    0005E
_writeCommand                     text17       0007C
btemp                             (abs)        0007E
disp_texto@cadena                 cstackBANK0  00048
disp_texto@i                      cstackBANK0  0004D
display_print@c                   cstackBANK0  00045
display_print@i                   cstackBANK0  00047
display_print@j                   cstackBANK0  00046
display_print@line                cstackBANK0  00044
display_setCursor@x               cstackCOMMON 00070
display_setCursor@y               cstackCOMMON 00072
display_setTextColor2@c           cstackCOMMON 00070
display_setTextSize@s             cstackCOMMON 00074
drawPixel@color                   cstackBANK0  00028
drawPixel@x                       cstackBANK0  00024
drawPixel@y                       cstackBANK0  00026
drawVLine@color                   cstackBANK0  0002A
drawVLine@h                       cstackBANK0  00028
drawVLine@hi                      cstackCOMMON 0007C
drawVLine@lo                      cstackCOMMON 0007D
drawVLine@x                       cstackBANK0  00024
drawVLine@y                       cstackBANK0  00026
end_of_initialization             cinit        007FD
fillRect@color                    cstackBANK0  0002C
fillRect@h                        cstackBANK0  0002A
fillRect@hi                       cstackBANK0  00036
fillRect@lo                       cstackBANK0  00037
fillRect@px                       cstackBANK0  00032
fillRect@w                        cstackBANK0  00028
fillRect@x                        cstackBANK0  00024
fillRect@y                        cstackBANK0  00026
fillScreen@color                  cstackBANK0  00038
intlevel0                         functab      00000
intlevel1                         functab      00000
intlevel2                         functab      00000
intlevel3                         functab      00000
intlevel4                         functab      00000
intlevel5                         functab      00000
main@i                            cstackBANK0  00050
reset_vec                         reset_vec    00000
setAddrWindow@h                   cstackCOMMON 00078
setAddrWindow@w                   cstackCOMMON 00076
setAddrWindow@x1                  cstackCOMMON 00072
setAddrWindow@x2                  cstackBANK0  00020
setAddrWindow@y1                  cstackCOMMON 00074
setAddrWindow@y2                  cstackBANK0  00022
setRotation@m                     cstackCOMMON 00074
start                             init         00002
start_initialization              cinit        007E4
tft_begin@addr                    cstackCOMMON 00077
tft_begin@cmd                     cstackCOMMON 00076
tft_begin@numArgs                 cstackCOMMON 00074
tft_begin@x                       cstackCOMMON 00075
writeCommand@cmd                  cstackCOMMON 00071
wtemp0                            (abs)        0007E


FUNCTION INFORMATION:

 *************** function _main *****************
 Defined at:
		line 37 in file "main.c"
 Parameters:    Size  Location     Type
		None
 Auto vars:     Size  Location     Type
  i               1   48[BANK0 ] unsigned char 
 Return value:  Size  Location     Type
                  1    wreg      void 
 Registers used:
		wreg, fsr0l, fsr0h, status,2, status,0, pclath, cstack
 Tracked objects:
		On entry : 
		On exit  : 
		Unchanged: 
 Data sizes:     COMMON   BANK0   BANK1   BANK2   BANK3   BANK4   BANK5   BANK6   BANK7   BANK8   BANK9  BANK10  BANK11  BANK12
      Params:         0       0       0       0       0       0       0       0       0       0       0       0       0       0
      Locals:         0       1       0       0       0       0       0       0       0       0       0       0       0       0
      Temps:          0       2       0       0       0       0       0       0       0       0       0       0       0       0
      Totals:         0       3       0       0       0       0       0       0       0       0       0       0       0       0
Total ram usage:        3 bytes
 Hardware stack levels required when called:    7
 This function calls:
		_SPI1_Open
		_SYSTEM_Initialize
		_fillScreen
		_setRotation
		_testFillScreen
		_testText
		_tft_begin
 This function is called by:
		Startup code after reset
 This function uses a non-reentrant model


 *************** function _tft_begin *****************
 Defined at:
		line 93 in file "ILI9341.c"
 Parameters:    Size  Location     Type
		None
 Auto vars:     Size  Location     Type
  addr            2    7[COMMON] PTR const unsigned char 
		 -> initcmd(111), 
  cmd             1    6[COMMON] unsigned char 
  x               1    5[COMMON] unsigned char 
  numArgs         1    4[COMMON] unsigned char 
 Return value:  Size  Location     Type
                  1    wreg      void 
 Registers used:
		wreg, fsr0l, fsr0h, status,2, status,0, pclath, cstack
 Tracked objects:
		On entry : 
		On exit  : 
		Unchanged: 
 Data sizes:     COMMON   BANK0   BANK1   BANK2   BANK3   BANK4   BANK5   BANK6   BANK7   BANK8   BANK9  BANK10  BANK11  BANK12
      Params:         0       0       0       0       0       0       0       0       0       0       0       0       0       0
      Locals:         5       0       0       0       0       0       0       0       0       0       0       0       0       0
      Temps:          2       0       0       0       0       0       0       0       0       0       0       0       0       0
      Totals:         7       0       0       0       0       0       0       0       0       0       0       0       0       0
Total ram usage:        7 bytes
 Hardware stack levels used:    1
 Hardware stack levels required when called:    2
 This function calls:
		_SPI1_ExchangeByte
		_endWrite
		_startWrite
		_writeCommand
 This function is called by:
		_main
 This function uses a non-reentrant model


 *************** function _testText *****************
 Defined at:
		line 74 in file "main.c"
 Parameters:    Size  Location     Type
		None
 Auto vars:     Size  Location     Type
		None
 Return value:  Size  Location     Type
                  1    wreg      void 
 Registers used:
		wreg, fsr0l, fsr0h, status,2, status,0, pclath, cstack
 Tracked objects:
		On entry : 
		On exit  : 
		Unchanged: 
 Data sizes:     COMMON   BANK0   BANK1   BANK2   BANK3   BANK4   BANK5   BANK6   BANK7   BANK8   BANK9  BANK10  BANK11  BANK12
      Params:         0       0       0       0       0       0       0       0       0       0       0       0       0       0
      Locals:         0       0       0       0       0       0       0       0       0       0       0       0       0       0
      Temps:          0       0       0       0       0       0       0       0       0       0       0       0       0       0
      Totals:         0       0       0       0       0       0       0       0       0       0       0       0       0       0
Total ram usage:        0 bytes
 Hardware stack levels used:    1
 Hardware stack levels required when called:    6
 This function calls:
		_disp_texto
		_display_setCursor
		_display_setTextColor2
		_display_setTextSize
		_fillScreen
 This function is called by:
		_main
 This function uses a non-reentrant model


 *************** function _display_setTextSize *****************
 Defined at:
		line 624 in file "GFX_Library.c"
 Parameters:    Size  Location     Type
  s               1    wreg     unsigned char 
 Auto vars:     Size  Location     Type
  s               1    4[COMMON] unsigned char 
 Return value:  Size  Location     Type
                  1    wreg      void 
 Registers used:
		wreg, status,2, status,0
 Tracked objects:
		On entry : 
		On exit  : 
		Unchanged: 
 Data sizes:     COMMON   BANK0   BANK1   BANK2   BANK3   BANK4   BANK5   BANK6   BANK7   BANK8   BANK9  BANK10  BANK11  BANK12
      Params:         0       0       0       0       0       0       0       0       0       0       0       0       0       0
      Locals:         3       0       0       0       0       0       0       0       0       0       0       0       0       0
      Temps:          2       0       0       0       0       0       0       0       0       0       0       0       0       0
      Totals:         5       0       0       0       0       0       0       0       0       0       0       0       0       0
Total ram usage:        5 bytes
 Hardware stack levels used:    1
 This function calls:
		Nothing
 This function is called by:
		_testText
		_display_drawChar
		_display_drawCustomChar
 This function uses a non-reentrant model


 *************** function _display_setTextColor2 *****************
 Defined at:
		line 646 in file "GFX_Library.c"
 Parameters:    Size  Location     Type
  c               2    0[COMMON] unsigned short 
 Auto vars:     Size  Location     Type
		None
 Return value:  Size  Location     Type
                  1    wreg      void 
 Registers used:
		wreg
 Tracked objects:
		On entry : 
		On exit  : 
		Unchanged: 
 Data sizes:     COMMON   BANK0   BANK1   BANK2   BANK3   BANK4   BANK5   BANK6   BANK7   BANK8   BANK9  BANK10  BANK11  BANK12
      Params:         2       0       0       0       0       0       0       0       0       0       0       0       0       0
      Locals:         0       0       0       0       0       0       0       0       0       0       0       0       0       0
      Temps:          0       0       0       0       0       0       0       0       0       0       0       0       0       0
      Totals:         2       0       0       0       0       0       0       0       0       0       0       0       0       0
Total ram usage:        2 bytes
 Hardware stack levels used:    1
 This function calls:
		Nothing
 This function is called by:
		_testText
 This function uses a non-reentrant model


 *************** function _display_setCursor *****************
 Defined at:
		line 593 in file "GFX_Library.c"
 Parameters:    Size  Location     Type
  x               2    0[COMMON] unsigned short 
  y               2    2[COMMON] unsigned short 
 Auto vars:     Size  Location     Type
		None
 Return value:  Size  Location     Type
                  1    wreg      void 
 Registers used:
		wreg
 Tracked objects:
		On entry : 
		On exit  : 
		Unchanged: 
 Data sizes:     COMMON   BANK0   BANK1   BANK2   BANK3   BANK4   BANK5   BANK6   BANK7   BANK8   BANK9  BANK10  BANK11  BANK12
      Params:         4       0       0       0       0       0       0       0       0       0       0       0       0       0
      Locals:         0       0       0       0       0       0       0       0       0       0       0       0       0       0
      Temps:          0       0       0       0       0       0       0       0       0       0       0       0       0       0
      Totals:         4       0       0       0       0       0       0       0       0       0       0       0       0       0
Total ram usage:        4 bytes
 Hardware stack levels used:    1
 This function calls:
		Nothing
 This function is called by:
		_testText
		_display_drawChar
		_display_drawCustomChar
 This function uses a non-reentrant model


 *************** function _disp_texto *****************
 Defined at:
		line 59 in file "main.c"
 Parameters:    Size  Location     Type
  cadena          2   40[BANK0 ] PTR unsigned char 
		 -> STR_13(18), STR_12(28), STR_11(21), STR_10(22), 
		 -> STR_9(30), STR_8(29), STR_7(29), STR_6(18), 
		 -> STR_5(8), STR_4(3), STR_3(11), STR_2(10), 
		 -> STR_1(15), 
 Auto vars:     Size  Location     Type
  i               1   45[BANK0 ] unsigned char 
 Return value:  Size  Location     Type
                  1    wreg      void 
 Registers used:
		wreg, fsr0l, fsr0h, status,2, status,0, pclath, cstack
 Tracked objects:
		On entry : 
		On exit  : 
		Unchanged: 
 Data sizes:     COMMON   BANK0   BANK1   BANK2   BANK3   BANK4   BANK5   BANK6   BANK7   BANK8   BANK9  BANK10  BANK11  BANK12
      Params:         0       2       0       0       0       0       0       0       0       0       0       0       0       0
      Locals:         0       1       0       0       0       0       0       0       0       0       0       0       0       0
      Temps:          0       3       0       0       0       0       0       0       0       0       0       0       0       0
      Totals:         0       6       0       0       0       0       0       0       0       0       0       0       0       0
Total ram usage:        6 bytes
 Hardware stack levels used:    1
 Hardware stack levels required when called:    5
 This function calls:
		_display_print
 This function is called by:
		_testText
 This function uses a non-reentrant model


 *************** function _display_print *****************
 Defined at:
		line 460 in file "GFX_Library.c"
 Parameters:    Size  Location     Type
  c               1    wreg     unsigned char 
 Auto vars:     Size  Location     Type
  c               1   37[BANK0 ] unsigned char 
  j               1   38[BANK0 ] unsigned char 
  line            1   36[BANK0 ] unsigned char 
  i               1   39[BANK0 ] unsigned char 
 Return value:  Size  Location     Type
                  1    wreg      void 
 Registers used:
		wreg, fsr0l, fsr0h, status,2, status,0, pclath, cstack
 Tracked objects:
		On entry : 
		On exit  : 
		Unchanged: 
 Data sizes:     COMMON   BANK0   BANK1   BANK2   BANK3   BANK4   BANK5   BANK6   BANK7   BANK8   BANK9  BANK10  BANK11  BANK12
      Params:         0       0       0       0       0       0       0       0       0       0       0       0       0       0
      Locals:         0       4       0       0       0       0       0       0       0       0       0       0       0       0
      Temps:          0      12       0       0       0       0       0       0       0       0       0       0       0       0
      Totals:         0      16       0       0       0       0       0       0       0       0       0       0       0       0
Total ram usage:       16 bytes
 Hardware stack levels used:    1
 Hardware stack levels required when called:    4
 This function calls:
		___wmul
		_drawPixel
		_drawVLine
		_fillRect
 This function is called by:
		_disp_texto
		_display_drawChar
 This function uses a non-reentrant model


 *************** function _drawVLine *****************
 Defined at:
		line 249 in file "ILI9341.c"
 Parameters:    Size  Location     Type
  x               2    4[BANK0 ] unsigned short 
  y               2    6[BANK0 ] unsigned short 
  h               2    8[BANK0 ] unsigned short 
  color           2   10[BANK0 ] unsigned short 
 Auto vars:     Size  Location     Type
  lo              1   13[COMMON] unsigned char 
  hi              1   12[COMMON] unsigned char 
 Return value:  Size  Location     Type
                  1    wreg      void 
 Registers used:
		wreg, status,2, status,0, pclath, cstack
 Tracked objects:
		On entry : 
		On exit  : 
		Unchanged: 
 Data sizes:     COMMON   BANK0   BANK1   BANK2   BANK3   BANK4   BANK5   BANK6   BANK7   BANK8   BANK9  BANK10  BANK11  BANK12
      Params:         0       8       0       0       0       0       0       0       0       0       0       0       0       0
      Locals:         2       0       0       0       0       0       0       0       0       0       0       0       0       0
      Temps:          0       4       0       0       0       0       0       0       0       0       0       0       0       0
      Totals:         2      12       0       0       0       0       0       0       0       0       0       0       0       0
Total ram usage:       14 bytes
 Hardware stack levels used:    1
 Hardware stack levels required when called:    3
 This function calls:
		_SPI1_ExchangeByte
		_endWrite
		_setAddrWindow
		_startWrite
 This function is called by:
		_display_print
		_display_drawLine
		_display_fillCircle
		_display_fillCircleHelper
		_display_drawRect
		_display_drawRoundRect
		_display_customChar
		_testFastLines
 This function uses a non-reentrant model


 *************** function _drawPixel *****************
 Defined at:
		line 205 in file "ILI9341.c"
 Parameters:    Size  Location     Type
  x               2    4[BANK0 ] unsigned short 
  y               2    6[BANK0 ] unsigned short 
  color           2    8[BANK0 ] unsigned short 
 Auto vars:     Size  Location     Type
		None
 Return value:  Size  Location     Type
                  1    wreg      void 
 Registers used:
		wreg, status,2, status,0, pclath, cstack
 Tracked objects:
		On entry : 
		On exit  : 
		Unchanged: 
 Data sizes:     COMMON   BANK0   BANK1   BANK2   BANK3   BANK4   BANK5   BANK6   BANK7   BANK8   BANK9  BANK10  BANK11  BANK12
      Params:         0       6       0       0       0       0       0       0       0       0       0       0       0       0
      Locals:         0       0       0       0       0       0       0       0       0       0       0       0       0       0
      Temps:          0       0       0       0       0       0       0       0       0       0       0       0       0       0
      Totals:         0       6       0       0       0       0       0       0       0       0       0       0       0       0
Total ram usage:        6 bytes
 Hardware stack levels used:    1
 Hardware stack levels required when called:    3
 This function calls:
		_SPI1_ExchangeByte
		_endWrite
		_setAddrWindow
		_startWrite
 This function is called by:
		_display_print
		_writeLine
		_display_drawCircle
		_display_drawCircleHelper
		_display_customChar
		_display_drawBitmapV1
		_display_drawBitmapV1_bg
		_display_drawBitmapV2
		_display_drawBitmapV2_bg
 This function uses a non-reentrant model


 *************** function ___wmul *****************
 Defined at:
		line 15 in file "C:\Program Files\Microchip\xc8\v2.31\pic\sources\c99\common\Umul16.c"
 Parameters:    Size  Location     Type
  multiplier      2    0[COMMON] unsigned int 
  multiplicand    2    2[COMMON] unsigned int 
 Auto vars:     Size  Location     Type
  product         2    4[COMMON] unsigned int 
 Return value:  Size  Location     Type
                  2    0[COMMON] unsigned int 
 Registers used:
		wreg, status,2, status,0
 Tracked objects:
		On entry : 
		On exit  : 
		Unchanged: 
 Data sizes:     COMMON   BANK0   BANK1   BANK2   BANK3   BANK4   BANK5   BANK6   BANK7   BANK8   BANK9  BANK10  BANK11  BANK12
      Params:         4       0       0       0       0       0       0       0       0       0       0       0       0       0
      Locals:         2       0       0       0       0       0       0       0       0       0       0       0       0       0
      Temps:          0       0       0       0       0       0       0       0       0       0       0       0       0       0
      Totals:         6       0       0       0       0       0       0       0       0       0       0       0       0       0
Total ram usage:        6 bytes
 Hardware stack levels used:    1
 This function calls:
		Nothing
 This function is called by:
		_display_print
		_display_fillTriangle
		_display_customChar
 This function uses a non-reentrant model


 *************** function _testFillScreen *****************
 Defined at:
		line 66 in file "main.c"
 Parameters:    Size  Location     Type
		None
 Auto vars:     Size  Location     Type
		None
 Return value:  Size  Location     Type
                  1    wreg      void 
 Registers used:
		wreg, status,2, status,0, pclath, cstack
 Tracked objects:
		On entry : 
		On exit  : 
		Unchanged: 
 Data sizes:     COMMON   BANK0   BANK1   BANK2   BANK3   BANK4   BANK5   BANK6   BANK7   BANK8   BANK9  BANK10  BANK11  BANK12
      Params:         0       0       0       0       0       0       0       0       0       0       0       0       0       0
      Locals:         0       0       0       0       0       0       0       0       0       0       0       0       0       0
      Temps:          0       0       0       0       0       0       0       0       0       0       0       0       0       0
      Totals:         0       0       0       0       0       0       0       0       0       0       0       0       0       0
Total ram usage:        0 bytes
 Hardware stack levels used:    1
 Hardware stack levels required when called:    5
 This function calls:
		_fillScreen
 This function is called by:
		_main
 This function uses a non-reentrant model


 *************** function _fillScreen *****************
 Defined at:
		line 300 in file "ILI9341.c"
 Parameters:    Size  Location     Type
  color           2   24[BANK0 ] unsigned short 
 Auto vars:     Size  Location     Type
		None
 Return value:  Size  Location     Type
                  1    wreg      void 
 Registers used:
		wreg, status,2, status,0, pclath, cstack
 Tracked objects:
		On entry : 
		On exit  : 
		Unchanged: 
 Data sizes:     COMMON   BANK0   BANK1   BANK2   BANK3   BANK4   BANK5   BANK6   BANK7   BANK8   BANK9  BANK10  BANK11  BANK12
      Params:         0       2       0       0       0       0       0       0       0       0       0       0       0       0
      Locals:         0       0       0       0       0       0       0       0       0       0       0       0       0       0
      Temps:          0       0       0       0       0       0       0       0       0       0       0       0       0       0
      Totals:         0       2       0       0       0       0       0       0       0       0       0       0       0       0
Total ram usage:        2 bytes
 Hardware stack levels used:    1
 Hardware stack levels required when called:    4
 This function calls:
		_fillRect
 This function is called by:
		_main
		_testFillScreen
		_testText
		_testLines
		_testFastLines
		_testRects
		_testFilledRects
		_testFilledCircles
		_testTriangles
		_testFilledTriangles
		_testRoundRects
		_testFilledRoundRects
 This function uses a non-reentrant model


 *************** function _fillRect *****************
 Defined at:
		line 274 in file "ILI9341.c"
 Parameters:    Size  Location     Type
  x               2    4[BANK0 ] unsigned short 
  y               2    6[BANK0 ] unsigned short 
  w               2    8[BANK0 ] unsigned short 
  h               2   10[BANK0 ] unsigned short 
  color           2   12[BANK0 ] unsigned short 
 Auto vars:     Size  Location     Type
  px              4   18[BANK0 ] unsigned long 
  lo              1   23[BANK0 ] unsigned char 
  hi              1   22[BANK0 ] unsigned char 
 Return value:  Size  Location     Type
                  1    wreg      void 
 Registers used:
		wreg, status,2, status,0, pclath, cstack
 Tracked objects:
		On entry : 
		On exit  : 
		Unchanged: 
 Data sizes:     COMMON   BANK0   BANK1   BANK2   BANK3   BANK4   BANK5   BANK6   BANK7   BANK8   BANK9  BANK10  BANK11  BANK12
      Params:         0      10       0       0       0       0       0       0       0       0       0       0       0       0
      Locals:         0       6       0       0       0       0       0       0       0       0       0       0       0       0
      Temps:          0       4       0       0       0       0       0       0       0       0       0       0       0       0
      Totals:         0      20       0       0       0       0       0       0       0       0       0       0       0       0
Total ram usage:       20 bytes
 Hardware stack levels used:    1
 Hardware stack levels required when called:    3
 This function calls:
		_SPI1_ExchangeByte
		___lmul
		_endWrite
		_setAddrWindow
		_startWrite
 This function is called by:
		_display_print
		_fillScreen
		_display_fillRoundRect
		_display_customChar
		_testFilledRects
 This function uses a non-reentrant model


 *************** function _setAddrWindow *****************
 Defined at:
		line 152 in file "ILI9341.c"
 Parameters:    Size  Location     Type
  x1              2    2[COMMON] unsigned short 
  y1              2    4[COMMON] unsigned short 
  w               2    6[COMMON] unsigned short 
  h               2    8[COMMON] unsigned short 
 Auto vars:     Size  Location     Type
  y2              2    2[BANK0 ] unsigned short 
  x2              2    0[BANK0 ] unsigned short 
 Return value:  Size  Location     Type
                  1    wreg      void 
 Registers used:
		wreg, status,2, status,0, pclath, cstack
 Tracked objects:
		On entry : 
		On exit  : 
		Unchanged: 
 Data sizes:     COMMON   BANK0   BANK1   BANK2   BANK3   BANK4   BANK5   BANK6   BANK7   BANK8   BANK9  BANK10  BANK11  BANK12
      Params:         8       0       0       0       0       0       0       0       0       0       0       0       0       0
      Locals:         0       4       0       0       0       0       0       0       0       0       0       0       0       0
      Temps:          2       0       0       0       0       0       0       0       0       0       0       0       0       0
      Totals:        10       4       0       0       0       0       0       0       0       0       0       0       0       0
Total ram usage:       14 bytes
 Hardware stack levels used:    1
 Hardware stack levels required when called:    2
 This function calls:
		_SPI1_ExchangeByte
		_writeCommand
 This function is called by:
		_drawPixel
		_drawVLine
		_fillRect
		_drawHLine
 This function uses a non-reentrant model


 *************** function ___lmul *****************
 Defined at:
		line 15 in file "C:\Program Files\Microchip\xc8\v2.31\pic\sources\c99\common\Umul32.c"
 Parameters:    Size  Location     Type
  multiplier      4    0[COMMON] unsigned long 
  multiplicand    4    4[COMMON] unsigned long 
 Auto vars:     Size  Location     Type
  product         4    8[COMMON] unsigned long 
 Return value:  Size  Location     Type
                  4    0[COMMON] unsigned long 
 Registers used:
		wreg, status,2, status,0
 Tracked objects:
		On entry : 
		On exit  : 
		Unchanged: 
 Data sizes:     COMMON   BANK0   BANK1   BANK2   BANK3   BANK4   BANK5   BANK6   BANK7   BANK8   BANK9  BANK10  BANK11  BANK12
      Params:         8       0       0       0       0       0       0       0       0       0       0       0       0       0
      Locals:         4       0       0       0       0       0       0       0       0       0       0       0       0       0
      Temps:          0       0       0       0       0       0       0       0       0       0       0       0       0       0
      Totals:        12       0       0       0       0       0       0       0       0       0       0       0       0       0
Total ram usage:       12 bytes
 Hardware stack levels used:    1
 This function calls:
		Nothing
 This function is called by:
		_fillRect
 This function uses a non-reentrant model


 *************** function _setRotation *****************
 Defined at:
		line 174 in file "ILI9341.c"
 Parameters:    Size  Location     Type
  m               1    wreg     unsigned char 
 Auto vars:     Size  Location     Type
  m               1    4[COMMON] unsigned char 
 Return value:  Size  Location     Type
                  1    wreg      void 
 Registers used:
		wreg, fsr0l, fsr0h, status,2, status,0, pclath, cstack
 Tracked objects:
		On entry : 
		On exit  : 
		Unchanged: 
 Data sizes:     COMMON   BANK0   BANK1   BANK2   BANK3   BANK4   BANK5   BANK6   BANK7   BANK8   BANK9  BANK10  BANK11  BANK12
      Params:         0       0       0       0       0       0       0       0       0       0       0       0       0       0
      Locals:         1       0       0       0       0       0       0       0       0       0       0       0       0       0
      Temps:          2       0       0       0       0       0       0       0       0       0       0       0       0       0
      Totals:         3       0       0       0       0       0       0       0       0       0       0       0       0       0
Total ram usage:        3 bytes
 Hardware stack levels used:    1
 Hardware stack levels required when called:    2
 This function calls:
		_SPI1_ExchangeByte
		_endWrite
		_startWrite
		_writeCommand
 This function is called by:
		_main
 This function uses a non-reentrant model


 *************** function _writeCommand *****************
 Defined at:
		line 80 in file "ILI9341.c"
 Parameters:    Size  Location     Type
  cmd             1    wreg     unsigned char 
 Auto vars:     Size  Location     Type
  cmd             1    1[COMMON] unsigned char 
 Return value:  Size  Location     Type
                  1    wreg      void 
 Registers used:
		wreg, status,2, status,0, pclath, cstack
 Tracked objects:
		On entry : 
		On exit  : 
		Unchanged: 
 Data sizes:     COMMON   BANK0   BANK1   BANK2   BANK3   BANK4   BANK5   BANK6   BANK7   BANK8   BANK9  BANK10  BANK11  BANK12
      Params:         0       0       0       0       0       0       0       0       0       0       0       0       0       0
      Locals:         1       0       0       0       0       0       0       0       0       0       0       0       0       0
      Temps:          0       0       0       0       0       0       0       0       0       0       0       0       0       0
      Totals:         1       0       0       0       0       0       0       0       0       0       0       0       0       0
Total ram usage:        1 bytes
 Hardware stack levels used:    1
 Hardware stack levels required when called:    1
 This function calls:
		_SPI1_ExchangeByte
 This function is called by:
		_tft_begin
		_setAddrWindow
		_setRotation
 This function uses a non-reentrant model


 *************** function _SPI1_ExchangeByte *****************
 Defined at:
		line 97 in file "mcc_generated_files/spi1.c"
 Parameters:    Size  Location     Type
  data            1    wreg     unsigned char 
 Auto vars:     Size  Location     Type
  data            1    0[COMMON] unsigned char 
 Return value:  Size  Location     Type
                  1    wreg      unsigned char 
 Registers used:
		wreg
 Tracked objects:
		On entry : 
		On exit  : 
		Unchanged: 
 Data sizes:     COMMON   BANK0   BANK1   BANK2   BANK3   BANK4   BANK5   BANK6   BANK7   BANK8   BANK9  BANK10  BANK11  BANK12
      Params:         0       0       0       0       0       0       0       0       0       0       0       0       0       0
      Locals:         1       0       0       0       0       0       0       0       0       0       0       0       0       0
      Temps:          0       0       0       0       0       0       0       0       0       0       0       0       0       0
      Totals:         1       0       0       0       0       0       0       0       0       0       0       0       0       0
Total ram usage:        1 bytes
 Hardware stack levels used:    1
 This function calls:
		Nothing
 This function is called by:
		_writeCommand
		_tft_begin
		_setAddrWindow
		_setRotation
		_drawPixel
		_drawVLine
		_fillRect
		_drawHLine
		_SPI1_WriteBlock
		_SPI1_ReadBlock
 This function uses a non-reentrant model


 *************** function _startWrite *****************
 Defined at:
		line 53 in file "ILI9341.c"
 Parameters:    Size  Location     Type
		None
 Auto vars:     Size  Location     Type
		None
 Return value:  Size  Location     Type
                  1    wreg      void 
 Registers used:
		None
 Tracked objects:
		On entry : 
		On exit  : 
		Unchanged: 
 Data sizes:     COMMON   BANK0   BANK1   BANK2   BANK3   BANK4   BANK5   BANK6   BANK7   BANK8   BANK9  BANK10  BANK11  BANK12
      Params:         0       0       0       0       0       0       0       0       0       0       0       0       0       0
      Locals:         0       0       0       0       0       0       0       0       0       0       0       0       0       0
      Temps:          0       0       0       0       0       0       0       0       0       0       0       0       0       0
      Totals:         0       0       0       0       0       0       0       0       0       0       0       0       0       0
Total ram usage:        0 bytes
 Hardware stack levels used:    1
 This function calls:
		Nothing
 This function is called by:
		_tft_begin
		_setRotation
		_drawPixel
		_drawVLine
		_fillRect
		_drawHLine
 This function uses a non-reentrant model


 *************** function _endWrite *****************
 Defined at:
		line 65 in file "ILI9341.c"
 Parameters:    Size  Location     Type
		None
 Auto vars:     Size  Location     Type
		None
 Return value:  Size  Location     Type
                  1    wreg      void 
 Registers used:
		None
 Tracked objects:
		On entry : 
		On exit  : 
		Unchanged: 
 Data sizes:     COMMON   BANK0   BANK1   BANK2   BANK3   BANK4   BANK5   BANK6   BANK7   BANK8   BANK9  BANK10  BANK11  BANK12
      Params:         0       0       0       0       0       0       0       0       0       0       0       0       0       0
      Locals:         0       0       0       0       0       0       0       0       0       0       0       0       0       0
      Temps:          0       0       0       0       0       0       0       0       0       0       0       0       0       0
      Totals:         0       0       0       0       0       0       0       0       0       0       0       0       0       0
Total ram usage:        0 bytes
 Hardware stack levels used:    1
 This function calls:
		Nothing
 This function is called by:
		_tft_begin
		_setRotation
		_drawPixel
		_drawVLine
		_fillRect
		_drawHLine
 This function uses a non-reentrant model


 *************** function _SYSTEM_Initialize *****************
 Defined at:
		line 50 in file "mcc_generated_files/mcc.c"
 Parameters:    Size  Location     Type
		None
 Auto vars:     Size  Location     Type
		None
 Return value:  Size  Location     Type
                  1    wreg      void 
 Registers used:
		wreg, status,2, status,0, pclath, cstack
 Tracked objects:
		On entry : 
		On exit  : 
		Unchanged: 
 Data sizes:     COMMON   BANK0   BANK1   BANK2   BANK3   BANK4   BANK5   BANK6   BANK7   BANK8   BANK9  BANK10  BANK11  BANK12
      Params:         0       0       0       0       0       0       0       0       0       0       0       0       0       0
      Locals:         0       0       0       0       0       0       0       0       0       0       0       0       0       0
      Temps:          0       0       0       0       0       0       0       0       0       0       0       0       0       0
      Totals:         0       0       0       0       0       0       0       0       0       0       0       0       0       0
Total ram usage:        0 bytes
 Hardware stack levels used:    1
 Hardware stack levels required when called:    1
 This function calls:
		_OSCILLATOR_Initialize
		_PIN_MANAGER_Initialize
		_PMD_Initialize
		_SPI1_Initialize
 This function is called by:
		_main
 This function uses a non-reentrant model


 *************** function _SPI1_Initialize *****************
 Defined at:
		line 62 in file "mcc_generated_files/spi1.c"
 Parameters:    Size  Location     Type
		None
 Auto vars:     Size  Location     Type
		None
 Return value:  Size  Location     Type
                  1    wreg      void 
 Registers used:
		wreg, status,2
 Tracked objects:
		On entry : 
		On exit  : 
		Unchanged: 
 Data sizes:     COMMON   BANK0   BANK1   BANK2   BANK3   BANK4   BANK5   BANK6   BANK7   BANK8   BANK9  BANK10  BANK11  BANK12
      Params:         0       0       0       0       0       0       0       0       0       0       0       0       0       0
      Locals:         0       0       0       0       0       0       0       0       0       0       0       0       0       0
      Temps:          0       0       0       0       0       0       0       0       0       0       0       0       0       0
      Totals:         0       0       0       0       0       0       0       0       0       0       0       0       0       0
Total ram usage:        0 bytes
 Hardware stack levels used:    1
 This function calls:
		Nothing
 This function is called by:
		_SYSTEM_Initialize
 This function uses a non-reentrant model


 *************** function _PMD_Initialize *****************
 Defined at:
		line 72 in file "mcc_generated_files/mcc.c"
 Parameters:    Size  Location     Type
		None
 Auto vars:     Size  Location     Type
		None
 Return value:  Size  Location     Type
                  1    wreg      void 
 Registers used:
		status,2
 Tracked objects:
		On entry : 
		On exit  : 
		Unchanged: 
 Data sizes:     COMMON   BANK0   BANK1   BANK2   BANK3   BANK4   BANK5   BANK6   BANK7   BANK8   BANK9  BANK10  BANK11  BANK12
      Params:         0       0       0       0       0       0       0       0       0       0       0       0       0       0
      Locals:         0       0       0       0       0       0       0       0       0       0       0       0       0       0
      Temps:          0       0       0       0       0       0       0       0       0       0       0       0       0       0
      Totals:         0       0       0       0       0       0       0       0       0       0       0       0       0       0
Total ram usage:        0 bytes
 Hardware stack levels used:    1
 This function calls:
		Nothing
 This function is called by:
		_SYSTEM_Initialize
 This function uses a non-reentrant model


 *************** function _PIN_MANAGER_Initialize *****************
 Defined at:
		line 55 in file "mcc_generated_files/pin_manager.c"
 Parameters:    Size  Location     Type
		None
 Auto vars:     Size  Location     Type
		None
 Return value:  Size  Location     Type
                  1    wreg      void 
 Registers used:
		wreg, status,2
 Tracked objects:
		On entry : 
		On exit  : 
		Unchanged: 
 Data sizes:     COMMON   BANK0   BANK1   BANK2   BANK3   BANK4   BANK5   BANK6   BANK7   BANK8   BANK9  BANK10  BANK11  BANK12
      Params:         0       0       0       0       0       0       0       0       0       0       0       0       0       0
      Locals:         0       0       0       0       0       0       0       0       0       0       0       0       0       0
      Temps:          0       0       0       0       0       0       0       0       0       0       0       0       0       0
      Totals:         0       0       0       0       0       0       0       0       0       0       0       0       0       0
Total ram usage:        0 bytes
 Hardware stack levels used:    1
 This function calls:
		Nothing
 This function is called by:
		_SYSTEM_Initialize
 This function uses a non-reentrant model


 *************** function _OSCILLATOR_Initialize *****************
 Defined at:
		line 58 in file "mcc_generated_files/mcc.c"
 Parameters:    Size  Location     Type
		None
 Auto vars:     Size  Location     Type
		None
 Return value:  Size  Location     Type
                  1    wreg      void 
 Registers used:
		wreg, status,2
 Tracked objects:
		On entry : 
		On exit  : 
		Unchanged: 
 Data sizes:     COMMON   BANK0   BANK1   BANK2   BANK3   BANK4   BANK5   BANK6   BANK7   BANK8   BANK9  BANK10  BANK11  BANK12
      Params:         0       0       0       0       0       0       0       0       0       0       0       0       0       0
      Locals:         0       0       0       0       0       0       0       0       0       0       0       0       0       0
      Temps:          0       0       0       0       0       0       0       0       0       0       0       0       0       0
      Totals:         0       0       0       0       0       0       0       0       0       0       0       0       0       0
Total ram usage:        0 bytes
 Hardware stack levels used:    1
 This function calls:
		Nothing
 This function is called by:
		_SYSTEM_Initialize
 This function uses a non-reentrant model


 *************** function _SPI1_Open *****************
 Defined at:
		line 77 in file "mcc_generated_files/spi1.c"
 Parameters:    Size  Location     Type
  spi1UniqueCo    1    wreg     enum E355
 Auto vars:     Size  Location     Type
  spi1UniqueCo    1    3[COMMON] enum E355
 Return value:  Size  Location     Type
                  1    wreg      _Bool 
 Registers used:
		wreg, fsr0l, fsr0h, status,2, status,0, pclath
 Tracked objects:
		On entry : 
		On exit  : 
		Unchanged: 
 Data sizes:     COMMON   BANK0   BANK1   BANK2   BANK3   BANK4   BANK5   BANK6   BANK7   BANK8   BANK9  BANK10  BANK11  BANK12
      Params:         0       0       0       0       0       0       0       0       0       0       0       0       0       0
      Locals:         1       0       0       0       0       0       0       0       0       0       0       0       0       0
      Temps:          3       0       0       0       0       0       0       0       0       0       0       0       0       0
      Totals:         4       0       0       0       0       0       0       0       0       0       0       0       0       0
Total ram usage:        4 bytes
 Hardware stack levels used:    1
 This function calls:
		Nothing
 This function is called by:
		_main
 This function uses a non-reentrant model



MODULE INFORMATION

Module		Function		Class		Link	Load	Size
C:\Program Files\Microchip\xc8\v2.31\pic\sources\c99\common\Umul32.c
		___lmul        		CODE           	0166	0000	51

C:\Program Files\Microchip\xc8\v2.31\pic\sources\c99\common\Umul32.c estimated size: 51

GFX_Library.c
		_display_setTextSize		CODE           	00E0	0000	24
		_display_print 		CODE           	05C6	0000	542
		_display_setCursor		CODE           	0086	0000	10
		_display_setTextColor2		CODE           	0090	0000	10

GFX_Library.c estimated size: 586

mcc_generated_files/pin_manager.c
		_PIN_MANAGER_Initialize		CODE           	01D3	0000	71

mcc_generated_files/pin_manager.c estimated size: 71

mcc_generated_files/spi1.c
		_SPI1_Open     		CODE           	02AC	0000	79
		_SPI1_Initialize		CODE           	00B4	0000	21
		_SPI1_ExchangeByte		CODE           	00A7	0000	13

mcc_generated_files/spi1.c estimated size: 113

ILI9341.c
		_startWrite    		CODE           	005E	0000	3
		_fillScreen    		CODE           	00C9	0000	23
		_tft_begin     		CODE           	03CC	0000	141
		_writeCommand  		CODE           	007C	0000	10
		_drawVLine     		CODE           	035C	0000	112
		_setAddrWindow 		CODE           	0262	0000	74
		_setRotation   		CODE           	02FB	0000	97
		_fillRect      		CODE           	0506	0000	192
		_drawPixel     		CODE           	0199	0000	58
		_endWrite      		CODE           	0061	0000	4

ILI9341.c estimated size: 714

shared
		_font          		STRCODE        	0800	0000	1280
		_initcmd       		STRCODE        	0D00	0000	111
		__initialization		CODE           	07E4	0000	25
		_spi1_configuration		STRCODE        	0E5E	0000	4

shared estimated size: 1420

mcc_generated_files/mcc.c
		_PMD_Initialize		CODE           	006B	0000	8
		_OSCILLATOR_Initialize		CODE           	0073	0000	9
		_SYSTEM_Initialize		CODE           	009A	0000	13

mcc_generated_files/mcc.c estimated size: 30

C:\Program Files\Microchip\xc8\v2.31\pic\sources\c99\common\Umul16.c
		___wmul        		CODE           	00F8	0000	31

C:\Program Files\Microchip\xc8\v2.31\pic\sources\c99\common\Umul16.c estimated size: 31

main.c
		_testFillScreen		CODE           	0117	0000	39
		_testText      		CODE           	0459	0000	173
		_main          		CODE           	021A	0000	72
		_disp_texto    		CODE           	013E	0000	40

main.c estimated size: 324

